******************************************************************************
                  MSP430 Linker PC v4.1.1                      
******************************************************************************
>> Linked Thu Jun 26 10:49:09 2014

OUTPUT FILE NAME:   <eMD-6.0.out>
ENTRY POINT SYMBOL: "_c_int00"  address: 00004778


MEMORY CONFIGURATION

         name            origin    length      used     unused   attr    fill
----------------------  --------  ---------  --------  --------  ----  --------
  SFR                   00000000   00000010  00000000  00000010  RWIX
  PERIPHERALS_8BIT      00000010   000000f0  00000000  000000f0  RWIX
  PERIPHERALS_16BIT     00000100   00000100  00000000  00000100  RWIX
  INFOD                 00001800   00000080  00000000  00000080  RWIX
  INFOC                 00001880   00000080  00000000  00000080  RWIX
  INFOB                 00001900   00000080  00000000  00000080  RWIX
  INFOA                 00001980   00000080  00000000  00000080  RWIX
  RAM                   00002400   00002000  000018f4  0000070c  RWIX
  FLASH                 00004400   0000bb80  0000bb80  00000000  RWIX
  INT00                 0000ff80   00000002  00000000  00000002  RWIX
  INT01                 0000ff82   00000002  00000000  00000002  RWIX
  INT02                 0000ff84   00000002  00000000  00000002  RWIX
  INT03                 0000ff86   00000002  00000000  00000002  RWIX
  INT04                 0000ff88   00000002  00000000  00000002  RWIX
  INT05                 0000ff8a   00000002  00000000  00000002  RWIX
  INT06                 0000ff8c   00000002  00000000  00000002  RWIX
  INT07                 0000ff8e   00000002  00000000  00000002  RWIX
  INT08                 0000ff90   00000002  00000000  00000002  RWIX
  INT09                 0000ff92   00000002  00000000  00000002  RWIX
  INT10                 0000ff94   00000002  00000000  00000002  RWIX
  INT11                 0000ff96   00000002  00000000  00000002  RWIX
  INT12                 0000ff98   00000002  00000000  00000002  RWIX
  INT13                 0000ff9a   00000002  00000000  00000002  RWIX
  INT14                 0000ff9c   00000002  00000000  00000002  RWIX
  INT15                 0000ff9e   00000002  00000000  00000002  RWIX
  INT16                 0000ffa0   00000002  00000000  00000002  RWIX
  INT17                 0000ffa2   00000002  00000000  00000002  RWIX
  INT18                 0000ffa4   00000002  00000000  00000002  RWIX
  INT19                 0000ffa6   00000002  00000000  00000002  RWIX
  INT20                 0000ffa8   00000002  00000000  00000002  RWIX
  INT21                 0000ffaa   00000002  00000000  00000002  RWIX
  INT22                 0000ffac   00000002  00000000  00000002  RWIX
  INT23                 0000ffae   00000002  00000000  00000002  RWIX
  INT24                 0000ffb0   00000002  00000000  00000002  RWIX
  INT25                 0000ffb2   00000002  00000000  00000002  RWIX
  INT26                 0000ffb4   00000002  00000000  00000002  RWIX
  INT27                 0000ffb6   00000002  00000000  00000002  RWIX
  INT28                 0000ffb8   00000002  00000000  00000002  RWIX
  INT29                 0000ffba   00000002  00000000  00000002  RWIX
  INT30                 0000ffbc   00000002  00000000  00000002  RWIX
  INT31                 0000ffbe   00000002  00000000  00000002  RWIX
  INT32                 0000ffc0   00000002  00000000  00000002  RWIX
  INT33                 0000ffc2   00000002  00000000  00000002  RWIX
  INT34                 0000ffc4   00000002  00000000  00000002  RWIX
  INT35                 0000ffc6   00000002  00000000  00000002  RWIX
  INT36                 0000ffc8   00000002  00000000  00000002  RWIX
  INT37                 0000ffca   00000002  00000000  00000002  RWIX
  INT38                 0000ffcc   00000002  00000000  00000002  RWIX
  INT39                 0000ffce   00000002  00000000  00000002  RWIX
  INT40                 0000ffd0   00000002  00000000  00000002  RWIX
  INT41                 0000ffd2   00000002  00000000  00000002  RWIX
  INT42                 0000ffd4   00000002  00000002  00000000  RWIX
  INT43                 0000ffd6   00000002  00000000  00000002  RWIX
  INT44                 0000ffd8   00000002  00000000  00000002  RWIX
  INT45                 0000ffda   00000002  00000000  00000002  RWIX
  INT46                 0000ffdc   00000002  00000000  00000002  RWIX
  INT47                 0000ffde   00000002  00000002  00000000  RWIX
  INT48                 0000ffe0   00000002  00000000  00000002  RWIX
  INT49                 0000ffe2   00000002  00000000  00000002  RWIX
  INT50                 0000ffe4   00000002  00000000  00000002  RWIX
  INT51                 0000ffe6   00000002  00000002  00000000  RWIX
  INT52                 0000ffe8   00000002  00000000  00000002  RWIX
  INT53                 0000ffea   00000002  00000000  00000002  RWIX
  INT54                 0000ffec   00000002  00000000  00000002  RWIX
  INT55                 0000ffee   00000002  00000002  00000000  RWIX
  INT56                 0000fff0   00000002  00000000  00000002  RWIX
  INT57                 0000fff2   00000002  00000000  00000002  RWIX
  INT58                 0000fff4   00000002  00000000  00000002  RWIX
  INT59                 0000fff6   00000002  00000002  00000000  RWIX
  INT60                 0000fff8   00000002  00000000  00000002  RWIX
  INT61                 0000fffa   00000002  00000002  00000000  RWIX
  INT62                 0000fffc   00000002  00000000  00000002  RWIX
  RESET                 0000fffe   00000002  00000002  00000000  RWIX
  FLASH2                00010000   00014400  0000a544  00009ebc  RWIX


SECTION ALLOCATION MAP

 output                                  attributes/
section   page    origin      length       input sections
--------  ----  ----------  ----------   ----------------
.pinit     0    00004400    00000000     UNINITIALIZED

.bss       0    00002400    000014f4     UNINITIALIZED
                  00002400    00000394     libmplmpu.lib : accel_auto_cal.obj (.bss)
                  00002794    0000028c                   : compass_vec_cal.obj (.bss)
                  00002a20    00000258                   : fast_no_motion.obj (.bss)
                  00002c78    0000024e     data_builder.obj (.bss)
                  00002ec6    000001b6     libmplmpu.lib : gyro_tc.obj (.bss)
                  0000307c    0000016c     storage_manager.obj (.bss)
                  000031e8    0000012c     libmplmpu.lib : fusion_9axis.obj (.bss)
                  00003314    000000cc     hal_outputs.obj (.bss)
                  000033e0    000000b0     rts430x_lc_rd.lib : signal.obj (.bss)
                  00003490    0000009c     libmplmpu.lib : mag_disturb.obj (.bss)
                  0000352c    0000007a     results_holder.obj (.bss)
                  000035a6    00000078     rts430x_lc_rd.lib : xvalues.obj (.bss)
                  0000361e    0000006a     libmplmpu.lib : quaternion_supervisor.obj (.bss)
                  00003688    00000068     rts430x_lc_rd.lib : xfvalues.obj (.bss)
                  000036f0    00000052     msp430_interrupt.obj (.bss)
                  00003742    00000052     start_manager.obj (.bss)
                  00003794    00000048     usb.obj (.bss)
                  000037dc    00000036     inv_mpu.obj (.bss)
                  00003812    00000036     mllite_test.obj (.bss)
                  00003848    0000002e     UsbCdc.obj (.bss)
                  00003876    0000001e     eMPL_outputs.obj (.bss)
                  00003894    0000001e     msp430_clock.obj (.bss)
                  000038b2    00000010     inv_mpu_dmp_motion_driver.obj (.bss)
                  000038c2    0000000c     msp430_i2c.obj (.bss)
                  000038ce    00000008     dma.obj (.bss)
                  000038d6    00000008     rts430x_lc_rd.lib : _lock.obj (.bss)
                  000038de    00000008                       : boot.obj (.bss)
                  000038e6    00000008                       : feraiseexcept.obj (.bss)
                  000038ee    00000004     message_layer.obj (.bss)
                  000038f2    00000002     rts430x_lc_rd.lib : errno.obj (.bss)

.stack     0    00004000    00000400     UNINITIALIZED
                  00004000    00000004     rts430x_lc_rd.lib : boot.obj (.stack)
                  00004004    000003fc     --HOLE--

.text:_isr 
*          0    00004400    000003a2     
                  00004400    00000138     UsbIsr.obj (.text:_isr:iUsbInterruptHandler)
                  00004538    000000cc     msp430_i2c.obj (.text:_isr:I2C_ISR)
                  00004604    0000007a     msp430_interrupt.obj (.text:_isr:P1_ISR)
                  0000467e    0000007a     msp430_interrupt.obj (.text:_isr:P2_ISR)
                  000046f8    00000042     msp430_clock.obj (.text:_isr:TIMERB0_ISR)
                  0000473a    0000003e     msp430_interrupt.obj (.text:_isr:UNMI_ISR)
                  00004778    0000002a     rts430x_lc_rd.lib : boot.obj (.text:_isr:_c_int00_noexit)

.cinit     0    000047a2    000001d8     
                  000047a2    0000005a     rts430x_lc_rd.lib : xvalues.obj (.cinit)
                  000047fc    00000050                       : xfvalues.obj (.cinit)
                  0000484c    00000031     mllite_test.obj (.cinit)
                  0000487d    00000001     --HOLE-- [fill = 0]
                  0000487e    00000028     libmplmpu.lib : compass_vec_cal.obj (.cinit)
                  000048a6    00000024     msp430_clock.obj (.cinit)
                  000048ca    0000001a     hal_outputs.obj (.cinit)
                  000048e4    0000001a     inv_mpu.obj (.cinit)
                  000048fe    00000017     usb.obj (.cinit)
                  00004915    00000001     --HOLE-- [fill = 0]
                  00004916    00000015     inv_mpu_dmp_motion_driver.obj (.cinit)
                  0000492b    00000001     --HOLE-- [fill = 0]
                  0000492c    00000014     rts430x_lc_rd.lib : feraiseexcept.obj (.cinit)
                  00004940    00000011     msp430_i2c.obj (.cinit)
                  00004951    00000001     --HOLE-- [fill = 0]
                  00004952    0000000a     libmplmpu.lib : mag_disturb.obj (.cinit)
                  0000495c    0000000a     msp430_interrupt.obj (.cinit)
                  00004966    0000000a     rts430x_lc_rd.lib : signal.obj (.cinit)
                  00004970    00000008                       : errno.obj (.cinit)
                  00004978    00000002     --HOLE-- [fill = 0]

.text.1    0    0000497a    0000b606     
                  0000497a    00000a04     libmplmpu.lib : compass_vec_cal.obj (.text:inv_compute_bias)
                  0000537e    00000858                   : compass_vec_cal.obj (.text:inv_center_sum)
                  00005bd6    00000820     inv_mpu.obj (.text:get_st_6500_biases)
                  000063f6    000007b6     mllite_test.obj (.text:handle_input)
                  00006bac    0000076a     libmplmpu.lib : compass_vec_cal.obj (.text:inv_process_compass_only_cal)
                  00007316    00000618     mllite_test.obj (.text:main)
                  0000792e    000005fc     libmplmpu.lib : fusion_9axis.obj (.text:inv_perform_9x_fusion)
                  00007f2a    00000532     inv_mpu.obj (.text:accel_6500_self_test)
                  0000845c    000004c8     inv_mpu.obj (.text:gyro_6500_self_test)
                  00008924    0000045a     libmplmpu.lib : quaternion_supervisor.obj (.text:inv_generate_accel_gyro_quaternion)
                  00008d7e    00000448                   : compass_vec_cal.obj (.text:inv_set_terms)
                  000091c6    00000446                   : gyro_tc.obj (.text:inv_gtc_compute_slope)
                  0000960c    0000042c     UsbCdc.obj (.text:USBCDC_receiveData)
                  00009a38    0000042c     libmplmpu.lib : mag_disturb.obj (.text:inv_check_magnetic_disturbance)
                  00009e64    0000038e     rts430x_lc_rd.lib : llmath.obj (.text:__divull)
                  0000a1f2    0000038c     eMPL_outputs.obj (.text:inv_get_sensor_type_euler)
                  0000a57e    00000372     libmplmpu.lib : quaternion_supervisor.obj (.text:accel_fusion)
                  0000a8f0    0000033c                   : fast_no_motion.obj (.text:inv_fast_nomot_parameter)
                  0000ac2c    00000336                   : quaternion_supervisor.obj (.text:inv_process_dmp_quaternion)
                  0000af62    00000320                   : fast_no_motion.obj (.text:inv_generate_fast_nomot)
                  0000b282    000002e0     inv_mpu_dmp_motion_driver.obj (.text:dmp_read_fifo)
                  0000b562    000002a2     UsbCdc.obj (.text:CdcToHostFromBuffer)
                  0000b804    0000027c     libmplmpu.lib : accel_auto_cal.obj (.text:inv_check_sample_balance)
                  0000ba80    00000274                   : compass_vec_cal.obj (.text:inv_check_peaks)
                  0000bcf4    00000270     mllite_test.obj (.text:read_from_mpl)
                  0000bf64    0000026c     rts430x_lc_rd.lib : xlog.obj (.text:_Log)
                  0000c1d0    0000025c     libmplmpu.lib : fusion_9axis.obj (.text:inv_filter_correction_angle)
                  0000c42c    0000025c     inv_mpu.obj (.text:mpu_lp_motion_interrupt)
                  0000c688    0000025a     libmplmpu.lib : quaternion_supervisor.obj (.text:inv_compute_quat_from_accel)
                  0000c8e2    00000258     inv_mpu.obj (.text:setup_compass)
                  0000cb3a    00000252     log_msp430.obj (.text:eMPL_send_data)
                  0000cd8c    00000248     inv_mpu.obj (.text:mpu_read_fifo)
                  0000cfd4    00000236     rts430x_lc_rd.lib : xfsin.obj (.text:_FSin)
                  0000d20a    00000228     UsbCdc.obj (.text:CdcToBufferFromHost)
                  0000d432    00000228     rts430x_lc_rd.lib : _printfi.obj (.text:_setfield)
                  0000d65a    00000226     inv_mpu_dmp_motion_driver.obj (.text:dmp_enable_feature)
                  0000d880    0000021c     ml_math_func.obj (.text:inv_q_multf)
                  0000da9c    00000210     inv_mpu.obj (.text:mpu_run_6500_self_test)
                  0000dcac    0000020e     rts430x_lc_rd.lib : _printfi.obj (.text:_printfi)
                  0000deba    000001fc     libmplmpu.lib : quaternion_supervisor.obj (.text:inv_generate_gyro_quaternion)
                  0000e0b6    000001fc     ml_math_func.obj (.text:inv_quaternion_to_rotation)
                  0000e2b2    000001de     ml_math_func.obj (.text:inv_q_normalizef)
                  0000e490    000001d4     inv_mpu.obj (.text:mpu_reset_fifo)
                  0000e664    000001c6     libmplmpu.lib : compass_vec_cal.obj (.text:inv_combine_compass_data)
                  0000e82a    000001ba                   : compass_vec_cal.obj (.text:inv_check_sim)
                  0000e9e4    000001b4                   : mag_disturb.obj (.text:ComputeAngleVelocity)
                  0000eb98    000001b2                   : fast_no_motion.obj (.text:inv_fast_nomot_set_gyro_bias)
                  0000ed4a    000001b0                   : compass_vec_cal.obj (.text:inv_ignore_compass_data)
                  0000eefa    000001ac                   : quaternion_supervisor.obj (.text:inv_normalize_quat)
                  0000f0a6    000001a6     rts430x_lc_rd.lib : fmodf.obj (.text:fmodf)
                  0000f24c    000001a4     ml_math_func.obj (.text:inv_q_mult)
                  0000f3f0    000001a2     usb.obj (.text:USB_reset)
                  0000f592    000001a2     rts430x_lc_rd.lib : _printfi.obj (.text:_pproc_fge)
                  0000f734    0000019e     inv_mpu_dmp_motion_driver.obj (.text:dmp_set_tap_thresh)
                  0000f8d2    0000019a     inv_mpu_dmp_motion_driver.obj (.text:dmp_set_orientation)
                  0000fa6c    00000188     rts430x_lc_rd.lib : _printfi.obj (.text:_getarg_diouxp)
                  0000fbf4    0000017c                       : _printfi.obj (.text:ecvt)
                  0000fd70    00000176     libmplmpu.lib : compass_vec_cal.obj (.text:inv_bias_stability)
                  0000fee6    0000009a     HAL_PMM.obj (.text:SetVCoreDown)

.int42     0    0000ffd4    00000002     
                  0000ffd4    00000002     msp430_interrupt.obj (.int42)

.int47     0    0000ffde    00000002     
                  0000ffde    00000002     msp430_interrupt.obj (.int47)

.int51     0    0000ffe6    00000002     
                  0000ffe6    00000002     UsbIsr.obj (.int51)

.int55     0    0000ffee    00000002     
                  0000ffee    00000002     msp430_i2c.obj (.int55)

.int59     0    0000fff6    00000002     
                  0000fff6    00000002     msp430_clock.obj (.int59)

.int61     0    0000fffa    00000002     
                  0000fffa    00000002     msp430_interrupt.obj (.int61)

.reset     0    0000fffe    00000002     
                  0000fffe    00000002     rts430x_lc_rd.lib : boot.obj (.reset)

.text.2    0    00010000    00008740     
                  00010000    0000016e     libmplmpu.lib : fast_no_motion.obj (.text:inv_fast_nomot_store_data)
                  0001016e    0000016c     rts430x_lc_rd.lib : _printfi.obj (.text:fcvt)
                  000102da    00000160     inv_mpu.obj (.text:mpu_init)
                  0001043a    00000156     rts430x_lc_rd.lib : _printfi.obj (.text:_pconv_e)
                  00010590    00000154     inv_mpu.obj (.text:mpu_set_sensors)
                  000106e4    00000148     ml_math_func.obj (.text:inv_compass_angle)
                  0001082c    00000142     rts430x_lc_rd.lib : xfatan.obj (.text:_FAtan)
                  0001096e    00000140                       : llmath.obj (.text:__divlli)
                  00010aae    0000013e     inv_mpu.obj (.text:compass_self_test)
                  00010bec    0000013c     inv_mpu.obj (.text:mpu_set_bypass)
                  00010d28    00000130     rts430x_lc_rd.lib : fs_add.obj (.text)
                  00010e58    00000128                       : xdscale.obj (.text:_Dscale)
                  00010f80    00000120     eMPL_outputs.obj (.text:inv_generate_eMPL_outputs)
                  000110a0    0000011e     rts430x_lc_rd.lib : _printfi.obj (.text:_pproc_diouxp)
                  000111be    0000011e                       : sqrt.obj (.text:sqrt)
                  000112dc    0000011e                       : sqrtf.obj (.text:sqrtf)
                  000113fa    0000011c                       : xfdscale.obj (.text:_FDscale)
                  00011516    0000011a     ml_math_func.obj (.text:inv_q_norm4)
                  00011630    00000116     inv_mpu.obj (.text:mpu_lp_accel_mode)
                  00011746    00000108     rts430x_lc_rd.lib : atan2f.obj (.text:atan2f)
                  0001184e    00000108     eMPL_outputs.obj (.text:inv_get_sensor_type_heading)
                  00011956    00000104     rts430x_lc_rd.lib : _printfi.obj (.text:_pconv_g)
                  00011a5a    00000102                       : _printfi.obj (.text:_ltostr)
                  00011b5c    00000100                       : _printfi.obj (.text:_pproc_fwp)
                  00011c5c    000000fe     libmplmpu.lib : gyro_tc.obj (.text:inv_gtc_data_cb)
                  00011d5a    000000fa     log_msp430.obj (.text:eMPL_send_quat)
                  00011e54    000000f8     UsbCdc.obj (.text:CopyUsbToBuff)
                  00011f4c    000000f6     libmplmpu.lib : accel_auto_cal.obj (.text:inv_sort_order_4_T)
                  00012042    000000f0     rts430x_lc_rd.lib : acosf.obj (.text:acosf)
                  00012132    000000f0     libmplmpu.lib : fusion_9axis.obj (.text:inv_find_synchronized_compass_angle)
                  00012222    000000ec     usb.obj (.text:USB_InitSerialStringDescriptor)
                  0001230e    000000ea     storage_manager.obj (.text:inv_load_mpl_states)
                  000123f8    000000e8     libmplmpu.lib : fusion_9axis.obj (.text:inv_process_9x_sensor_fusion_cb)
                  000124e0    000000e4     HAL_UCS.obj (.text:Init_FLL)
                  000125c4    000000e4     libmplmpu.lib : fast_no_motion.obj (.text:inv_detect_motion_by_gyro_accel)
                  000126a8    000000e2     rts430x_lc_rd.lib : fltllid.obj (.text:_fltllid)
                  0001278a    000000e0     log_msp430.obj (.text:_MLPrintLog)
                  0001286a    000000e0     libmplmpu.lib : gyro_tc.obj (.text:inv_gtc_add_data)
                  0001294a    000000de     data_builder.obj (.text:inv_apply_calibration)
                  00012a28    000000dc     msp430_interrupt.obj (.text:msp430_reg_int_cb)
                  00012b04    000000d6     inv_mpu.obj (.text:mpu_get_compass_reg)
                  00012bda    000000d4     HAL_PMM.obj (.text:SetVCoreUp)
                  00012cae    000000d0     libmplmpu.lib : fast_no_motion.obj (.text:inv_sensor_data_preprocess)
                  00012d7e    000000d0     mllite_test.obj (.text:send_status_compass)
                  00012e4e    000000ce     inv_mpu.obj (.text:mpu_load_firmware)
                  00012f1c    000000ca     mpl.obj (.text:inv_init_mpl)
                  00012fe6    000000c8     data_builder.obj (.text:inv_register_data_cb)
                  000130ae    000000c6     inv_mpu.obj (.text:mpu_read_fifo_stream)
                  00013174    000000c2     UsbCdc.obj (.text:USBCDC_intfStatus)
                  00013236    000000be     hal_outputs.obj (.text:inv_get_sensor_type_linear_acceleration)
                  000132f4    000000bc     libmplmpu.lib : fast_no_motion.obj (.text:inv_init_maxmin)
                  000133b0    000000bc     storage_manager.obj (.text:inv_save_mpl_states)
                  0001346c    000000b6     rts430x_lc_rd.lib : fs_mpy.obj (.text)
                  00013522    000000b4     UsbCdc.obj (.text:USBCDC_bytesInUSBBuffer)
                  000135d6    000000b4     ml_math_func.obj (.text:inv_convert_to_body_with_scale)
                  0001368a    000000b2     libmplmpu.lib : compass_vec_cal.obj (.text:inv_init_sensitivity_const)
                  0001373c    000000b2                   : mag_disturb.obj (.text:inv_track_dip_angle)
                  000137ee    000000b0     results_holder.obj (.text:inv_get_gravity)
                  0001389e    000000b0     inv_mpu.obj (.text:mpu_set_sample_rate)
                  0001394e    000000ac     inv_mpu.obj (.text:mpu_get_temperature)
                  000139fa    000000aa     data_builder.obj (.text:inv_set_contiguous)
                  00013aa4    000000aa     mllite_test.obj (.text:tap_cb)
                  00013b4e    000000a8     rts430x_lc_rd.lib : _printfi.obj (.text:_pproc_str)
                  00013bf6    000000a8     libmplmpu.lib : compass_vec_cal.obj (.text:inv_add_compass_block_data)
                  00013c9e    000000a8     msp430_clock.obj (.text:msp430_clock_init)
                  00013d46    000000a8     msp430_i2c.obj (.text:msp430_i2c_read)
                  00013dee    000000a8     msp430_i2c.obj (.text:msp430_i2c_write)
                  00013e96    0000009e     libmplmpu.lib : compass_vec_cal.obj (.text:inv_cheap_rand)
                  00013f34    0000009c     data_builder.obj (.text:inv_build_compass)
                  00013fd0    0000009c     libmplmpu.lib : compass_vec_cal.obj (.text:inv_get_current_calibrated_compass)
                  0001406c    0000009c                   : compass_vec_cal.obj (.text:inv_set_peaks)
                  00014108    00000098                   : mag_disturb.obj (.text:MagDisturbSetDisturbance)
                  000141a0    00000096     usb.obj (.text:USB_connectionState)
                  00014236    00000092     rts430x_lc_rd.lib : xdnorm.obj (.text:_Dnorm)
                  000142c8    0000008e                       : fs_div.obj (.text)
                  00014356    0000008e     usb.obj (.text:usbDecodeAndProcessUsbRequest)
                  000143e4    0000008e     usb.obj (.text:usbGetEndpointStatus)
                  00014472    0000008c     usb.obj (.text:USB_enable)
                  000144fe    0000008c     rts430x_lc_rd.lib : xfdnorm.obj (.text:_FDnorm)
                  0001458a    0000008a     UsbCdc.obj (.text:USBCDC_sendData)
                  00014614    0000008a     data_builder.obj (.text:inv_build_accel)
                  0001469e    00000088     rts430x_lc_rd.lib : _printfi.obj (.text:_ecpy)
                  00014726    00000088     libmplmpu.lib : fast_no_motion.obj (.text:inv_init_fast_nomot)
                  000147ae    00000086     rts430x_lc_rd.lib : _printfi.obj (.text:_div)
                  00014834    00000086     data_builder.obj (.text:inv_set_gyro_bias)
                  000148ba    00000084     rts430x_lc_rd.lib : fixdlli.obj (.text:_fixdlli)
                  0001493e    00000084     storage_manager.obj (.text:inv_register_load_store)
                  000149c2    00000082     libmplmpu.lib : fast_no_motion.obj (.text:inv_fast_nomot_store_data_compass)
                  00014a44    00000080                   : mag_disturb.obj (.text:Mag3ofNormalizedLong)
                  00014ac4    00000080     rts430x_lc_rd.lib : ltoa.obj (.text:ltoa)
                  00014b44    00000080     inv_mpu.obj (.text:mpu_set_dmp_state)
                  00014bc4    00000080     inv_mpu.obj (.text:mpu_set_gyro_fsr)
                  00014c44    0000007e     rts430x_lc_rd.lib : _printfi.obj (.text:_mcpy)
                  00014cc2    0000007e     libmplmpu.lib : compass_vec_cal.obj (.text:inv_cheap_gaussian)
                  00014d40    0000007e                   : compass_vec_cal.obj (.text:inv_init_vector_compass_cal)
                  00014dbe    0000007e     inv_mpu.obj (.text:mpu_read_mem)
                  00014e3c    0000007e     inv_mpu.obj (.text:mpu_write_mem)
                  00014eba    0000007e     rts430x_lc_rd.lib : fs_tol.obj (.text)
                  00014f38    0000007c     inv_mpu.obj (.text:mpu_get_accel_reg)
                  00014fb4    0000007c     inv_mpu.obj (.text:mpu_set_lpf)
                  00015030    0000007a     inv_mpu.obj (.text:mpu_set_accel_fsr)
                  000150aa    00000078     ml_math_func.obj (.text:inv_q_addf)
                  00015122    00000076     rts430x_lc_rd.lib : _printfi.obj (.text:_pconv_f)
                  00015198    00000076     UsbCdc.obj (.text:usbGetLineCoding)
                  0001520e    00000074     inv_mpu_dmp_motion_driver.obj (.text:dmp_set_fifo_rate)
                  00015282    00000074     data_builder.obj (.text:inv_execute_on_data)
                  000152f6    00000074     msp430_clock.obj (.text:msp430_clock_enable)
                  0001536a    00000074     inv_mpu.obj (.text:set_int_enable)
                  000153de    00000072     ml_math_func.obj (.text:mlMatrixVectorMult)
                  00015450    00000072     msp430_i2c.obj (.text:msp430_i2c_enable)
                  000154c2    00000070     data_builder.obj (.text:inv_get_last_timestamp)
                  00015532    0000006e     usbConstructs.obj (.text:cdcSendDataInBackground)
                  000155a0    0000006e     libmplmpu.lib : quaternion_supervisor.obj (.text:inv_generate_quaternion)
                  0001560e    0000006e     inv_mpu.obj (.text:mpu_reg_dump)
                  0001567c    0000006e     usb.obj (.text:usbSendNextPacketOnIEP0)
                  000156ea    0000006c     inv_mpu_dmp_motion_driver.obj (.text:dmp_get_pedometer_walk_time)
                  00015756    00000068     data_builder.obj (.text:inv_reset_compass_soft_iron_matrix)
                  000157be    00000068     rts430x_lc_rd.lib : fs_toi.obj (.text)
                  00015826    00000066     results_holder.obj (.text:inv_init_results_holder)
                  0001588c    00000066     inv_mpu.obj (.text:mpu_configure_fifo)
                  000158f2    00000064     rts430x_lc_rd.lib : xdunscal.obj (.text:_Dunscale)
                  00015956    00000064                       : xfdunsca.obj (.text:_FDunscale)
                  000159ba    00000064     results_holder.obj (.text:inv_get_linear_accel)
                  00015a1e    00000064     data_builder.obj (.text:inv_set_compass_soft_iron_input_data)
                  00015a82    00000064     msp430_interrupt.obj (.text:msp430_int_enable)
                  00015ae6    00000062     mllite_test.obj (.text:android_orient_cb)
                  00015b48    00000062     rts430x_lc_rd.lib : atoi.obj (.text:atoi)
                  00015baa    00000062     inv_mpu_dmp_motion_driver.obj (.text:dmp_set_interrupt_mode)
                  00015c0c    00000062     ml_math_func.obj (.text:inv_q_rotate)
                  00015c6e    00000062     data_builder.obj (.text:inv_set_accel_bias)
                  00015cd0    00000060     inv_mpu.obj (.text:mpu_set_int_latched)
                  00015d30    0000005e     UsbCdc.obj (.text:CdcResetData)
                  00015d8e    0000005e     ml_math_func.obj (.text:inv_q_add)
                  00015dec    0000005e     mllite_test.obj (.text:setup_gyro)
                  00015e4a    0000005c     usb.obj (.text:USB_init)
                  00015ea6    0000005c     libmplmpu.lib : mag_disturb.obj (.text:inv_init_magnetic_disturbance)
                  00015f02    0000005c                   : mag_disturb.obj (.text:inv_magnetic_disturbance_process)
                  00015f5e    0000005a                   : mag_disturb.obj (.text:MagDisturbCheckSettling)
                  00015fb8    0000005a                   : compass_vec_cal.obj (.text:inv_generate_vector_compass_cal)
                  00016012    0000005a                   : fast_no_motion.obj (.text:inv_record_max_moment_in_no_motion_accel)
                  0001606c    0000005a                   : fast_no_motion.obj (.text:inv_record_max_moment_in_no_motion_gyro)
                  000160c6    0000005a     data_builder.obj (.text:inv_set_compass_bias)
                  00016120    0000005a     inv_mpu.obj (.text:mpu_set_compass_sample_rate)
                  0001617a    00000058     rts430x_lc_rd.lib : mult64_f5hw.obj (.text:__mpyll)
                  000161d2    00000058     inv_mpu_dmp_motion_driver.obj (.text:dmp_get_pedometer_step_count)
                  0001622a    00000058     libmplmpu.lib : fast_no_motion.obj (.text:inv_record_min_moment_in_motion_accel)
                  00016282    00000058                   : fast_no_motion.obj (.text:inv_record_min_moment_in_motion_gyro)
                  000162da    00000058     rts430x_lc_rd.lib : div32u.obj (.text)
                  00016332    00000054                       : autoinit.obj (.text:_auto_init)
                  00016386    00000054     inv_mpu_dmp_motion_driver.obj (.text:dmp_enable_6x_lp_quat)
                  000163da    00000054     inv_mpu_dmp_motion_driver.obj (.text:dmp_enable_lp_quat)
                  0001642e    00000054     results_holder.obj (.text:inv_get_quaternion_set)
                  00016482    00000054     ml_math_func.obj (.text:inv_q_invert)
                  000164d6    00000054     inv_mpu.obj (.text:mpu_get_lpf)
                  0001652a    00000052     libmplmpu.lib : fast_no_motion.obj (.text:inv_reset_min_max_gyro_accel_statistics)
                  0001657c    00000052     usb.obj (.text:usbReceiveNextPacketOnOEP0)
                  000165ce    00000050     HAL_TLV.obj (.text:Get_TLV_Info)
                  0001661e    00000050     libmplmpu.lib : fast_no_motion.obj (.text:inv_max_change)
                  0001666e    00000050                   : fast_no_motion.obj (.text:inv_set_default_number_of_samples)
                  000166be    0000004e     rts430x_lc_rd.lib : _printfi.obj (.text:_fcpy)
                  0001670c    0000004e     inv_mpu_dmp_motion_driver.obj (.text:decode_gesture)
                  0001675a    0000004e     libmplmpu.lib : gyro_tc.obj (.text:inv_gtc_get_bin)
                  000167a8    0000004e     inv_mpu.obj (.text:mpu_get_gyro_sens)
                  000167f6    0000004e     usb.obj (.text:usbGetStringDescriptor)
                  00016844    0000004c     inv_mpu_dmp_motion_driver.obj (.text:dmp_set_shake_reject_thresh)
                  00016890    0000004c     data_builder.obj (.text:inv_init_data_builder)
                  000168dc    0000004c     ml_math_func.obj (.text:inv_q_invertf)
                  00016928    0000004c     libmplmpu.lib : fast_no_motion.obj (.text:inv_start_fast_nomot)
                  00016974    0000004a     UsbCdc.obj (.text:Handler_SetLineCoding)
                  000169be    0000004a     mpl.obj (.text:inv_start_mpl)
                  00016a08    0000004a     rts430x_lc_rd.lib : fs_cmp.obj (.text)
                  00016a52    0000004a                       : fs_ltof.obj (.text)
                  00016a9c    00000048     UsbIsr.obj (.text:PWRVBUSoffHandler)
                  00016ae4    00000048     UsbIsr.obj (.text:SetupPacketInterruptHandler)
                  00016b2c    00000048     inv_mpu_dmp_motion_driver.obj (.text:dmp_enable_gyro_cal)
                  00016b74    00000048     libmplmpu.lib : fusion_9axis.obj (.text:inv_init_9x_fusion)
                  00016bbc    00000048     ml_math_func.obj (.text:inv_row_2_scale)
                  00016c04    00000048     usb.obj (.text:usbSetEndpointFeature)
                  00016c4c    00000046     rts430x_lc_rd.lib : _printfi.obj (.text:_pproc_fflags)
                  00016c92    00000046     libmplmpu.lib : fast_no_motion.obj (.text:inv_fast_nomot_reset_data_compass)
                  00016cd8    00000046                   : quaternion_supervisor.obj (.text:inv_init_quaternion)
                  00016d1e    00000046     inv_mpu.obj (.text:mpu_get_accel_sens)
                  00016d64    00000046     rts430x_lc_rd.lib : fs_tou.obj (.text)
                  00016daa    00000044                       : llmath.obj (.text:__asrll)
                  00016dee    00000042     libmplmpu.lib : quaternion_supervisor.obj (.text:inv_start_quaternion)
                  00016e30    00000040     HAL_PMM.obj (.text:SetVCore)
                  00016e70    00000040     usbConstructs.obj (.text:cdcReceiveDataInBuffer)
                  00016eb0    00000040     data_builder.obj (.text:inv_build_gyro)
                  00016ef0    00000040     ml_math_func.obj (.text:inv_checksum)
                  00016f30    00000040     results_holder.obj (.text:inv_set_motion_state)
                  00016f70    00000040     inv_mpu.obj (.text:mpu_get_accel_fsr)
                  00016fb0    00000040     rts430x_lc_rd.lib : div32s.obj (.text)
                  00016ff0    00000040     usb.obj (.text:usbClearEndpointFeature)
                  00017030    0000003e     rts430x_lc_rd.lib : llmath.obj (.text:__lslll)
                  0001706e    0000003e                       : llmath.obj (.text:__lsrll)
                  000170ac    0000003e     libmplmpu.lib : fast_no_motion.obj (.text:inv_fast_nomot_parameter_compass)
                  000170ea    0000003e     ml_math_func.obj (.text:inv_get_gyro_sum_of_sqr)
                  00017128    0000003e     data_builder.obj (.text:inv_set_accel_sample_rate)
                  00017166    0000003e     data_builder.obj (.text:inv_set_compass_sample_rate)
                  000171a4    0000003e     data_builder.obj (.text:inv_set_gyro_sample_rate)
                  000171e2    0000003e     rts430x_lc_rd.lib : asr32.obj (.text:l_asr_const)
                  00017220    0000003e                       : lsl32.obj (.text:l_lsl_const)
                  0001725e    0000003e                       : lsr32.obj (.text:l_lsr_const)
                  0001729c    0000003c                       : xfdtest.obj (.text:_FDtest)
                  000172d8    0000003c     inv_mpu_dmp_motion_driver.obj (.text:dmp_set_pedometer_walk_time)
                  00017314    0000003c     data_builder.obj (.text:inv_get_compass_set)
                  00017350    0000003c     inv_mpu.obj (.text:mpu_get_gyro_fsr)
                  0001738c    0000003a     results_holder.obj (.text:inv_get_quaternion)
                  000173c6    0000003a     rts430x_lc_rd.lib : vsprintf.obj (.text:vsprintf)
                  00017400    00000038     UsbIsr.obj (.text:OEP0InterruptHandler)
                  00017438    00000038     dma.obj (.text:USB_initMemcpy)
                  00017470    00000038     libmplmpu.lib : fast_no_motion.obj (.text:inv_if_enough_data)
                  000174a8    00000038                   : accel_auto_cal.obj (.text:inv_init_check_sample_balance)
                  000174e0    00000038                   : gyro_tc.obj (.text:inv_init_gyro_ts)
                  00017518    00000038                   : compass_vec_cal.obj (.text:inv_reset_data_collection)
                  00017550    00000038     rts430x_lc_rd.lib : signal.obj (.text:signal)
                  00017588    00000036     HAL_UCS.obj (.text:Init_FLL_Settle)
                  000175be    00000036     UsbIsr.obj (.text:PWRVBUSonHandler)
                  000175f4    00000036     rts430x_lc_rd.lib : xferaise.obj (.text:_Feraise)
                  0001762a    00000036                       : fs_itof.obj (.text)
                  00017660    00000034     HAL_UCS.obj (.text:XT1_Start)
                  00017694    00000034     inv_mpu_dmp_motion_driver.obj (.text:dmp_set_tap_axes)
                  000176c8    00000034     rts430x_lc_rd.lib : feraiseexcept.obj (.text:feraiseexcept)
                  000176fc    00000034     libmplmpu.lib : gyro_tc.obj (.text:inv_enable_gyro_tc)
                  00017730    00000034     data_builder.obj (.text:inv_get_accel_set)
                  00017764    00000034     msp430_clock.obj (.text:msp430_delay_ms)
                  00017798    00000032     usb.obj (.text:USB_suspend)
                  000177ca    00000032     inv_mpu_dmp_motion_driver.obj (.text:dmp_set_pedometer_step_count)
                  000177fc    00000032     data_builder.obj (.text:inv_build_quat)
                  0001782e    00000032     ml_math_func.obj (.text:inv_cosf)
                  00017860    00000032     data_builder.obj (.text:inv_db_load_func)
                  00017892    00000032     libmplmpu.lib : gyro_tc.obj (.text:inv_gtc_store)
                  000178c4    00000032     rts430x_lc_rd.lib : memccpy.obj (.text:memccpy)
                  000178f6    00000032                       : raise.obj (.text:raise)
                  00017928    00000032                       : fs_ultof.obj (.text)
                  0001795a    00000030     HAL_FLASH.obj (.text:FlashWrite_8)
                  0001798a    00000030     usb.obj (.text:USB_connectionInfo)
                  000179ba    00000030     HAL_UCS.obj (.text:XT2_Start)
                  000179ea    00000030     data_builder.obj (.text:inv_get_gyro_set)
                  00017a1a    00000030     libmplmpu.lib : fast_no_motion.obj (.text:inv_reset_packet)
                  00017a4a    0000002e     ml_math_func.obj (.text:inv_sinf)
                  00017a78    0000002e     rts430x_lc_rd.lib : memmov.obj (.text:memmove)
                  00017aa6    0000002c     start_manager.obj (.text:inv_execute_mpl_start_notification)
                  00017ad2    0000002c     eMPL_outputs.obj (.text:inv_get_sensor_type_quat)
                  00017afe    0000002c     libmplmpu.lib : gyro_tc.obj (.text:inv_gtc_load)
                  00017b2a    0000002c     rts430x_lc_rd.lib : div16s.obj (.text)
                  00017b56    0000002c     usb.obj (.text:usbGetDeviceStatus)
                  00017b82    0000002a     rts430x_lc_rd.lib : mult3264_f5hw.obj (.text:__mpysll)
                  00017bac    0000002a     data_builder.obj (.text:inv_get_compass_soft_iron_output_data)
                  00017bd6    0000002a     eMPL_outputs.obj (.text:inv_get_sensor_type_rot_mat)
                  00017c00    0000002a     ml_math_func.obj (.text:inv_orientation_matrix_to_scalar)
                  00017c2a    0000002a     dma.obj (.text:memcpyV)
                  00017c54    00000028     inv_mpu_dmp_motion_driver.obj (.text:dmp_set_tap_count)
                  00017c7c    00000028     data_builder.obj (.text:inv_get_gyro_bias)
                  00017ca4    00000028     dma.obj (.text:memcpyDMA0)
                  00017ccc    00000026     inv_mpu_dmp_motion_driver.obj (.text:dmp_set_shake_reject_time)
                  00017cf2    00000026     inv_mpu_dmp_motion_driver.obj (.text:dmp_set_shake_reject_timeout)
                  00017d18    00000026     inv_mpu_dmp_motion_driver.obj (.text:dmp_set_tap_time)
                  00017d3e    00000026     inv_mpu_dmp_motion_driver.obj (.text:dmp_set_tap_time_multi)
                  00017d64    00000026     data_builder.obj (.text:inv_build_temp)
                  00017d8a    00000024     HAL_FLASH.obj (.text:Flash_SegmentErase)
                  00017dae    00000024     storage_manager.obj (.text:inv_find_entry)
                  00017dd2    00000024     results_holder.obj (.text:inv_set_compass_correction)
                  00017df6    00000024     results_holder.obj (.text:inv_store_gaming_quaternion)
                  00017e1a    00000024     rts430x_lc_rd.lib : fs_utof.obj (.text)
                  00017e3e    00000022     HAL_FLASH.obj (.text:Flash_EraseCheck)
                  00017e60    00000022     usb.obj (.text:USB_disable)
                  00017e82    00000022     libmplmpu.lib : compass_vec_cal.obj (.text:inv_init_peaks)
                  00017ea4    00000022     storage_manager.obj (.text:inv_init_storage_manager)
                  00017ec6    00000022     start_manager.obj (.text:inv_register_mpl_start_notification)
                  00017ee8    00000022     msp430_interrupt.obj (.text:msp430_int_init)
                  00017f0a    00000022     rts430x_lc_rd.lib : mult32_f5hw.obj (.text)
                  00017f2c    00000022     usb.obj (.text:usbSendDataPacketOnEP0)
                  00017f4e    00000020     rts430x_lc_rd.lib : vsprintf.obj (.text:_outs)
                  00017f6e    00000020     results_holder.obj (.text:inv_get_compass_correction)
                  00017f8e    00000020     msp430_i2c.obj (.text:msp430_i2c_disable)
                  00017fae    00000020     usb.obj (.text:usbSetAddress)
                  00017fce    00000020     usb.obj (.text:usbSetConfiguration)
                  00017fee    0000001e     libmplmpu.lib : accel_auto_cal.obj (.text:inv_init_check_sample_balance_parameter)
                  0001800c    0000001e     eMPL_outputs.obj (.text:inv_init_eMPL_outputs)
                  0001802a    0000001e     start_manager.obj (.text:inv_init_start_manager)
                  00018048    0000001e     message_layer.obj (.text:inv_set_message)
                  00018066    0000001e     usb.obj (.text:usbGetInterface)
                  00018084    0000001e     usb.obj (.text:usbGetInterfaceStatus)
                  000180a2    0000001c     UsbIsr.obj (.text:IEP0InterruptHandler)
                  000180be    0000001c     data_builder.obj (.text:inv_set_quat_sample_rate)
                  000180da    0000001a     UsbCdc.obj (.text:CdcIsReceiveInProgress)
                  000180f4    0000001a     usb.obj (.text:USB_connect)
                  0001810e    0000001a     rts430x_lc_rd.lib : mult1632_f5hw.obj (.text:__mpysl)
                  00018128    0000001a     libmplmpu.lib : mag_disturb.obj (.text:inv_enable_magnetic_disturbance)
                  00018142    0000001a     ml_math_func.obj (.text:inv_q29_mult)
                  0001815c    0000001a     ml_math_func.obj (.text:inv_q30_mult)
                  00018176    00000018     usb.obj (.text:USB_resume)
                  0001818e    00000018     rts430x_lc_rd.lib : xfdclass.obj (.text:_FDclass)
                  000181a6    00000018     inv_mpu_dmp_motion_driver.obj (.text:dmp_load_motion_driver_firmware)
                  000181be    00000018     libmplmpu.lib : fusion_9axis.obj (.text:inv_enable_9x_sensor_fusion)
                  000181d6    00000018                   : fast_no_motion.obj (.text:inv_enable_fast_nomot)
                  000181ee    00000018     data_builder.obj (.text:inv_set_accel_orientation_and_scale)
                  00018206    00000018     data_builder.obj (.text:inv_set_compass_orientation_and_scale)
                  0001821e    00000018     data_builder.obj (.text:inv_set_gyro_orientation_and_scale)
                  00018236    00000018     msp430_clock.obj (.text:msp430_get_clock_ms)
                  0001824e    00000018     usb.obj (.text:usbClearDeviceFeature)
                  00018266    00000018     usb.obj (.text:usbSetDeviceFeature)
                  0001827e    00000016     message_layer.obj (.text:inv_get_message_level_0)
                  00018294    00000016     rts430x_lc_rd.lib : abs.obj (.text:llabs)
                  000182aa    00000016                       : memset.obj (.text:memset)
                  000182c0    00000016                       : div16u.obj (.text)
                  000182d6    00000016                       : mult16_f5hw.obj (.text)
                  000182ec    00000016                       : strlen.obj (.text:strlen)
                  00018302    00000016     usb.obj (.text:usbGetConfigurationDescriptor)
                  00018318    00000016     usb.obj (.text:usbGetDeviceDescriptor)
                  0001832e    00000014     usbEventHandling.obj (.text:USB_handleVbusOnEvent)
                  00018342    00000014     rts430x_lc_rd.lib : vsprintf.obj (.text:_outc)
                  00018356    00000014     libmplmpu.lib : fast_no_motion.obj (.text:inv_fast_nomot_get_time_elaps)
                  0001836a    00000014     results_holder.obj (.text:inv_start_results_holder)
                  0001837e    00000014     rts430x_lc_rd.lib : memcpy.obj (.text:memcpy)
                  00018392    00000014     inv_mpu.obj (.text:mpu_get_sample_rate)
                  000183a6    00000014     usb.obj (.text:usbGetConfiguration)
                  000183ba    00000014     usb.obj (.text:usbReceiveDataPacketOnEP0)
                  000183ce    00000012     eMPL_outputs.obj (.text:inv_enable_eMPL_outputs)
                  000183e0    00000012     libmplmpu.lib : quaternion_supervisor.obj (.text:inv_enable_quaternion)
                  000183f2    00000012     results_holder.obj (.text:inv_enable_results_holder)
                  00018404    00000012     libmplmpu.lib : compass_vec_cal.obj (.text:inv_enable_vector_compass_cal)
                  00018416    00000012     data_builder.obj (.text:inv_get_compass_bias)
                  00018428    00000012     eMPL_outputs.obj (.text:inv_get_sensor_type_accel)
                  0001843a    00000012     eMPL_outputs.obj (.text:inv_get_sensor_type_compass)
                  0001844c    00000012     eMPL_outputs.obj (.text:inv_get_sensor_type_gyro)
                  0001845e    00000012     eMPL_outputs.obj (.text:inv_start_eMPL_outputs)
                  00018470    00000012     rts430x_lc_rd.lib : toupper.obj (.text:toupper)
                  00018482    00000012     usb.obj (.text:usbSetInterface)
                  00018494    00000010     data_builder.obj (.text:inv_db_save_func)
                  000184a4    00000010     results_holder.obj (.text:inv_get_6axis_quaternion)
                  000184b4    00000010     data_builder.obj (.text:inv_get_gyro_bias_tc_set)
                  000184c4    00000010     data_builder.obj (.text:inv_get_mag_accuracy)
                  000184d4    00000010     results_holder.obj (.text:inv_set_compass_bias_error)
                  000184e4    00000010     libmplmpu.lib : mag_disturb.obj (.text:inv_set_magnetic_disturbance)
                  000184f4    00000010     rts430x_lc_rd.lib : lsr32.obj (.text:l_lsr)
                  00018504    00000010     msp430_clock.obj (.text:msp430_get_smclk_freq)
                  00018514    0000000e     data_builder.obj (.text:inv_get_accel_on)
                  00018522    0000000e     data_builder.obj (.text:inv_get_compass_on)
                  00018530    0000000e     data_builder.obj (.text:inv_get_gyro)
                  0001853e    0000000e     data_builder.obj (.text:inv_get_gyro_on)
                  0001854c    0000000e     results_holder.obj (.text:inv_get_local_field)
                  0001855a    0000000e     libmplmpu.lib : fusion_9axis.obj (.text:inv_start_9x_sensor_fusion)
                  00018568    0000000e                   : gyro_tc.obj (.text:inv_start_gyro_tc)
                  00018576    0000000e                   : mag_disturb.obj (.text:inv_start_magnetic_disturbance)
                  00018584    0000000e                   : compass_vec_cal.obj (.text:inv_start_vector_compass_cal)
                  00018592    0000000e     rts430x_lc_rd.lib : abs.obj (.text:labs)
                  000185a0    0000000e     inv_mpu.obj (.text:mpu_get_compass_fsr)
                  000185ae    0000000e     data_builder.obj (.text:set_sensor_orientation_and_scale)
                  000185bc    0000000e     usb.obj (.text:usbInvalidRequest)
                  000185ca    0000000e     usb.obj (.text:usbSendZeroLengthPacketOnIEP0)
                  000185d8    0000000c     results_holder.obj (.text:inv_get_motion_state)
                  000185e4    0000000c     UsbCdc.obj (.text:usbSetLineCoding)
                  000185f0    0000000a     rts430x_lc_rd.lib : abs.obj (.text:abs)
                  000185fa    0000000a     inv_mpu_dmp_motion_driver.obj (.text:dmp_get_fifo_rate)
                  00018604    0000000a     storage_manager.obj (.text:inv_get_mpl_state_size)
                  0001860e    0000000a     inv_mpu.obj (.text:mpu_get_fifo_config)
                  00018618    0000000a     rts430x_lc_rd.lib : fs_neg.obj (.text)
                  00018622    0000000a                       : lsl16.obj (.text)
                  0001862c    0000000a                       : lsr16.obj (.text)
                  00018636    0000000a     usb.obj (.text:usbStallEndpoint0)
                  00018640    00000008     usbEventHandling.obj (.text:USBCDC_handleDataReceived)
                  00018648    00000008     usbEventHandling.obj (.text:USB_handleVbusOffEvent)
                  00018650    00000008     usb.obj (.text:USB_setEnabledEvents)
                  00018658    00000008     HAL_UCS.obj (.text:XT2_Stop)
                  00018660    00000008     inv_mpu_dmp_motion_driver.obj (.text:dmp_register_android_orient_cb)
                  00018668    00000008     inv_mpu_dmp_motion_driver.obj (.text:dmp_register_tap_cb)
                  00018670    00000008     libmplmpu.lib : fusion_9axis.obj (.text:inv_9x_fusion_enable_jitter_reduction)
                  00018678    00000008                   : fusion_9axis.obj (.text:inv_9x_fusion_use_timestamps)
                  00018680    00000008                   : mag_disturb.obj (.text:inv_disable_dip_tracking)
                  00018688    00000008     results_holder.obj (.text:inv_generate_results)
                  00018690    00000008     UsbCdc.obj (.text:usbSetControlLineState)
                  00018698    00000006     rts430x_lc_rd.lib : cosf.obj (.text:cosf)
                  0001869e    00000006     mllite_test.obj (.text:gyro_data_ready_cb)
                  000186a4    00000006     data_builder.obj (.text:inv_accel_was_turned_off)
                  000186aa    00000006     data_builder.obj (.text:inv_compass_was_turned_off)
                  000186b0    00000006     data_builder.obj (.text:inv_disable_compass_soft_iron_matrix)
                  000186b6    00000006     results_holder.obj (.text:inv_get_acc_state)
                  000186bc    00000006     data_builder.obj (.text:inv_get_accel_accuracy)
                  000186c2    00000006     results_holder.obj (.text:inv_get_compass_state)
                  000186c8    00000006     data_builder.obj (.text:inv_get_gyro_accuracy)
                  000186ce    00000006     results_holder.obj (.text:inv_get_large_mag_field)
                  000186d4    00000006     libmplmpu.lib : mag_disturb.obj (.text:inv_get_magnetic_disturbance_state)
                  000186da    00000006     results_holder.obj (.text:inv_got_compass_bias)
                  000186e0    00000006     data_builder.obj (.text:inv_gyro_was_turned_off)
                  000186e6    00000006     data_builder.obj (.text:inv_quaternion_sensor_was_turned_off)
                  000186ec    00000006     results_holder.obj (.text:inv_set_compass_bias_found)
                  000186f2    00000006     data_builder.obj (.text:inv_set_compass_disturbance)
                  000186f8    00000006     results_holder.obj (.text:inv_set_compass_state)
                  000186fe    00000006     rts430x_lc_rd.lib : log.obj (.text:log)
                  00018704    00000006                       : sinf.obj (.text:sinf)
                  0001870a    00000006     usb.obj (.text:usbClearOEP0ByteCount)
                  00018710    00000006     usb.obj (.text:usbStallOEP0)
                  00018716    00000004     usbEventHandling.obj (.text:USBCDC_handleReceiveCompleted)
                  0001871a    00000004     usbEventHandling.obj (.text:USBCDC_handleSendCompleted)
                  0001871e    00000004     usbEventHandling.obj (.text:USBCDC_handleSetLineCoding)
                  00018722    00000004     usbEventHandling.obj (.text:USB_handleClockEvent)
                  00018726    00000004     usbEventHandling.obj (.text:USB_handleEnumCompleteEvent)
                  0001872a    00000004     usbEventHandling.obj (.text:USB_handleResetEvent)
                  0001872e    00000004     usbEventHandling.obj (.text:USB_handleResumeEvent)
                  00018732    00000004     usbEventHandling.obj (.text:USB_handleSuspendEvent)
                  00018736    00000004     rts430x_lc_rd.lib : pre_init.obj (.text:_system_pre_init)
                  0001873a    00000004                       : exit.obj (.text:abort)
                  0001873e    00000002                       : _lock.obj (.text:_nop)

.const     0    00018740    00001e04     
                  00018740    00000bf6     inv_mpu_dmp_motion_driver.obj (.const:.string:dmp_memory)
                  00019336    00000428     inv_mpu.obj (.const:.string)
                  0001975e    00000400     ml_math_func.obj (.const:sin_lookup)
                  00019b5e    0000028c     mllite_test.obj (.const:.string)
                  00019dea    00000200     inv_mpu.obj (.const:mpu_6500_st_tb)
                  00019fea    0000010a     descriptors.obj (.const:tUsbRequestList)
                  0001a0f4    00000101     rts430x_lc_rd.lib : ctype.obj (.const:.string:_ctypes_)
                  0001a1f5    00000001     --HOLE-- [fill = 0]
                  0001a1f6    0000008a     descriptors.obj (.const:.string:abromStringDescriptor)
                  0001a280    00000066     inv_mpu.obj (.const)
                  0001a2e6    00000048     data_builder.obj (.const:.string)
                  0001a32e    00000043     descriptors.obj (.const)
                  0001a371    00000001     --HOLE-- [fill = 0]
                  0001a372    0000002e     mpl.obj (.const:.string)
                  0001a3a0    0000002c     rts430x_lc_rd.lib : xlog.obj (.const)
                  0001a3cc    00000024                       : _printfi.obj (.const:.string)
                  0001a3f0    00000020                       : xfatan.obj (.const:a)
                  0001a410    00000012     descriptors.obj (.const:.string:abromDeviceDescriptor)
                  0001a422    00000010     rts430x_lc_rd.lib : xexp.obj (.const)
                  0001a432    00000010                       : xfsin.obj (.const)
                  0001a442    00000010                       : xsin.obj (.const)
                  0001a452    00000010     descriptors.obj (.const:stUsbHandle)
                  0001a462    0000000e     mpl.obj (.const:.string:__func__$2)
                  0001a470    0000000e     rts430x_lc_rd.lib : pow.obj (.const)
                  0001a47e    0000000d     mpl.obj (.const:.string:__func__$1)
                  0001a48b    00000001     --HOLE-- [fill = 0]
                  0001a48c    0000000c     mllite_test.obj (.const:$P$T0$1)
                  0001a498    0000000c     inv_mpu_dmp_motion_driver.obj (.const:.string:$P$T4$5)
                  0001a4a4    0000000c     rts430x_lc_rd.lib : xfsin.obj (.const:c)
                  0001a4b0    0000000c                       : xlog.obj (.const:p)
                  0001a4bc    0000000c                       : xfsin.obj (.const:s)
                  0001a4c8    0000000b     inv_mpu_dmp_motion_driver.obj (.const:.string:$P$T7$8)
                  0001a4d3    00000001     --HOLE-- [fill = 0]
                  0001a4d4    0000000b     inv_mpu_dmp_motion_driver.obj (.const:.string:$P$T8$9)
                  0001a4df    00000001     --HOLE-- [fill = 0]
                  0001a4e0    0000000a     libmplmpu.lib : quaternion_supervisor.obj (.const:.string)
                  0001a4ea    00000009     inv_mpu_dmp_motion_driver.obj (.const:.string:$P$T5$6)
                  0001a4f3    00000001     --HOLE-- [fill = 0]
                  0001a4f4    00000009     inv_mpu_dmp_motion_driver.obj (.const:.string:$P$T6$7)
                  0001a4fd    00000001     --HOLE-- [fill = 0]
                  0001a4fe    00000008     rts430x_lc_rd.lib : xfatan.obj (.const:c)
                  0001a506    00000008                       : xatan.obj (.const)
                  0001a50e    00000008                       : xfatan.obj (.const)
                  0001a516    00000004                       : acos.obj (.const)
                  0001a51a    00000004                       : acosf.obj (.const)
                  0001a51e    00000004                       : asin.obj (.const)
                  0001a522    00000004                       : asinf.obj (.const)
                  0001a526    00000004                       : atan.obj (.const)
                  0001a52a    00000004                       : xfatan.obj (.const:s)
                  0001a52e    00000003     inv_mpu_dmp_motion_driver.obj (.const:.string:$P$T0$1)
                  0001a531    00000001     --HOLE-- [fill = 0]
                  0001a532    00000003     inv_mpu_dmp_motion_driver.obj (.const:.string:$P$T1$2)
                  0001a535    00000001     --HOLE-- [fill = 0]
                  0001a536    00000003     mllite_test.obj (.const:.string:$P$T1$2)
                  0001a539    00000001     --HOLE-- [fill = 0]
                  0001a53a    00000003     inv_mpu_dmp_motion_driver.obj (.const:.string:$P$T2$3)
                  0001a53d    00000001     --HOLE-- [fill = 0]
                  0001a53e    00000003     inv_mpu_dmp_motion_driver.obj (.const:.string:$P$T3$4)
                  0001a541    00000001     --HOLE-- [fill = 0]
                  0001a542    00000002     inv_mpu_dmp_motion_driver.obj (.const)


GLOBAL SYMBOLS: SORTED ALPHABETICALLY BY Name 

address    name
--------   ----
00002400   .bss
ffffffff   .text
00000700   ADC12CTL0
00000701   ADC12CTL0_H
00000700   ADC12CTL0_L
00000702   ADC12CTL1
00000703   ADC12CTL1_H
00000702   ADC12CTL1_L
00000704   ADC12CTL2
00000705   ADC12CTL2_H
00000704   ADC12CTL2_L
0000070c   ADC12IE
0000070d   ADC12IE_H
0000070c   ADC12IE_L
0000070a   ADC12IFG
0000070b   ADC12IFG_H
0000070a   ADC12IFG_L
0000070e   ADC12IV
0000070f   ADC12IV_H
0000070e   ADC12IV_L
00000710   ADC12MCTL0
00000711   ADC12MCTL1
0000071a   ADC12MCTL10
0000071b   ADC12MCTL11
0000071c   ADC12MCTL12
0000071d   ADC12MCTL13
0000071e   ADC12MCTL14
0000071f   ADC12MCTL15
00000712   ADC12MCTL2
00000713   ADC12MCTL3
00000714   ADC12MCTL4
00000715   ADC12MCTL5
00000716   ADC12MCTL6
00000717   ADC12MCTL7
00000718   ADC12MCTL8
00000719   ADC12MCTL9
00000720   ADC12MEM0
00000721   ADC12MEM0_H
00000720   ADC12MEM0_L
00000722   ADC12MEM1
00000734   ADC12MEM10
00000735   ADC12MEM10_H
00000734   ADC12MEM10_L
00000736   ADC12MEM11
00000737   ADC12MEM11_H
00000736   ADC12MEM11_L
00000738   ADC12MEM12
00000739   ADC12MEM12_H
00000738   ADC12MEM12_L
0000073a   ADC12MEM13
0000073b   ADC12MEM13_H
0000073a   ADC12MEM13_L
0000073c   ADC12MEM14
0000073d   ADC12MEM14_H
0000073c   ADC12MEM14_L
0000073e   ADC12MEM15
0000073f   ADC12MEM15_H
0000073e   ADC12MEM15_L
00000723   ADC12MEM1_H
00000722   ADC12MEM1_L
00000724   ADC12MEM2
00000725   ADC12MEM2_H
00000724   ADC12MEM2_L
00000726   ADC12MEM3
00000727   ADC12MEM3_H
00000726   ADC12MEM3_L
00000728   ADC12MEM4
00000729   ADC12MEM4_H
00000728   ADC12MEM4_L
0000072a   ADC12MEM5
0000072b   ADC12MEM5_H
0000072a   ADC12MEM5_L
0000072c   ADC12MEM6
0000072d   ADC12MEM6_H
0000072c   ADC12MEM6_L
0000072e   ADC12MEM7
0000072f   ADC12MEM7_H
0000072e   ADC12MEM7_L
00000730   ADC12MEM8
00000731   ADC12MEM8_H
00000730   ADC12MEM8_L
00000732   ADC12MEM9
00000733   ADC12MEM9_H
00000732   ADC12MEM9_L
0001873a   C$$EXIT
000008c0   CBCTL0
000008c1   CBCTL0_H
000008c0   CBCTL0_L
000008c2   CBCTL1
000008c3   CBCTL1_H
000008c2   CBCTL1_L
000008c4   CBCTL2
000008c5   CBCTL2_H
000008c4   CBCTL2_L
000008c6   CBCTL3
000008c7   CBCTL3_H
000008c6   CBCTL3_L
000008cc   CBINT
000008cd   CBINT_H
000008cc   CBINT_L
000008ce   CBIV
00000150   CRCDI
00000152   CRCDIRB
00000153   CRCDIRB_H
00000152   CRCDIRB_L
00000151   CRCDI_H
00000150   CRCDI_L
00000154   CRCINIRES
00000155   CRCINIRES_H
00000154   CRCINIRES_L
00000156   CRCRESR
00000157   CRCRESR_H
00000156   CRCRESR_L
000180da   CdcIsReceiveInProgress
00015d30   CdcResetData
0000d20a   CdcToBufferFromHost
0000b562   CdcToHostFromBuffer
0000e9e4   ComputeAngleVelocity
00011e54   CopyUsbToBuff
00000510   DMA0CTL
00000511   DMA0CTL_H
00000510   DMA0CTL_L
00000516   DMA0DA
00000516   DMA0DAL
00000512   DMA0SA
00000512   DMA0SAL
0000051a   DMA0SZ
00000520   DMA1CTL
00000521   DMA1CTL_H
00000520   DMA1CTL_L
00000526   DMA1DA
00000526   DMA1DAL
00000522   DMA1SA
00000522   DMA1SAL
0000052a   DMA1SZ
00000530   DMA2CTL
00000531   DMA2CTL_H
00000530   DMA2CTL_L
00000536   DMA2DA
00000536   DMA2DAL
00000532   DMA2SA
00000532   DMA2SAL
0000053a   DMA2SZ
00000500   DMACTL0
00000501   DMACTL0_H
00000500   DMACTL0_L
00000502   DMACTL1
00000503   DMACTL1_H
00000502   DMACTL1_L
00000504   DMACTL2
00000505   DMACTL2_H
00000504   DMACTL2_L
00000506   DMACTL3
00000507   DMACTL3_H
00000506   DMACTL3_L
00000508   DMACTL4
00000509   DMACTL4_H
00000508   DMACTL4_L
0000050e   DMAIV
0000050f   DMAIV_H
0000050e   DMAIV_L
00000140   FCTL1
00000141   FCTL1_H
00000140   FCTL1_L
00000144   FCTL3
00000145   FCTL3_H
00000144   FCTL3_L
00000146   FCTL4
00000147   FCTL4_H
00000146   FCTL4_L
0001795a   FlashWrite_8
00017e3e   Flash_EraseCheck
00017d8a   Flash_SegmentErase
000165ce   Get_TLV_Info
00016974   Handler_SetLineCoding
00004538   I2C_ISR
000180a2   IEP0InterruptHandler
00018622   I_LSL
0001862c   I_LSR
000124e0   Init_FLL
00017588   Init_FLL_Settle
0001721a   L_ASR_1
000171f6   L_ASR_10
000171f2   L_ASR_11
000171ee   L_ASR_12
000171ea   L_ASR_13
000171e6   L_ASR_14
000171e2   L_ASR_15
00017216   L_ASR_2
00017212   L_ASR_3
0001720e   L_ASR_4
0001720a   L_ASR_5
00017206   L_ASR_6
00017202   L_ASR_7
000171fe   L_ASR_8
000171fa   L_ASR_9
00017258   L_LSL_1
00017234   L_LSL_10
00017230   L_LSL_11
0001722c   L_LSL_12
00017228   L_LSL_13
00017224   L_LSL_14
00017220   L_LSL_15
00017254   L_LSL_2
00017250   L_LSL_3
0001724c   L_LSL_4
00017248   L_LSL_5
00017244   L_LSL_6
00017240   L_LSL_7
0001723c   L_LSL_8
00017238   L_LSL_9
000184f4   L_LSR
00017296   L_LSR_1
00017272   L_LSR_10
0001726e   L_LSR_11
0001726a   L_LSR_12
00017266   L_LSR_13
00017262   L_LSR_14
0001725e   L_LSR_15
00017292   L_LSR_2
0001728e   L_LSR_3
0001728a   L_LSR_4
00017286   L_LSR_5
00017282   L_LSR_6
0001727e   L_LSR_7
0001727a   L_LSR_8
00017276   L_LSR_9
000004c4   MAC
000004da   MAC32H
000004db   MAC32H_H
000004da   MAC32H_L
000004d8   MAC32L
000004d9   MAC32L_H
000004d8   MAC32L_L
000004c6   MACS
000004de   MACS32H
000004df   MACS32H_H
000004de   MACS32H_L
000004dc   MACS32L
000004dd   MACS32L_H
000004dc   MACS32L_L
000004c7   MACS_H
000004c6   MACS_L
000004c5   MAC_H
000004c4   MAC_L
000004c0   MPY
000004ec   MPY32CTL0
000004ed   MPY32CTL0_H
000004ec   MPY32CTL0_L
000004d2   MPY32H
000004d3   MPY32H_H
000004d2   MPY32H_L
000004d0   MPY32L
000004d1   MPY32L_H
000004d0   MPY32L_L
000004c2   MPYS
000004d6   MPYS32H
000004d7   MPYS32H_H
000004d6   MPYS32H_L
000004d4   MPYS32L
000004d5   MPYS32L_H
000004d4   MPYS32L_L
000004c3   MPYS_H
000004c2   MPYS_L
000004c1   MPY_H
000004c0   MPY_L
00014a44   Mag3ofNormalizedLong
00015f5e   MagDisturbCheckSettling
00014108   MagDisturbSetDisturbance
00017400   OEP0InterruptHandler
000004c8   OP2
000004e2   OP2H
000004e3   OP2H_H
000004e2   OP2H_L
000004e0   OP2L
000004e1   OP2L_H
000004e0   OP2L_L
000004c9   OP2_H
000004c8   OP2_L
0000020e   P1IV
00004604   P1_ISR
0000021e   P2IV
0000467e   P2_ISR
000001e0   P4MAP01
000001e1   P4MAP01_H
000001e0   P4MAP01_L
000001e2   P4MAP23
000001e3   P4MAP23_H
000001e2   P4MAP23_L
000001e4   P4MAP45
000001e5   P4MAP45_H
000001e4   P4MAP45_L
000001e6   P4MAP67
000001e7   P4MAP67_H
000001e6   P4MAP67_L
00000204   PADIR
00000205   PADIR_H
00000204   PADIR_L
00000208   PADS
00000209   PADS_H
00000208   PADS_L
0000021a   PAIE
00000218   PAIES
00000219   PAIES_H
00000218   PAIES_L
0000021b   PAIE_H
0000021a   PAIE_L
0000021c   PAIFG
0000021d   PAIFG_H
0000021c   PAIFG_L
00000200   PAIN
00000201   PAIN_H
00000200   PAIN_L
00000202   PAOUT
00000203   PAOUT_H
00000202   PAOUT_L
00000206   PAREN
00000207   PAREN_H
00000206   PAREN_L
0000020a   PASEL
0000020b   PASEL_H
0000020a   PASEL_L
00000224   PBDIR
00000225   PBDIR_H
00000224   PBDIR_L
00000228   PBDS
00000229   PBDS_H
00000228   PBDS_L
00000220   PBIN
00000221   PBIN_H
00000220   PBIN_L
00000222   PBOUT
00000223   PBOUT_H
00000222   PBOUT_L
00000226   PBREN
00000227   PBREN_H
00000226   PBREN_L
0000022a   PBSEL
0000022b   PBSEL_H
0000022a   PBSEL_L
00000244   PCDIR
00000245   PCDIR_H
00000244   PCDIR_L
00000248   PCDS
00000249   PCDS_H
00000248   PCDS_L
00000240   PCIN
00000241   PCIN_H
00000240   PCIN_L
00000242   PCOUT
00000243   PCOUT_H
00000242   PCOUT_L
00000246   PCREN
00000247   PCREN_H
00000246   PCREN_L
0000024a   PCSEL
0000024b   PCSEL_H
0000024a   PCSEL_L
00000324   PJDIR
00000325   PJDIR_H
00000324   PJDIR_L
00000328   PJDS
00000329   PJDS_H
00000328   PJDS_L
00000320   PJIN
00000321   PJIN_H
00000320   PJIN_L
00000322   PJOUT
00000323   PJOUT_H
00000322   PJOUT_L
00000326   PJREN
00000327   PJREN_H
00000326   PJREN_L
00000130   PM5CTL0
00000131   PM5CTL0_H
00000130   PM5CTL0_L
000001c2   PMAPCTL
000001c3   PMAPCTL_H
000001c2   PMAPCTL_L
000001c0   PMAPKEYID
000001c1   PMAPKEYID_H
000001c0   PMAPKEYID_L
00000120   PMMCTL0
00000121   PMMCTL0_H
00000120   PMMCTL0_L
00000122   PMMCTL1
00000123   PMMCTL1_H
00000122   PMMCTL1_L
0000012c   PMMIFG
0000012d   PMMIFG_H
0000012c   PMMIFG_L
0000012e   PMMRIE
0000012f   PMMRIE_H
0000012e   PMMRIE_L
00016a9c   PWRVBUSoffHandler
000175be   PWRVBUSonHandler
00000158   RCCTL0
00000159   RCCTL0_H
00000158   RCCTL0_L
000001b0   REFCTL0
000001b1   REFCTL0_H
000001b0   REFCTL0_L
000004e4   RES0
000004e5   RES0_H
000004e4   RES0_L
000004e6   RES1
000004e7   RES1_H
000004e6   RES1_L
000004e8   RES2
000004e9   RES2_H
000004e8   RES2_L
000004ea   RES3
000004eb   RES3_H
000004ea   RES3_L
000004cc   RESHI
000004cd   RESHI_H
000004cc   RESHI_L
000004ca   RESLO
000004cb   RESLO_H
000004ca   RESLO_L
000004ba   RTCADOWDAY
000004bb   RTCADOWDAY_H
000004ba   RTCADOWDAY_L
000004b8   RTCAMINHR
000004b9   RTCAMINHR_H
000004b8   RTCAMINHR_L
000004a0   RTCCTL01
000004a1   RTCCTL01_H
000004a0   RTCCTL01_L
000004a2   RTCCTL23
000004a3   RTCCTL23_H
000004a2   RTCCTL23_L
000004b4   RTCDATE
000004b5   RTCDATE_H
000004b4   RTCDATE_L
000004ae   RTCIV
000004ac   RTCPS
000004a8   RTCPS0CTL
000004a9   RTCPS0CTL_H
000004a8   RTCPS0CTL_L
000004aa   RTCPS1CTL
000004ab   RTCPS1CTL_H
000004aa   RTCPS1CTL_L
000004ad   RTCPS_H
000004ac   RTCPS_L
000004b0   RTCTIM0
000004b1   RTCTIM0_H
000004b0   RTCTIM0_L
000004b2   RTCTIM1
000004b3   RTCTIM1_H
000004b2   RTCTIM1_L
000004b6   RTCYEAR
000004b7   RTCYEAR_H
000004b6   RTCYEAR_L
00000100   SFRIE1
00000101   SFRIE1_H
00000100   SFRIE1_L
00000102   SFRIFG1
00000103   SFRIFG1_H
00000102   SFRIFG1_L
00000104   SFRRPCR
00000105   SFRRPCR_H
00000104   SFRRPCR_L
000004ce   SUMEXT
000004cf   SUMEXT_H
000004ce   SUMEXT_L
00000124   SVSMHCTL
00000125   SVSMHCTL_H
00000124   SVSMHCTL_L
00000128   SVSMIO
00000129   SVSMIO_H
00000128   SVSMIO_L
00000126   SVSMLCTL
00000127   SVSMLCTL_H
00000126   SVSMLCTL_L
00000198   SYSBERRIV
00000199   SYSBERRIV_H
00000198   SYSBERRIV_L
00000182   SYSBSLC
00000183   SYSBSLC_H
00000182   SYSBSLC_L
00000180   SYSCTL
00000181   SYSCTL_H
00000180   SYSCTL_L
00000186   SYSJMBC
00000187   SYSJMBC_H
00000186   SYSJMBC_L
00000188   SYSJMBI0
00000189   SYSJMBI0_H
00000188   SYSJMBI0_L
0000018a   SYSJMBI1
0000018b   SYSJMBI1_H
0000018a   SYSJMBI1_L
0000018c   SYSJMBO0
0000018d   SYSJMBO0_H
0000018c   SYSJMBO0_L
0000018e   SYSJMBO1
0000018f   SYSJMBO1_H
0000018e   SYSJMBO1_L
0000019e   SYSRSTIV
0000019f   SYSRSTIV_H
0000019e   SYSRSTIV_L
0000019c   SYSSNIV
0000019d   SYSSNIV_H
0000019c   SYSSNIV_L
0000019a   SYSUNIV
0000019b   SYSUNIV_H
0000019a   SYSUNIV_L
00016e30   SetVCore
00016ae4   SetupPacketInterruptHandler
00000352   TA0CCR0
00000354   TA0CCR1
00000356   TA0CCR2
00000358   TA0CCR3
0000035a   TA0CCR4
00000342   TA0CCTL0
00000344   TA0CCTL1
00000346   TA0CCTL2
00000348   TA0CCTL3
0000034a   TA0CCTL4
00000340   TA0CTL
00000360   TA0EX0
0000036e   TA0IV
00000350   TA0R
00000392   TA1CCR0
00000394   TA1CCR1
00000396   TA1CCR2
00000382   TA1CCTL0
00000384   TA1CCTL1
00000386   TA1CCTL2
00000380   TA1CTL
000003a0   TA1EX0
000003ae   TA1IV
00000390   TA1R
00000412   TA2CCR0
00000414   TA2CCR1
00000416   TA2CCR2
00000402   TA2CCTL0
00000404   TA2CCTL1
00000406   TA2CCTL2
00000400   TA2CTL
00000420   TA2EX0
0000042e   TA2IV
00000410   TA2R
000003d2   TB0CCR0
000003d4   TB0CCR1
000003d6   TB0CCR2
000003d8   TB0CCR3
000003da   TB0CCR4
000003dc   TB0CCR5
000003de   TB0CCR6
000003c2   TB0CCTL0
000003c4   TB0CCTL1
000003c6   TB0CCTL2
000003c8   TB0CCTL3
000003ca   TB0CCTL4
000003cc   TB0CCTL5
000003ce   TB0CCTL6
000003c0   TB0CTL
000003e0   TB0EX0
000003ee   TB0IV
000003d0   TB0R
000046f8   TIMERB0_ISR
000005d0   UCA0ABCTL
000005c6   UCA0BRW
000005c7   UCA0BRW_H
000005c6   UCA0BRW_L
000005c0   UCA0CTLW0
000005c1   UCA0CTLW0_H
000005c0   UCA0CTLW0_L
000005dc   UCA0ICTL
000005dd   UCA0ICTL_H
000005dc   UCA0ICTL_L
000005d2   UCA0IRCTL
000005d3   UCA0IRCTL_H
000005d2   UCA0IRCTL_L
000005de   UCA0IV
000005c8   UCA0MCTL
000005cc   UCA0RXBUF
000005ca   UCA0STAT
000005ce   UCA0TXBUF
00000610   UCA1ABCTL
00000606   UCA1BRW
00000607   UCA1BRW_H
00000606   UCA1BRW_L
00000600   UCA1CTLW0
00000601   UCA1CTLW0_H
00000600   UCA1CTLW0_L
0000061c   UCA1ICTL
0000061d   UCA1ICTL_H
0000061c   UCA1ICTL_L
00000612   UCA1IRCTL
00000613   UCA1IRCTL_H
00000612   UCA1IRCTL_L
0000061e   UCA1IV
00000608   UCA1MCTL
0000060c   UCA1RXBUF
0000060a   UCA1STAT
0000060e   UCA1TXBUF
000005e6   UCB0BRW
000005e7   UCB0BRW_H
000005e6   UCB0BRW_L
000005e0   UCB0CTLW0
000005e1   UCB0CTLW0_H
000005e0   UCB0CTLW0_L
000005f0   UCB0I2COA
000005f1   UCB0I2COA_H
000005f0   UCB0I2COA_L
000005f2   UCB0I2CSA
000005f3   UCB0I2CSA_H
000005f2   UCB0I2CSA_L
000005fc   UCB0ICTL
000005fd   UCB0ICTL_H
000005fc   UCB0ICTL_L
000005fe   UCB0IV
000005ec   UCB0RXBUF
000005ea   UCB0STAT
000005ee   UCB0TXBUF
00000626   UCB1BRW
00000627   UCB1BRW_H
00000626   UCB1BRW_L
00000620   UCB1CTLW0
00000621   UCB1CTLW0_H
00000620   UCB1CTLW0_L
00000630   UCB1I2COA
00000631   UCB1I2COA_H
00000630   UCB1I2COA_L
00000632   UCB1I2CSA
00000633   UCB1I2CSA_H
00000632   UCB1I2CSA_L
0000063c   UCB1ICTL
0000063d   UCB1ICTL_H
0000063c   UCB1ICTL_L
0000063e   UCB1IV
0000062c   UCB1RXBUF
0000062a   UCB1STAT
0000062e   UCB1TXBUF
00000160   UCSCTL0
00000161   UCSCTL0_H
00000160   UCSCTL0_L
00000162   UCSCTL1
00000163   UCSCTL1_H
00000162   UCSCTL1_L
00000164   UCSCTL2
00000165   UCSCTL2_H
00000164   UCSCTL2_L
00000166   UCSCTL3
00000167   UCSCTL3_H
00000166   UCSCTL3_L
00000168   UCSCTL4
00000169   UCSCTL4_H
00000168   UCSCTL4_L
0000016a   UCSCTL5
0000016b   UCSCTL5_H
0000016a   UCSCTL5_L
0000016c   UCSCTL6
0000016d   UCSCTL6_H
0000016c   UCSCTL6_L
0000016e   UCSCTL7
0000016f   UCSCTL7_H
0000016e   UCSCTL7_L
00000170   UCSCTL8
00000171   UCSCTL8_H
00000170   UCSCTL8_L
0000473a   UNMI_ISR
00013522   USBCDC_bytesInUSBBuffer
00018640   USBCDC_handleDataReceived
00018716   USBCDC_handleReceiveCompleted
0001871a   USBCDC_handleSendCompleted
0001871e   USBCDC_handleSetLineCoding
00013174   USBCDC_intfStatus
0000960c   USBCDC_receiveData
0001458a   USBCDC_sendData
00000902   USBCNF
00000903   USBCNF_H
00000902   USBCNF_L
0000093c   USBCTL
0000093a   USBFN
0000093b   USBFN_H
0000093a   USBFN_L
0000093f   USBFUNADR
0000093d   USBIE
00002378   USBIEP0BUF
000023c9   USBIEPBBAX_1
000023d1   USBIEPBBAX_2
000023d9   USBIEPBBAX_3
000023e1   USBIEPBBAX_4
000023e9   USBIEPBBAX_5
000023f1   USBIEPBBAX_6
000023f9   USBIEPBBAX_7
000023cd   USBIEPBBAY_1
000023d5   USBIEPBBAY_2
000023dd   USBIEPBBAY_3
000023e5   USBIEPBBAY_4
000023ed   USBIEPBBAY_5
000023f5   USBIEPBBAY_6
000023fd   USBIEPBBAY_7
000023ca   USBIEPBCTX_1
000023d2   USBIEPBCTX_2
000023da   USBIEPBCTX_3
000023e2   USBIEPBCTX_4
000023ea   USBIEPBCTX_5
000023f2   USBIEPBCTX_6
000023fa   USBIEPBCTX_7
000023ce   USBIEPBCTY_1
000023d6   USBIEPBCTY_2
000023de   USBIEPBCTY_3
000023e6   USBIEPBCTY_4
000023ee   USBIEPBCTY_5
000023f6   USBIEPBCTY_6
000023fe   USBIEPBCTY_7
00000920   USBIEPCNF_0
000023c8   USBIEPCNF_1
000023d0   USBIEPCNF_2
000023d8   USBIEPCNF_3
000023e0   USBIEPCNF_4
000023e8   USBIEPCNF_5
000023f0   USBIEPCNF_6
000023f8   USBIEPCNF_7
00000921   USBIEPCNT_0
0000092e   USBIEPIE
00000930   USBIEPIFG
000023cf   USBIEPSIZXY_1
000023d7   USBIEPSIZXY_2
000023df   USBIEPSIZXY_3
000023e7   USBIEPSIZXY_4
000023ef   USBIEPSIZXY_5
000023f7   USBIEPSIZXY_6
000023ff   USBIEPSIZXY_7
0000093e   USBIFG
00000900   USBKEYID
00000901   USBKEYID_H
00000900   USBKEYID_L
00000936   USBMAINT
00000937   USBMAINT_H
00000936   USBMAINT_L
00002370   USBOEP0BUF
00002389   USBOEPBBAX_1
00002391   USBOEPBBAX_2
00002399   USBOEPBBAX_3
000023a1   USBOEPBBAX_4
000023a9   USBOEPBBAX_5
000023b1   USBOEPBBAX_6
000023b9   USBOEPBBAX_7
0000238d   USBOEPBBAY_1
00002395   USBOEPBBAY_2
0000239d   USBOEPBBAY_3
000023a5   USBOEPBBAY_4
000023ad   USBOEPBBAY_5
000023b5   USBOEPBBAY_6
000023bd   USBOEPBBAY_7
0000238a   USBOEPBCTX_1
00002392   USBOEPBCTX_2
0000239a   USBOEPBCTX_3
000023a2   USBOEPBCTX_4
000023aa   USBOEPBCTX_5
000023b2   USBOEPBCTX_6
000023ba   USBOEPBCTX_7
0000238e   USBOEPBCTY_1
00002396   USBOEPBCTY_2
0000239e   USBOEPBCTY_3
000023a6   USBOEPBCTY_4
000023ae   USBOEPBCTY_5
000023b6   USBOEPBCTY_6
000023be   USBOEPBCTY_7
00000922   USBOEPCNF_0
00002388   USBOEPCNF_1
00002390   USBOEPCNF_2
00002398   USBOEPCNF_3
000023a0   USBOEPCNF_4
000023a8   USBOEPCNF_5
000023b0   USBOEPCNF_6
000023b8   USBOEPCNF_7
00000923   USBOEPCNT_0
0000092f   USBOEPIE
00000931   USBOEPIFG
0000238f   USBOEPSIZXY_1
00002397   USBOEPSIZXY_2
0000239f   USBOEPSIZXY_3
000023a7   USBOEPSIZXY_4
000023af   USBOEPSIZXY_5
000023b7   USBOEPSIZXY_6
000023bf   USBOEPSIZXY_7
00000904   USBPHYCTL
00000905   USBPHYCTL_H
00000904   USBPHYCTL_L
00000910   USBPLLCTL
00000911   USBPLLCTL_H
00000910   USBPLLCTL_L
00000912   USBPLLDIVB
00000913   USBPLLDIVB_H
00000912   USBPLLDIVB_L
00000914   USBPLLIR
00000915   USBPLLIR_H
00000914   USBPLLIR_L
00000908   USBPWRCTL
00000909   USBPWRCTL_H
00000908   USBPWRCTL_L
00001c00   USBSTABUFF
00002380   USBSUBLK
0000236f   USBTOPBUFF
00000938   USBTSREG
00000939   USBTSREG_H
00000938   USBTSREG_L
00000932   USBVECINT
00000933   USBVECINT_H
00000932   USBVECINT_L
00012222   USB_InitSerialStringDescriptor
000038d2   USB_RX_memcpy
000038ce   USB_TX_memcpy
000180f4   USB_connect
0001798a   USB_connectionInfo
000141a0   USB_connectionState
00017e60   USB_disable
00014472   USB_enable
00018722   USB_handleClockEvent
00018726   USB_handleEnumCompleteEvent
0001872a   USB_handleResetEvent
0001872e   USB_handleResumeEvent
00018732   USB_handleSuspendEvent
00018648   USB_handleVbusOffEvent
0001832e   USB_handleVbusOnEvent
00015e4a   USB_init
00017438   USB_initMemcpy
0000f3f0   USB_reset
00018176   USB_resume
00018650   USB_setEnabledEvents
00017798   USB_suspend
0000015c   WDTCTL
0000015d   WDTCTL_H
0000015c   WDTCTL_L
00017660   XT1_Start
000179ba   XT2_Start
00018658   XT2_Stop
000035a6   _Denorm
00014236   _Dnorm
00010e58   _Dscale
000158f2   _Dunscale
000035b6   _Eps
000038f2   _Errno
0001082c   _FAtan
0001818e   _FDclass
00003688   _FDenorm
000144fe   _FDnorm
000113fa   _FDscale
0001729c   _FDtest
00015956   _FDunscale
00003698   _FEps
000036a8   _FInf
000036b8   _FNan
000036d8   _FRteps
0000cfd4   _FSin
000036c8   _FSnan
000036e8   _FXbig
000036ec   _FZero
000038e6   _Fenv
000175f4   _Feraise
000035c6   _Hugeval
000035d6   _Inf
0000bf64   _Log
0001278a   _MLPrintLog
000035e6   _Nan
00003606   _Rteps
000035f6   _Snan
000038ea   _Tls_setup__Fenv
00003616   _Xbig
0000361a   _Zero
00004400   __STACK_END
00000400   __STACK_SIZE
00000001   __TI_args_main
00000001   __TI_auto_init
00000001   __TI_exit
00016daa   __asrll
ffffffff   __binit__
00002400   __bss__
ffffffff   __c_args__
000047a2   __cinit__
00017b2a   __divi
00016fb0   __divli
0001096e   __divlli
000182c0   __divu
000162da   __divul
00009e64   __divull
000038f4   __end__
ffffffff   __etext__
00010d2e   __fs_add
00016a08   __fs_cmp
000142c8   __fs_div
0001762a   __fs_itof
00016a52   __fs_ltof
0001346c   __fs_mpy
00018618   __fs_neg
00010d28   __fs_sub
000157be   __fs_toi
00014eba   __fs_tol
00016d64   __fs_tou
00017928   __fs_ultof
00017e1a   __fs_utof
00017030   __lslll
0001706e   __lsrll
000182d6   __mpyi_f5hw
00017f0a   __mpyl_f5hw
0001617a   __mpyll_f5hw
0001810e   __mpysl_f5hw
00017b82   __mpysll_f5hw
ffffffff   __pinit__
00017b2a   __remi
00016fb0   __remli
000182c0   __remu
000162da   __remul
ffffffff   __text__
00016332   _auto_init
00004778   _c_int00
00004778   _c_int00_noexit
000038de   _cleanup_ptr
[...]
000008c1   CBCTL0_H
000008c2   CBCTL1
000008c2   CBCTL1_L
000008c3   CBCTL1_H
000008c4   CBCTL2
000008c4   CBCTL2_L
000008c5   CBCTL2_H
000008c6   CBCTL3
000008c6   CBCTL3_L
000008c7   CBCTL3_H
000008cc   CBINT
000008cc   CBINT_L
000008cd   CBINT_H
000008ce   CBIV
00000900   USBKEYID
00000900   USBKEYID_L
00000901   USBKEYID_H
00000902   USBCNF
00000902   USBCNF_L
00000903   USBCNF_H
00000904   USBPHYCTL
00000904   USBPHYCTL_L
00000905   USBPHYCTL_H
00000908   USBPWRCTL
00000908   USBPWRCTL_L
00000909   USBPWRCTL_H
00000910   USBPLLCTL
00000910   USBPLLCTL_L
00000911   USBPLLCTL_H
00000912   USBPLLDIVB
00000912   USBPLLDIVB_L
00000913   USBPLLDIVB_H
00000914   USBPLLIR
00000914   USBPLLIR_L
00000915   USBPLLIR_H
00000920   USBIEPCNF_0
00000920   tEndPoint0DescriptorBlock
00000921   USBIEPCNT_0
00000922   USBOEPCNF_0
00000923   USBOEPCNT_0
0000092e   USBIEPIE
0000092f   USBOEPIE
00000930   USBIEPIFG
00000931   USBOEPIFG
00000932   USBVECINT
00000932   USBVECINT_L
00000933   USBVECINT_H
00000936   USBMAINT
00000936   USBMAINT_L
00000937   USBMAINT_H
00000938   USBTSREG
00000938   USBTSREG_L
00000939   USBTSREG_H
0000093a   USBFN
0000093a   USBFN_L
0000093b   USBFN_H
0000093c   USBCTL
0000093d   USBIE
0000093e   USBIFG
0000093f   USBFUNADR
00001c00   USBSTABUFF
00001c00   pbXBufferAddressEp1
00001c40   pbYBufferAddressEp1
00001c80   pbXBufferAddressEp81
00001cc0   pbYBufferAddressEp81
00001d00   pbXBufferAddressEp2
00001d40   pbYBufferAddressEp2
00001d80   pbXBufferAddressEp82
00001dc0   pbYBufferAddressEp82
00001e00   pbXBufferAddressEp3
00001e40   pbYBufferAddressEp3
00001e80   pbXBufferAddressEp83
00001ec0   pbYBufferAddressEp83
00001f00   pbXBufferAddressEp4
00001f40   pbYBufferAddressEp4
00001f80   pbXBufferAddressEp84
00001fc0   pbYBufferAddressEp84
00002000   pbXBufferAddressEp5
00002040   pbYBufferAddressEp5
00002080   pbXBufferAddressEp85
000020c0   pbYBufferAddressEp85
00002100   pbXBufferAddressEp6
00002140   pbYBufferAddressEp6
00002180   pbXBufferAddressEp86
000021c0   pbYBufferAddressEp86
00002200   pbXBufferAddressEp7
00002240   pbYBufferAddressEp7
00002280   pbXBufferAddressEp87
000022c0   pbYBufferAddressEp87
0000236f   USBTOPBUFF
00002370   USBOEP0BUF
00002370   abOEP0Buffer
00002378   USBIEP0BUF
00002378   abIEP0Buffer
00002380   USBSUBLK
00002380   tSetupPacket
00002388   USBOEPCNF_1
00002388   tOutputEndPointDescriptorBlock
00002389   USBOEPBBAX_1
0000238a   USBOEPBCTX_1
0000238d   USBOEPBBAY_1
0000238e   USBOEPBCTY_1
0000238f   USBOEPSIZXY_1
00002390   USBOEPCNF_2
00002391   USBOEPBBAX_2
00002392   USBOEPBCTX_2
00002395   USBOEPBBAY_2
00002396   USBOEPBCTY_2
00002397   USBOEPSIZXY_2
00002398   USBOEPCNF_3
00002399   USBOEPBBAX_3
0000239a   USBOEPBCTX_3
0000239d   USBOEPBBAY_3
0000239e   USBOEPBCTY_3
0000239f   USBOEPSIZXY_3
000023a0   USBOEPCNF_4
000023a1   USBOEPBBAX_4
000023a2   USBOEPBCTX_4
000023a5   USBOEPBBAY_4
000023a6   USBOEPBCTY_4
000023a7   USBOEPSIZXY_4
000023a8   USBOEPCNF_5
000023a9   USBOEPBBAX_5
000023aa   USBOEPBCTX_5
000023ad   USBOEPBBAY_5
000023ae   USBOEPBCTY_5
000023af   USBOEPSIZXY_5
000023b0   USBOEPCNF_6
000023b1   USBOEPBBAX_6
000023b2   USBOEPBCTX_6
000023b5   USBOEPBBAY_6
000023b6   USBOEPBCTY_6
000023b7   USBOEPSIZXY_6
000023b8   USBOEPCNF_7
000023b9   USBOEPBBAX_7
000023ba   USBOEPBCTX_7
000023bd   USBOEPBBAY_7
000023be   USBOEPBCTY_7
000023bf   USBOEPSIZXY_7
000023c8   USBIEPCNF_1
000023c8   tInputEndPointDescriptorBlock
000023c9   USBIEPBBAX_1
000023ca   USBIEPBCTX_1
000023cd   USBIEPBBAY_1
000023ce   USBIEPBCTY_1
000023cf   USBIEPSIZXY_1
000023d0   USBIEPCNF_2
000023d1   USBIEPBBAX_2
000023d2   USBIEPBCTX_2
000023d5   USBIEPBBAY_2
000023d6   USBIEPBCTY_2
000023d7   USBIEPSIZXY_2
000023d8   USBIEPCNF_3
000023d9   USBIEPBBAX_3
000023da   USBIEPBCTX_3
000023dd   USBIEPBBAY_3
000023de   USBIEPBCTY_3
000023df   USBIEPSIZXY_3
000023e0   USBIEPCNF_4
000023e1   USBIEPBBAX_4
000023e2   USBIEPBCTX_4
000023e5   USBIEPBBAY_4
000023e6   USBIEPBCTY_4
000023e7   USBIEPSIZXY_4
000023e8   USBIEPCNF_5
000023e9   USBIEPBBAX_5
000023ea   USBIEPBCTX_5
000023ed   USBIEPBBAY_5
000023ee   USBIEPBCTY_5
000023ef   USBIEPSIZXY_5
000023f0   USBIEPCNF_6
000023f1   USBIEPBBAX_6
000023f2   USBIEPBCTX_6
000023f5   USBIEPBBAY_6
000023f6   USBIEPBCTY_6
000023f7   USBIEPSIZXY_6
000023f8   USBIEPCNF_7
000023f9   USBIEPBBAX_7
000023fa   USBIEPBCTX_7
000023fd   USBIEPBBAY_7
000023fe   USBIEPBCTY_7
000023ff   USBIEPSIZXY_7
00002400   .bss
00002400   __bss__
00002794   cb
00002808   cb_test
0000287c   cb_sim
000028f0   vc
00002a20   fnm
000031e8   s9axis
000033cc   compass_low_pass_filter_coeff
00003490   mag_disturb
000035a6   _Denorm
000035b6   _Eps
000035c6   _Hugeval
000035d6   _Inf
000035e6   _Nan
000035f6   _Snan
00003606   _Rteps
00003616   _Xbig
0000361a   _Zero
00003688   _FDenorm
00003698   _FEps
000036a8   _FInf
000036b8   _FNan
000036c8   _FSnan
000036d8   _FRteps
000036e8   _FXbig
000036ec   _FZero
00003796   wBytesRemainingOnIEP0
00003798   wBytesRemainingOnOEP0
000037a4   abUsbRequestReturnData
000037ac   abUsbRequestIncomingData
000037b4   abramSerialStringDescriptor
000037d6   bStatusAction
000037d7   bFunctionSuspended
000037d8   bEnumerationStatus
000037da   wUsbEventMask
00003830   rx_new
00003832   mpl_key
000038ce   USB_TX_memcpy
000038d2   USB_RX_memcpy
000038d6   _lock
000038da   _unlock
000038de   _cleanup_ptr
000038e2   _dtors_ptr
000038e6   _Fenv
000038ea   _Tls_setup__Fenv
000038f2   _Errno
000038f4   __end__
000038f4   end
00004000   _stack
00004400   __STACK_END
00004400   iUsbInterruptHandler
00004538   I2C_ISR
00004604   P1_ISR
0000467e   P2_ISR
000046f8   TIMERB0_ISR
0000473a   UNMI_ISR
00004778   _c_int00
00004778   _c_int00_noexit
000047a2   __cinit__
000047a2   cinit
0000497a   inv_compute_bias
0000537e   inv_center_sum
00006bac   inv_process_compass_only_cal
00007316   main
0000792e   inv_perform_9x_fusion
00008924   inv_generate_accel_gyro_quaternion
00008d7e   inv_set_terms
0000960c   USBCDC_receiveData
00009a38   inv_check_magnetic_disturbance
00009e64   __divull
0000a1f2   inv_get_sensor_type_euler
0000a8f0   inv_fast_nomot_parameter
0000af62   inv_generate_fast_nomot
0000b282   dmp_read_fifo
0000b562   CdcToHostFromBuffer
0000b804   inv_check_sample_balance
0000bf64   _Log
0000c1d0   inv_filter_correction_angle
0000c42c   mpu_lp_motion_interrupt
0000cb3a   eMPL_send_data
0000cd8c   mpu_read_fifo
0000cfd4   _FSin
0000d20a   CdcToBufferFromHost
0000d65a   dmp_enable_feature
0000d880   inv_q_multf
0000da9c   mpu_run_6500_self_test
0000dcac   _printfi
0000deba   inv_generate_gyro_quaternion
0000e0b6   inv_quaternion_to_rotation
0000e2b2   inv_q_normalizef
0000e490   mpu_reset_fifo
0000e664   inv_combine_compass_data
0000e82a   inv_check_sim
0000e9e4   ComputeAngleVelocity
0000eb98   inv_fast_nomot_set_gyro_bias
0000f0a6   fmodf
0000f24c   inv_q_mult
0000f3f0   USB_reset
0000f734   dmp_set_tap_thresh
0000f8d2   dmp_set_orientation
0000fffe   _reset_vector
00010000   inv_fast_nomot_store_data
000102da   mpu_init
00010590   mpu_set_sensors
000106e4   inv_compass_angle
0001082c   _FAtan
0001096e   __divlli
00010bec   mpu_set_bypass
00010d28   __fs_sub
00010d2e   __fs_add
00010e58   _Dscale
000111be   sqrt
000112dc   sqrtf
000113fa   _FDscale
00011516   inv_q_norm4
00011630   mpu_lp_accel_mode
00011746   atan2f
0001184e   inv_get_sensor_type_heading
00011d5a   eMPL_send_quat
00011e54   CopyUsbToBuff
00011f4c   inv_sort_order_4_T
00012042   acosf
00012222   USB_InitSerialStringDescriptor
0001230e   inv_load_mpl_states
000123f8   inv_process_9x_sensor_fusion_cb
000124e0   Init_FLL
000125c4   inv_detect_motion_by_gyro_accel
000126a8   _fltllid
0001278a   _MLPrintLog
0001294a   inv_apply_calibration
00012a28   msp430_reg_int_cb
00012b04   mpu_get_compass_reg
00012cae   inv_sensor_data_preprocess
00012d7e   send_status_compass
00012e4e   mpu_load_firmware
00012f1c   inv_init_mpl
00012fe6   inv_register_data_cb
000130ae   mpu_read_fifo_stream
00013174   USBCDC_intfStatus
00013236   inv_get_sensor_type_linear_acceleration
000132f4   inv_init_maxmin
000133b0   inv_save_mpl_states
0001346c   __fs_mpy
00013522   USBCDC_bytesInUSBBuffer
000135d6   inv_convert_to_body_with_scale
0001373c   inv_track_dip_angle
000137ee   inv_get_gravity
0001389e   mpu_set_sample_rate
0001394e   mpu_get_temperature
00013bf6   inv_add_compass_block_data
00013c9e   msp430_clock_init
00013d46   msp430_i2c_read
00013dee   msp430_i2c_write
00013e96   inv_cheap_rand
00013f34   inv_build_compass
00013fd0   inv_get_current_calibrated_compass
00014108   MagDisturbSetDisturbance
000141a0   USB_connectionState
00014236   _Dnorm
000142c8   __fs_div
00014356   usbDecodeAndProcessUsbRequest
000143e4   usbGetEndpointStatus
00014472   USB_enable
000144fe   _FDnorm
0001458a   USBCDC_sendData
00014614   inv_build_accel
00014726   inv_init_fast_nomot
00014834   inv_set_gyro_bias
000148ba   _fixdlli
0001493e   inv_register_load_store
000149c2   inv_fast_nomot_store_data_compass
00014a44   Mag3ofNormalizedLong
00014ac4   ltoa
00014b44   mpu_set_dmp_state
00014bc4   mpu_set_gyro_fsr
00014cc2   inv_cheap_gaussian
00014d40   inv_init_vector_compass_cal
00014dbe   mpu_read_mem
00014e3c   mpu_write_mem
00014eba   __fs_tol
00014f38   mpu_get_accel_reg
00014fb4   mpu_set_lpf
00015030   mpu_set_accel_fsr
000150aa   inv_q_addf
00015198   usbGetLineCoding
0001520e   dmp_set_fifo_rate
00015282   inv_execute_on_data
000152f6   msp430_clock_enable
000153de   mlMatrixVectorMult
00015450   msp430_i2c_enable
000154c2   inv_get_last_timestamp
00015532   cdcSendDataInBackground
0001560e   mpu_reg_dump
0001567c   usbSendNextPacketOnIEP0
000156ea   dmp_get_pedometer_walk_time
00015756   inv_reset_compass_soft_iron_matrix
000157be   __fs_toi
00015826   inv_init_results_holder
0001588c   mpu_configure_fifo
000158f2   _Dunscale
00015956   _FDunscale
000159ba   inv_get_linear_accel
00015a1e   inv_set_compass_soft_iron_input_data
00015a82   msp430_int_enable
00015b48   atoi
00015baa   dmp_set_interrupt_mode
00015c0c   inv_q_rotate
00015c6e   inv_set_accel_bias
00015cd0   mpu_set_int_latched
00015d30   CdcResetData
00015d8e   inv_q_add
00015e4a   USB_init
00015ea6   inv_init_magnetic_disturbance
00015f02   inv_magnetic_disturbance_process
00015f5e   MagDisturbCheckSettling
00015fb8   inv_generate_vector_compass_cal
00016012   inv_record_max_moment_in_no_motion_accel
0001606c   inv_record_max_moment_in_no_motion_gyro
000160c6   inv_set_compass_bias
00016120   mpu_set_compass_sample_rate
0001617a   __mpyll_f5hw
000161d2   dmp_get_pedometer_step_count
0001622a   inv_record_min_moment_in_motion_accel
00016282   inv_record_min_moment_in_motion_gyro
000162da   __divul
000162da   __remul
00016332   _auto_init
00016386   dmp_enable_6x_lp_quat
000163da   dmp_enable_lp_quat
0001642e   inv_get_quaternion_set
00016482   inv_q_invert
000164d6   mpu_get_lpf
0001652a   inv_reset_min_max_gyro_accel_statistics
0001657c   usbReceiveNextPacketOnOEP0
000165ce   Get_TLV_Info
0001666e   inv_set_default_number_of_samples
000167a8   mpu_get_gyro_sens
000167f6   usbGetStringDescriptor
00016844   dmp_set_shake_reject_thresh
00016890   inv_init_data_builder
000168dc   inv_q_invertf
00016928   inv_start_fast_nomot
00016974   Handler_SetLineCoding
000169be   inv_start_mpl
00016a08   __fs_cmp
00016a52   __fs_ltof
00016a9c   PWRVBUSoffHandler
00016ae4   SetupPacketInterruptHandler
00016b2c   dmp_enable_gyro_cal
00016b74   inv_init_9x_fusion
00016c04   usbSetEndpointFeature
00016c92   inv_fast_nomot_reset_data_compass
00016cd8   inv_init_quaternion
00016d1e   mpu_get_accel_sens
00016d64   __fs_tou
00016daa   __asrll
00016dee   inv_start_quaternion
00016e30   SetVCore
00016e70   cdcReceiveDataInBuffer
00016eb0   inv_build_gyro
00016ef0   inv_checksum
00016f30   inv_set_motion_state
00016f70   mpu_get_accel_fsr
00016fb0   __divli
00016fb0   __remli
00016ff0   usbClearEndpointFeature
00017030   __lslll
0001706e   __lsrll
000170ac   inv_fast_nomot_parameter_compass
000170ea   inv_get_gyro_sum_of_sqr
00017128   inv_set_accel_sample_rate
00017166   inv_set_compass_sample_rate
000171a4   inv_set_gyro_sample_rate
000171e2   L_ASR_15
000171e6   L_ASR_14
000171ea   L_ASR_13
000171ee   L_ASR_12
000171f2   L_ASR_11
000171f6   L_ASR_10
000171fa   L_ASR_9
000171fe   L_ASR_8
00017202   L_ASR_7
00017206   L_ASR_6
0001720a   L_ASR_5
0001720e   L_ASR_4
00017212   L_ASR_3
00017216   L_ASR_2
0001721a   L_ASR_1
00017220   L_LSL_15
00017224   L_LSL_14
00017228   L_LSL_13
0001722c   L_LSL_12
00017230   L_LSL_11
00017234   L_LSL_10
00017238   L_LSL_9
0001723c   L_LSL_8
00017240   L_LSL_7
00017244   L_LSL_6
00017248   L_LSL_5
0001724c   L_LSL_4
00017250   L_LSL_3
00017254   L_LSL_2
00017258   L_LSL_1
0001725e   L_LSR_15
00017262   L_LSR_14
00017266   L_LSR_13
0001726a   L_LSR_12
0001726e   L_LSR_11
00017272   L_LSR_10
00017276   L_LSR_9
0001727a   L_LSR_8
0001727e   L_LSR_7
00017282   L_LSR_6
00017286   L_LSR_5
0001728a   L_LSR_4
0001728e   L_LSR_3
00017292   L_LSR_2
00017296   L_LSR_1
0001729c   _FDtest
000172d8   dmp_set_pedometer_walk_time
00017314   inv_get_compass_set
00017350   mpu_get_gyro_fsr
0001738c   inv_get_quaternion
000173c6   vsprintf
00017400   OEP0InterruptHandler
00017438   USB_initMemcpy
000174a8   inv_init_check_sample_balance
000174e0   inv_init_gyro_ts
00017518   inv_reset_data_collection
00017550   signal
00017588   Init_FLL_Settle
000175be   PWRVBUSonHandler
000175f4   _Feraise
0001762a   __fs_itof
00017660   XT1_Start
00017694   dmp_set_tap_axes
000176c8   feraiseexcept
000176fc   inv_enable_gyro_tc
00017730   inv_get_accel_set
00017764   msp430_delay_ms
00017798   USB_suspend
000177ca   dmp_set_pedometer_step_count
000177fc   inv_build_quat
0001782e   inv_cosf
000178c4   memccpy
000178f6   raise
00017928   __fs_ultof
0001795a   FlashWrite_8
0001798a   USB_connectionInfo
000179ba   XT2_Start
000179ea   inv_get_gyro_set
00017a4a   inv_sinf
00017a78   memmove
00017aa6   inv_execute_mpl_start_notification
00017ad2   inv_get_sensor_type_quat
00017b2a   __divi
00017b2a   __remi
00017b56   usbGetDeviceStatus
00017b82   __mpysll_f5hw
00017bac   inv_get_compass_soft_iron_output_data
00017bd6   inv_get_sensor_type_rot_mat
00017c00   inv_orientation_matrix_to_scalar
00017c2a   memcpyV
00017c54   dmp_set_tap_count
00017c7c   inv_get_gyro_bias
00017ca4   memcpyDMA0
00017ccc   dmp_set_shake_reject_time
00017cf2   dmp_set_shake_reject_timeout
00017d18   dmp_set_tap_time
00017d3e   dmp_set_tap_time_multi
00017d64   inv_build_temp
00017d8a   Flash_SegmentErase
00017dd2   inv_set_compass_correction
00017df6   inv_store_gaming_quaternion
00017e1a   __fs_utof
00017e3e   Flash_EraseCheck
00017e60   USB_disable
00017ea4   inv_init_storage_manager
00017ec6   inv_register_mpl_start_notification
00017ee8   msp430_int_init
00017f0a   __mpyl_f5hw
00017f2c   usbSendDataPacketOnEP0
00017f6e   inv_get_compass_correction
00017f8e   msp430_i2c_disable
00017fae   usbSetAddress
00017fce   usbSetConfiguration
00017fee   inv_init_check_sample_balance_parameter
0001802a   inv_init_start_manager
00018048   inv_set_message
00018066   usbGetInterface
00018084   usbGetInterfaceStatus
000180a2   IEP0InterruptHandler
000180be   inv_set_quat_sample_rate
000180da   CdcIsReceiveInProgress
000180f4   USB_connect
0001810e   __mpysl_f5hw
00018128   inv_enable_magnetic_disturbance
00018142   inv_q29_mult
0001815c   inv_q30_mult
00018176   USB_resume
0001818e   _FDclass
000181a6   dmp_load_motion_driver_firmware
000181be   inv_enable_9x_sensor_fusion
000181d6   inv_enable_fast_nomot
000181ee   inv_set_accel_orientation_and_scale
00018206   inv_set_compass_orientation_and_scale
0001821e   inv_set_gyro_orientation_and_scale
00018236   msp430_get_clock_ms
0001824e   usbClearDeviceFeature
00018266   usbSetDeviceFeature
0001827e   inv_get_message_level_0
00018294   llabs
000182aa   memset
000182c0   __divu
000182c0   __remu
000182d6   __mpyi_f5hw
000182ec   strlen
00018302   usbGetConfigurationDescriptor
00018318   usbGetDeviceDescriptor
0001832e   USB_handleVbusOnEvent
00018356   inv_fast_nomot_get_time_elaps
0001836a   inv_start_results_holder
0001837e   memcpy
00018392   mpu_get_sample_rate
000183a6   usbGetConfiguration
000183ba   usbReceiveDataPacketOnEP0
000183ce   inv_enable_eMPL_outputs
000183e0   inv_enable_quaternion
000183f2   inv_enable_results_holder
00018404   inv_enable_vector_compass_cal
00018416   inv_get_compass_bias
00018428   inv_get_sensor_type_accel
0001843a   inv_get_sensor_type_compass
0001844c   inv_get_sensor_type_gyro
00018470   toupper
00018482   usbSetInterface
000184a4   inv_get_6axis_quaternion
000184b4   inv_get_gyro_bias_tc_set
000184c4   inv_get_mag_accuracy
000184d4   inv_set_compass_bias_error
000184e4   inv_set_magnetic_disturbance
000184f4   L_LSR
00018504   msp430_get_smclk_freq
00018514   inv_get_accel_on
00018522   inv_get_compass_on
00018530   inv_get_gyro
0001853e   inv_get_gyro_on
0001854c   inv_get_local_field
0001855a   inv_start_9x_sensor_fusion
00018568   inv_start_gyro_tc
00018576   inv_start_magnetic_disturbance
00018584   inv_start_vector_compass_cal
00018592   labs
000185a0   mpu_get_compass_fsr
000185ae   set_sensor_orientation_and_scale
000185bc   usbInvalidRequest
000185ca   usbSendZeroLengthPacketOnIEP0
000185d8   inv_get_motion_state
000185e4   usbSetLineCoding
000185f0   abs
000185fa   dmp_get_fifo_rate
00018604   inv_get_mpl_state_size
0001860e   mpu_get_fifo_config
00018618   __fs_neg
00018622   I_LSL
0001862c   I_LSR
00018636   usbStallEndpoint0
00018640   USBCDC_handleDataReceived
00018648   USB_handleVbusOffEvent
00018650   USB_setEnabledEvents
00018658   XT2_Stop
00018660   dmp_register_android_orient_cb
00018668   dmp_register_tap_cb
00018670   inv_9x_fusion_enable_jitter_reduction
00018678   inv_9x_fusion_use_timestamps
00018680   inv_disable_dip_tracking
00018688   inv_generate_results
00018690   usbSetControlLineState
00018698   cosf
000186a4   inv_accel_was_turned_off
000186aa   inv_compass_was_turned_off
000186b0   inv_disable_compass_soft_iron_matrix
000186b6   inv_get_acc_state
000186bc   inv_get_accel_accuracy
000186c2   inv_get_compass_state
000186c8   inv_get_gyro_accuracy
000186ce   inv_get_large_mag_field
000186d4   inv_get_magnetic_disturbance_state
000186da   inv_got_compass_bias
000186e0   inv_gyro_was_turned_off
000186e6   inv_quaternion_sensor_was_turned_off
000186ec   inv_set_compass_bias_found
000186f2   inv_set_compass_disturbance
000186f8   inv_set_compass_state
000186fe   log
00018704   sinf
0001870a   usbClearOEP0ByteCount
00018710   usbStallOEP0
00018716   USBCDC_handleReceiveCompleted
0001871a   USBCDC_handleSendCompleted
0001871e   USBCDC_handleSetLineCoding
00018722   USB_handleClockEvent
00018726   USB_handleEnumCompleteEvent
0001872a   USB_handleResetEvent
0001872e   USB_handleResumeEvent
00018732   USB_handleSuspendEvent
00018736   _system_pre_init
0001873a   C$$EXIT
0001873a   abort
0001873e   _nop
0001975e   sin_lookup
00019fea   tUsbRequestList
0001a0f4   _ctypes_
0001a1f6   abromStringDescriptor
0001a280   reg
0001a2aa   hw
0001a2b8   test
0001a32e   abromConfigurationDescriptorGroup
0001a410   abromDeviceDescriptor
0001a452   stUsbHandle
ffffffff   .text
ffffffff   __binit__
ffffffff   __c_args__
ffffffff   __etext__
ffffffff   __pinit__
ffffffff   __text__
ffffffff   binit
ffffffff   etext
ffffffff   pinit

[1292 symbols]
