******************************************************************************
                  MSP430 Linker PC v4.1.1                      
******************************************************************************
>> Linked Fri Nov 16 14:39:58 2012

OUTPUT FILE NAME:   <eMPL-5.1.out>
ENTRY POINT SYMBOL: "_c_int00"  address: 0000476e


MEMORY CONFIGURATION

         name            origin    length      used     unused   attr    fill
----------------------  --------  ---------  --------  --------  ----  --------
  SFR                   00000000   00000010  00000000  00000010  RWIX
  PERIPHERALS_8BIT      00000010   000000f0  00000000  000000f0  RWIX
  PERIPHERALS_16BIT     00000100   00000100  00000000  00000100  RWIX
  INFOD                 00001800   00000080  00000000  00000080  RWIX
  INFOC                 00001880   00000080  00000000  00000080  RWIX
  INFOB                 00001900   00000080  00000000  00000080  RWIX
  INFOA                 00001980   00000080  00000000  00000080  RWIX
  RAM                   00002400   00002000  000018f4  0000070c  RWIX
  FLASH                 00004400   0000bb80  0000bb80  00000000  RWIX
  INT00                 0000ff80   00000002  00000000  00000002  RWIX
  INT01                 0000ff82   00000002  00000000  00000002  RWIX
  INT02                 0000ff84   00000002  00000000  00000002  RWIX
  INT03                 0000ff86   00000002  00000000  00000002  RWIX
  INT04                 0000ff88   00000002  00000000  00000002  RWIX
  INT05                 0000ff8a   00000002  00000000  00000002  RWIX
  INT06                 0000ff8c   00000002  00000000  00000002  RWIX
  INT07                 0000ff8e   00000002  00000000  00000002  RWIX
  INT08                 0000ff90   00000002  00000000  00000002  RWIX
  INT09                 0000ff92   00000002  00000000  00000002  RWIX
  INT10                 0000ff94   00000002  00000000  00000002  RWIX
  INT11                 0000ff96   00000002  00000000  00000002  RWIX
  INT12                 0000ff98   00000002  00000000  00000002  RWIX
  INT13                 0000ff9a   00000002  00000000  00000002  RWIX
  INT14                 0000ff9c   00000002  00000000  00000002  RWIX
  INT15                 0000ff9e   00000002  00000000  00000002  RWIX
  INT16                 0000ffa0   00000002  00000000  00000002  RWIX
  INT17                 0000ffa2   00000002  00000000  00000002  RWIX
  INT18                 0000ffa4   00000002  00000000  00000002  RWIX
  INT19                 0000ffa6   00000002  00000000  00000002  RWIX
  INT20                 0000ffa8   00000002  00000000  00000002  RWIX
  INT21                 0000ffaa   00000002  00000000  00000002  RWIX
  INT22                 0000ffac   00000002  00000000  00000002  RWIX
  INT23                 0000ffae   00000002  00000000  00000002  RWIX
  INT24                 0000ffb0   00000002  00000000  00000002  RWIX
  INT25                 0000ffb2   00000002  00000000  00000002  RWIX
  INT26                 0000ffb4   00000002  00000000  00000002  RWIX
  INT27                 0000ffb6   00000002  00000000  00000002  RWIX
  INT28                 0000ffb8   00000002  00000000  00000002  RWIX
  INT29                 0000ffba   00000002  00000000  00000002  RWIX
  INT30                 0000ffbc   00000002  00000000  00000002  RWIX
  INT31                 0000ffbe   00000002  00000000  00000002  RWIX
  INT32                 0000ffc0   00000002  00000000  00000002  RWIX
  INT33                 0000ffc2   00000002  00000000  00000002  RWIX
  INT34                 0000ffc4   00000002  00000000  00000002  RWIX
  INT35                 0000ffc6   00000002  00000000  00000002  RWIX
  INT36                 0000ffc8   00000002  00000000  00000002  RWIX
  INT37                 0000ffca   00000002  00000000  00000002  RWIX
  INT38                 0000ffcc   00000002  00000000  00000002  RWIX
  INT39                 0000ffce   00000002  00000000  00000002  RWIX
  INT40                 0000ffd0   00000002  00000000  00000002  RWIX
  INT41                 0000ffd2   00000002  00000000  00000002  RWIX
  INT42                 0000ffd4   00000002  00000002  00000000  RWIX
  INT43                 0000ffd6   00000002  00000000  00000002  RWIX
  INT44                 0000ffd8   00000002  00000000  00000002  RWIX
  INT45                 0000ffda   00000002  00000000  00000002  RWIX
  INT46                 0000ffdc   00000002  00000000  00000002  RWIX
  INT47                 0000ffde   00000002  00000002  00000000  RWIX
  INT48                 0000ffe0   00000002  00000000  00000002  RWIX
  INT49                 0000ffe2   00000002  00000000  00000002  RWIX
  INT50                 0000ffe4   00000002  00000000  00000002  RWIX
  INT51                 0000ffe6   00000002  00000002  00000000  RWIX
  INT52                 0000ffe8   00000002  00000000  00000002  RWIX
  INT53                 0000ffea   00000002  00000000  00000002  RWIX
  INT54                 0000ffec   00000002  00000000  00000002  RWIX
  INT55                 0000ffee   00000002  00000002  00000000  RWIX
  INT56                 0000fff0   00000002  00000000  00000002  RWIX
  INT57                 0000fff2   00000002  00000000  00000002  RWIX
  INT58                 0000fff4   00000002  00000000  00000002  RWIX
  INT59                 0000fff6   00000002  00000002  00000000  RWIX
  INT60                 0000fff8   00000002  00000000  00000002  RWIX
  INT61                 0000fffa   00000002  00000002  00000000  RWIX
  INT62                 0000fffc   00000002  00000000  00000002  RWIX
  RESET                 0000fffe   00000002  00000002  00000000  RWIX
  FLASH2                00010000   00014400  000093ac  0000b054  RWIX


SECTION ALLOCATION MAP

 output                                  attributes/
section   page    origin      length       input sections
--------  ----  ----------  ----------   ----------------
.pinit     0    00004400    00000000     UNINITIALIZED

.bss       0    00002400    000014f4     UNINITIALIZED
                  00002400    00000394     libmplmpu.lib : accel_auto_cal.obj (.bss)
                  00002794    0000028c                   : compass_vec_cal.obj (.bss)
                  00002a20    00000258                   : fast_no_motion.obj (.bss)
                  00002c78    0000024e     data_builder.obj (.bss)
                  00002ec6    000001b6     libmplmpu.lib : gyro_tc.obj (.bss)
                  0000307c    0000016c     storage_manager.obj (.bss)
                  000031e8    0000012c     libmplmpu.lib : fusion_9axis.obj (.bss)
                  00003314    000000cc     hal_outputs.obj (.bss)
                  000033e0    000000b0     rts430x_lc_rd.lib : signal.obj (.bss)
                  00003490    0000009c     libmplmpu.lib : mag_disturb.obj (.bss)
                  0000352c    0000007a     results_holder.obj (.bss)
                  000035a6    00000078     rts430x_lc_rd.lib : xvalues.obj (.bss)
                  0000361e    0000006a     libmplmpu.lib : quaternion_supervisor.obj (.bss)
                  00003688    00000068     rts430x_lc_rd.lib : xfvalues.obj (.bss)
                  000036f0    00000052     msp430_interrupt.obj (.bss)
                  00003742    00000052     start_manager.obj (.bss)
                  00003794    00000048     usb.obj (.bss)
                  000037dc    00000036     inv_mpu.obj (.bss)
                  00003812    00000036     mllite_test.obj (.bss)
                  00003848    0000002e     UsbCdc.obj (.bss)
                  00003876    0000001e     eMPL_outputs.obj (.bss)
                  00003894    0000001e     msp430_clock.obj (.bss)
                  000038b2    00000010     inv_mpu_dmp_motion_driver.obj (.bss)
                  000038c2    0000000c     msp430_i2c.obj (.bss)
                  000038ce    00000008     dma.obj (.bss)
                  000038d6    00000008     rts430x_lc_rd.lib : _lock.obj (.bss)
                  000038de    00000008                       : boot.obj (.bss)
                  000038e6    00000008                       : feraiseexcept.obj (.bss)
                  000038ee    00000004     message_layer.obj (.bss)
                  000038f2    00000002     rts430x_lc_rd.lib : errno.obj (.bss)

.stack     0    00004000    00000400     UNINITIALIZED
                  00004000    00000004     rts430x_lc_rd.lib : boot.obj (.stack)
                  00004004    000003fc     --HOLE--

.text:_isr 
*          0    00004400    00000398     
                  00004400    00000138     UsbIsr.obj (.text:_isr:iUsbInterruptHandler)
                  00004538    000000c2     msp430_i2c.obj (.text:_isr:I2C_ISR)
                  000045fa    0000007a     msp430_interrupt.obj (.text:_isr:P1_ISR)
                  00004674    0000007a     msp430_interrupt.obj (.text:_isr:P2_ISR)
                  000046ee    00000042     msp430_clock.obj (.text:_isr:TIMERB0_ISR)
                  00004730    0000003e     msp430_interrupt.obj (.text:_isr:UNMI_ISR)
                  0000476e    0000002a     rts430x_lc_rd.lib : boot.obj (.text:_isr:_c_int00_noexit)

.cinit     0    00004798    000001d8     
                  00004798    0000005a     rts430x_lc_rd.lib : xvalues.obj (.cinit)
                  000047f2    00000050                       : xfvalues.obj (.cinit)
                  00004842    00000031     mllite_test.obj (.cinit)
                  00004873    00000001     --HOLE-- [fill = 0]
                  00004874    00000028     libmplmpu.lib : compass_vec_cal.obj (.cinit)
                  0000489c    00000024     msp430_clock.obj (.cinit)
                  000048c0    0000001a     hal_outputs.obj (.cinit)
                  000048da    0000001a     inv_mpu.obj (.cinit)
                  000048f4    00000017     usb.obj (.cinit)
                  0000490b    00000001     --HOLE-- [fill = 0]
                  0000490c    00000015     inv_mpu_dmp_motion_driver.obj (.cinit)
                  00004921    00000001     --HOLE-- [fill = 0]
                  00004922    00000014     rts430x_lc_rd.lib : feraiseexcept.obj (.cinit)
                  00004936    00000011     msp430_i2c.obj (.cinit)
                  00004947    00000001     --HOLE-- [fill = 0]
                  00004948    0000000a     libmplmpu.lib : mag_disturb.obj (.cinit)
                  00004952    0000000a     msp430_interrupt.obj (.cinit)
                  0000495c    0000000a     rts430x_lc_rd.lib : signal.obj (.cinit)
                  00004966    00000008                       : errno.obj (.cinit)
                  0000496e    00000002     --HOLE-- [fill = 0]

.text.1    0    00004970    0000b610     
                  00004970    00000a04     libmplmpu.lib : compass_vec_cal.obj (.text:inv_compute_bias)
                  00005374    00000858                   : compass_vec_cal.obj (.text:inv_center_sum)
                  00005bcc    000007aa     mllite_test.obj (.text:handle_input)
                  00006376    0000076a     libmplmpu.lib : compass_vec_cal.obj (.text:inv_process_compass_only_cal)
                  00006ae0    0000065e     mllite_test.obj (.text:main)
                  0000713e    000005fc     libmplmpu.lib : fusion_9axis.obj (.text:inv_perform_9x_fusion)
                  0000773a    00000584     inv_mpu.obj (.text:get_st_biases)
                  00007cbe    0000045a     libmplmpu.lib : quaternion_supervisor.obj (.text:inv_generate_accel_gyro_quaternion)
                  00008118    00000448                   : compass_vec_cal.obj (.text:inv_set_terms)
                  00008560    00000446                   : gyro_tc.obj (.text:inv_gtc_compute_slope)
                  000089a6    0000042c     UsbCdc.obj (.text:USBCDC_receiveData)
                  00008dd2    0000042c     libmplmpu.lib : mag_disturb.obj (.text:inv_check_magnetic_disturbance)
                  000091fe    0000038e     rts430x_lc_rd.lib : llmath.obj (.text:__divull)
                  0000958c    0000038c     eMPL_outputs.obj (.text:inv_get_sensor_type_euler)
                  00009918    00000372     libmplmpu.lib : quaternion_supervisor.obj (.text:accel_fusion)
                  00009c8a    0000033c                   : fast_no_motion.obj (.text:inv_fast_nomot_parameter)
                  00009fc6    00000336                   : quaternion_supervisor.obj (.text:inv_process_dmp_quaternion)
                  0000a2fc    00000320                   : fast_no_motion.obj (.text:inv_generate_fast_nomot)
                  0000a61c    000002a2     UsbCdc.obj (.text:CdcToHostFromBuffer)
                  0000a8be    0000027c     libmplmpu.lib : accel_auto_cal.obj (.text:inv_check_sample_balance)
                  0000ab3a    00000274                   : compass_vec_cal.obj (.text:inv_check_peaks)
                  0000adae    0000026c     rts430x_lc_rd.lib : xlog.obj (.text:_Log)
                  0000b01a    0000025c     libmplmpu.lib : fusion_9axis.obj (.text:inv_filter_correction_angle)
                  0000b276    0000025a                   : quaternion_supervisor.obj (.text:inv_compute_quat_from_accel)
                  0000b4d0    00000252     log_msp430.obj (.text:eMPL_send_data)
                  0000b722    00000252     inv_mpu.obj (.text:setup_compass)
                  0000b974    00000248     inv_mpu.obj (.text:mpu_read_fifo)
                  0000bbbc    00000236     rts430x_lc_rd.lib : xfsin.obj (.text:_FSin)
                  0000bdf2    00000228     UsbCdc.obj (.text:CdcToBufferFromHost)
                  0000c01a    00000228     rts430x_lc_rd.lib : _printfi.obj (.text:_setfield)
                  0000c242    0000021c     ml_math_func.obj (.text:inv_q_multf)
                  0000c45e    00000216     inv_mpu.obj (.text:mpu_init)
                  0000c674    00000210     inv_mpu.obj (.text:mpu_lp_motion_interrupt)
                  0000c884    00000210     mllite_test.obj (.text:read_from_mpl)
                  0000ca94    0000020e     rts430x_lc_rd.lib : _printfi.obj (.text:_printfi)
                  0000cca2    0000020a     inv_mpu_dmp_motion_driver.obj (.text:dmp_read_fifo)
                  0000ceac    000001fc     libmplmpu.lib : quaternion_supervisor.obj (.text:inv_generate_gyro_quaternion)
                  0000d0a8    000001fc     ml_math_func.obj (.text:inv_quaternion_to_rotation)
                  0000d2a4    000001de     ml_math_func.obj (.text:inv_q_normalizef)
                  0000d482    000001d4     inv_mpu.obj (.text:mpu_reset_fifo)
                  0000d656    000001c6     libmplmpu.lib : compass_vec_cal.obj (.text:inv_combine_compass_data)
                  0000d81c    000001ba                   : compass_vec_cal.obj (.text:inv_check_sim)
                  0000d9d6    000001b4                   : mag_disturb.obj (.text:ComputeAngleVelocity)
                  0000db8a    000001b2                   : fast_no_motion.obj (.text:inv_fast_nomot_set_gyro_bias)
                  0000dd3c    000001b0                   : compass_vec_cal.obj (.text:inv_ignore_compass_data)
                  0000deec    000001ac     inv_mpu_dmp_motion_driver.obj (.text:dmp_enable_feature)
                  0000e098    000001ac     libmplmpu.lib : quaternion_supervisor.obj (.text:inv_normalize_quat)
                  0000e244    000001a6     rts430x_lc_rd.lib : fmodf.obj (.text:fmodf)
                  0000e3ea    000001a4     ml_math_func.obj (.text:inv_q_mult)
                  0000e58e    000001a2     usb.obj (.text:USB_reset)
                  0000e730    000001a2     rts430x_lc_rd.lib : _printfi.obj (.text:_pproc_fge)
                  0000e8d2    0000019e     inv_mpu_dmp_motion_driver.obj (.text:dmp_set_tap_thresh)
                  0000ea70    0000019a     inv_mpu_dmp_motion_driver.obj (.text:dmp_set_orientation)
                  0000ec0a    00000188     rts430x_lc_rd.lib : _printfi.obj (.text:_getarg_diouxp)
                  0000ed92    0000017c                       : _printfi.obj (.text:ecvt)
                  0000ef0e    00000176     libmplmpu.lib : compass_vec_cal.obj (.text:inv_bias_stability)
                  0000f084    0000016e                   : fast_no_motion.obj (.text:inv_fast_nomot_store_data)
                  0000f1f2    0000016c     rts430x_lc_rd.lib : _printfi.obj (.text:fcvt)
                  0000f35e    0000015a     inv_mpu.obj (.text:mpu_set_sensors)
                  0000f4b8    00000156     rts430x_lc_rd.lib : _printfi.obj (.text:_pconv_e)
                  0000f60e    00000152     inv_mpu.obj (.text:gyro_self_test)
                  0000f760    00000148     ml_math_func.obj (.text:inv_compass_angle)
                  0000f8a8    00000142     rts430x_lc_rd.lib : xfatan.obj (.text:_FAtan)
                  0000f9ea    00000140                       : llmath.obj (.text:__divlli)
                  0000fb2a    0000013c     inv_mpu.obj (.text:mpu_set_bypass)
                  0000fc66    00000136     inv_mpu.obj (.text:compass_self_test)
                  0000fd9c    00000134     inv_mpu.obj (.text:mpu_run_self_test)
                  0000fed0    000000b0     results_holder.obj (.text:inv_get_gravity)

.int42     0    0000ffd4    00000002     
                  0000ffd4    00000002     msp430_interrupt.obj (.int42)

.int47     0    0000ffde    00000002     
                  0000ffde    00000002     msp430_interrupt.obj (.int47)

.int51     0    0000ffe6    00000002     
                  0000ffe6    00000002     UsbIsr.obj (.int51)

.int55     0    0000ffee    00000002     
                  0000ffee    00000002     msp430_i2c.obj (.int55)

.int59     0    0000fff6    00000002     
                  0000fff6    00000002     msp430_clock.obj (.int59)

.int61     0    0000fffa    00000002     
                  0000fffa    00000002     msp430_interrupt.obj (.int61)

.reset     0    0000fffe    00000002     
                  0000fffe    00000002     rts430x_lc_rd.lib : boot.obj (.reset)

.text.2    0    00010000    00007b76     
                  00010000    00000130     rts430x_lc_rd.lib : fs_add.obj (.text)
                  00010130    00000128                       : xdscale.obj (.text:_Dscale)
                  00010258    00000120     eMPL_outputs.obj (.text:inv_generate_eMPL_outputs)
                  00010378    0000011e     rts430x_lc_rd.lib : _printfi.obj (.text:_pproc_diouxp)
                  00010496    0000011e                       : sqrt.obj (.text:sqrt)
                  000105b4    0000011e                       : sqrtf.obj (.text:sqrtf)
                  000106d2    0000011c                       : xfdscale.obj (.text:_FDscale)
                  000107ee    0000011a     ml_math_func.obj (.text:inv_q_norm4)
                  00010908    00000108     rts430x_lc_rd.lib : atan2f.obj (.text:atan2f)
                  00010a10    00000108     eMPL_outputs.obj (.text:inv_get_sensor_type_heading)
                  00010b18    00000104     rts430x_lc_rd.lib : _printfi.obj (.text:_pconv_g)
                  00010c1c    00000102                       : _printfi.obj (.text:_ltostr)
                  00010d1e    00000100                       : _printfi.obj (.text:_pproc_fwp)
                  00010e1e    000000fe     inv_mpu.obj (.text:accel_self_test)
                  00010f1c    000000fe     libmplmpu.lib : gyro_tc.obj (.text:inv_gtc_data_cb)
                  0001101a    000000fa     log_msp430.obj (.text:eMPL_send_quat)
                  00011114    000000f8     UsbCdc.obj (.text:CopyUsbToBuff)
                  0001120c    000000f6     libmplmpu.lib : accel_auto_cal.obj (.text:inv_sort_order_4_T)
                  00011302    000000f4     inv_mpu.obj (.text:get_accel_prod_shift)
                  000113f6    000000f0     rts430x_lc_rd.lib : acosf.obj (.text:acosf)
                  000114e6    000000f0     libmplmpu.lib : fusion_9axis.obj (.text:inv_find_synchronized_compass_angle)
                  000115d6    000000ec     usb.obj (.text:USB_InitSerialStringDescriptor)
                  000116c2    000000ea     storage_manager.obj (.text:inv_load_mpl_states)
                  000117ac    000000e8     libmplmpu.lib : fusion_9axis.obj (.text:inv_process_9x_sensor_fusion_cb)
                  00011894    000000e6     inv_mpu.obj (.text:mpu_lp_accel_mode)
                  0001197a    000000e4     HAL_UCS.obj (.text:Init_FLL)
                  00011a5e    000000e4     libmplmpu.lib : fast_no_motion.obj (.text:inv_detect_motion_by_gyro_accel)
                  00011b42    000000e2     rts430x_lc_rd.lib : fltllid.obj (.text:_fltllid)
                  00011c24    000000e0     log_msp430.obj (.text:_MLPrintLog)
                  00011d04    000000e0     libmplmpu.lib : gyro_tc.obj (.text:inv_gtc_add_data)
                  00011de4    000000de     data_builder.obj (.text:inv_apply_calibration)
                  00011ec2    000000dc     msp430_interrupt.obj (.text:msp430_reg_int_cb)
                  00011f9e    000000d8     inv_mpu.obj (.text:mpu_get_compass_reg)
                  00012076    000000d4     HAL_PMM.obj (.text:SetVCoreUp)
                  0001214a    000000d0     libmplmpu.lib : fast_no_motion.obj (.text:inv_sensor_data_preprocess)
                  0001221a    000000ce     inv_mpu.obj (.text:mpu_load_firmware)
                  000122e8    000000cc     inv_mpu_dmp_motion_driver.obj (.text:dmp_set_interrupt_mode)
                  000123b4    000000ca     mpl.obj (.text:inv_init_mpl)
                  0001247e    000000c8     data_builder.obj (.text:inv_register_data_cb)
                  00012546    000000c6     inv_mpu.obj (.text:mpu_read_fifo_stream)
                  0001260c    000000c2     UsbCdc.obj (.text:USBCDC_intfStatus)
                  000126ce    000000be     mllite_test.obj (.text:orient_cb)
                  0001278c    000000bc     libmplmpu.lib : fast_no_motion.obj (.text:inv_init_maxmin)
                  00012848    000000bc     storage_manager.obj (.text:inv_save_mpl_states)
                  00012904    000000b6     rts430x_lc_rd.lib : fs_mpy.obj (.text)
                  000129ba    000000b4     UsbCdc.obj (.text:USBCDC_bytesInUSBBuffer)
                  00012a6e    000000b4     ml_math_func.obj (.text:inv_convert_to_body_with_scale)
                  00012b22    000000b2     libmplmpu.lib : compass_vec_cal.obj (.text:inv_init_sensitivity_const)
                  00012bd4    000000b2                   : mag_disturb.obj (.text:inv_track_dip_angle)
                  00012c86    000000b2     inv_mpu.obj (.text:mpu_set_sample_rate)
                  00012d38    000000ac     inv_mpu.obj (.text:mpu_get_temperature)
                  00012de4    000000aa     data_builder.obj (.text:inv_set_contiguous)
                  00012e8e    000000aa     mllite_test.obj (.text:tap_cb)
                  00012f38    000000a8     rts430x_lc_rd.lib : _printfi.obj (.text:_pproc_str)
                  00012fe0    000000a8     libmplmpu.lib : compass_vec_cal.obj (.text:inv_add_compass_block_data)
                  00013088    000000a8     msp430_clock.obj (.text:msp430_clock_init)
                  00013130    0000009e     libmplmpu.lib : compass_vec_cal.obj (.text:inv_cheap_rand)
                  000131ce    0000009c     data_builder.obj (.text:inv_build_compass)
                  0001326a    0000009c     libmplmpu.lib : compass_vec_cal.obj (.text:inv_get_current_calibrated_compass)
                  00013306    0000009c                   : compass_vec_cal.obj (.text:inv_set_peaks)
                  000133a2    0000009a     HAL_PMM.obj (.text:SetVCoreDown)
                  0001343c    0000009a     msp430_i2c.obj (.text:msp430_i2c_read)
                  000134d6    0000009a     msp430_i2c.obj (.text:msp430_i2c_write)
                  00013570    00000098     libmplmpu.lib : mag_disturb.obj (.text:MagDisturbSetDisturbance)
                  00013608    00000096     usb.obj (.text:USB_connectionState)
                  0001369e    00000092     rts430x_lc_rd.lib : xdnorm.obj (.text:_Dnorm)
                  00013730    0000008e                       : fs_div.obj (.text)
                  000137be    0000008e     usb.obj (.text:usbDecodeAndProcessUsbRequest)
                  0001384c    0000008e     usb.obj (.text:usbGetEndpointStatus)
                  000138da    0000008c     usb.obj (.text:USB_enable)
                  00013966    0000008c     rts430x_lc_rd.lib : xfdnorm.obj (.text:_FDnorm)
                  000139f2    0000008a     UsbCdc.obj (.text:USBCDC_sendData)
                  00013a7c    0000008a     data_builder.obj (.text:inv_build_accel)
                  00013b06    00000088     rts430x_lc_rd.lib : _printfi.obj (.text:_ecpy)
                  00013b8e    00000088     libmplmpu.lib : fast_no_motion.obj (.text:inv_init_fast_nomot)
                  00013c16    00000088     inv_mpu.obj (.text:mpu_set_lpf)
                  00013c9e    00000086     rts430x_lc_rd.lib : _printfi.obj (.text:_div)
                  00013d24    00000086     data_builder.obj (.text:inv_set_gyro_bias)
                  00013daa    00000084     rts430x_lc_rd.lib : fixdlli.obj (.text:_fixdlli)
                  00013e2e    00000084     storage_manager.obj (.text:inv_register_load_store)
                  00013eb2    00000082     libmplmpu.lib : fast_no_motion.obj (.text:inv_fast_nomot_store_data_compass)
                  00013f34    00000080                   : mag_disturb.obj (.text:Mag3ofNormalizedLong)
                  00013fb4    00000080     inv_mpu_dmp_motion_driver.obj (.text:dmp_set_orient_thresh)
                  00014034    00000080     rts430x_lc_rd.lib : ltoa.obj (.text:ltoa)
                  000140b4    00000080     inv_mpu.obj (.text:mpu_set_dmp_state)
                  00014134    00000080     inv_mpu.obj (.text:mpu_set_gyro_fsr)
                  000141b4    0000007e     rts430x_lc_rd.lib : _printfi.obj (.text:_mcpy)
                  00014232    0000007e     libmplmpu.lib : compass_vec_cal.obj (.text:inv_cheap_gaussian)
                  000142b0    0000007e                   : compass_vec_cal.obj (.text:inv_init_vector_compass_cal)
                  0001432e    0000007e     inv_mpu.obj (.text:mpu_read_mem)
                  000143ac    0000007e     inv_mpu.obj (.text:mpu_write_mem)
                  0001442a    0000007e     rts430x_lc_rd.lib : fs_tol.obj (.text)
                  000144a8    0000007c     inv_mpu.obj (.text:mpu_get_accel_reg)
                  00014524    0000007a     inv_mpu.obj (.text:mpu_set_accel_fsr)
                  0001459e    00000078     ml_math_func.obj (.text:inv_q_addf)
                  00014616    00000078     msp430_i2c.obj (.text:msp430_i2c_enable)
                  0001468e    00000076     rts430x_lc_rd.lib : _printfi.obj (.text:_pconv_f)
                  00014704    00000076     UsbCdc.obj (.text:usbGetLineCoding)
                  0001477a    00000074     inv_mpu_dmp_motion_driver.obj (.text:dmp_set_fifo_rate)
                  000147ee    00000074     data_builder.obj (.text:inv_execute_on_data)
                  00014862    00000074     msp430_clock.obj (.text:msp430_clock_enable)
                  000148d6    00000074     inv_mpu.obj (.text:set_int_enable)
                  0001494a    00000072     ml_math_func.obj (.text:mlMatrixVectorMult)
                  000149bc    00000070     data_builder.obj (.text:inv_get_last_timestamp)
                  00014a2c    0000006e     usbConstructs.obj (.text:cdcSendDataInBackground)
                  00014a9a    0000006e     libmplmpu.lib : quaternion_supervisor.obj (.text:inv_generate_quaternion)
                  00014b08    0000006e     inv_mpu.obj (.text:mpu_reg_dump)
                  00014b76    0000006e     usb.obj (.text:usbSendNextPacketOnIEP0)
                  00014be4    0000006c     inv_mpu_dmp_motion_driver.obj (.text:dmp_get_pedometer_walk_time)
                  00014c50    00000068     data_builder.obj (.text:inv_reset_compass_soft_iron_matrix)
                  00014cb8    00000068     rts430x_lc_rd.lib : fs_toi.obj (.text)
                  00014d20    00000066     results_holder.obj (.text:inv_init_results_holder)
                  00014d86    00000066     inv_mpu.obj (.text:mpu_configure_fifo)
                  00014dec    00000064     rts430x_lc_rd.lib : xdunscal.obj (.text:_Dunscale)
                  00014e50    00000064                       : xfdunsca.obj (.text:_FDunscale)
                  00014eb4    00000064     results_holder.obj (.text:inv_get_linear_accel)
                  00014f18    00000064     data_builder.obj (.text:inv_set_compass_soft_iron_input_data)
                  00014f7c    00000064     msp430_interrupt.obj (.text:msp430_int_enable)
                  00014fe0    00000062     rts430x_lc_rd.lib : atoi.obj (.text:atoi)
                  00015042    00000062     ml_math_func.obj (.text:inv_q_rotate)
                  000150a4    00000062     data_builder.obj (.text:inv_set_accel_bias)
                  00015106    00000060     inv_mpu.obj (.text:mpu_set_int_latched)
                  00015166    0000005e     UsbCdc.obj (.text:CdcResetData)
                  000151c4    0000005e     ml_math_func.obj (.text:inv_q_add)
                  00015222    0000005e     mllite_test.obj (.text:setup_gyro)
                  00015280    0000005c     usb.obj (.text:USB_init)
                  000152dc    0000005c     libmplmpu.lib : mag_disturb.obj (.text:inv_init_magnetic_disturbance)
                  00015338    0000005c                   : mag_disturb.obj (.text:inv_magnetic_disturbance_process)
                  00015394    0000005a                   : mag_disturb.obj (.text:MagDisturbCheckSettling)
                  000153ee    0000005a                   : compass_vec_cal.obj (.text:inv_generate_vector_compass_cal)
                  00015448    0000005a                   : fast_no_motion.obj (.text:inv_record_max_moment_in_no_motion_accel)
                  000154a2    0000005a                   : fast_no_motion.obj (.text:inv_record_max_moment_in_no_motion_gyro)
                  000154fc    0000005a     data_builder.obj (.text:inv_set_compass_bias)
                  00015556    0000005a     inv_mpu.obj (.text:mpu_set_compass_sample_rate)
                  000155b0    00000058     rts430x_lc_rd.lib : mult64_f5hw.obj (.text:__mpyll)
                  00015608    00000058     inv_mpu_dmp_motion_driver.obj (.text:dmp_get_pedometer_step_count)
                  00015660    00000058     libmplmpu.lib : fast_no_motion.obj (.text:inv_record_min_moment_in_motion_accel)
                  000156b8    00000058                   : fast_no_motion.obj (.text:inv_record_min_moment_in_motion_gyro)
                  00015710    00000058     rts430x_lc_rd.lib : div32u.obj (.text)
                  00015768    00000054                       : autoinit.obj (.text:_auto_init)
                  000157bc    00000054     inv_mpu_dmp_motion_driver.obj (.text:dmp_enable_6x_lp_quat)
                  00015810    00000054     inv_mpu_dmp_motion_driver.obj (.text:dmp_enable_lp_quat)
                  00015864    00000054     results_holder.obj (.text:inv_get_quaternion_set)
                  000158b8    00000054     ml_math_func.obj (.text:inv_q_invert)
                  0001590c    00000054     inv_mpu.obj (.text:mpu_get_lpf)
                  00015960    00000052     libmplmpu.lib : fast_no_motion.obj (.text:inv_reset_min_max_gyro_accel_statistics)
                  000159b2    00000052     usb.obj (.text:usbReceiveNextPacketOnOEP0)
                  00015a04    00000050     HAL_TLV.obj (.text:Get_TLV_Info)
                  00015a54    00000050     libmplmpu.lib : fast_no_motion.obj (.text:inv_max_change)
                  00015aa4    00000050                   : fast_no_motion.obj (.text:inv_set_default_number_of_samples)
                  00015af4    0000004e     rts430x_lc_rd.lib : _printfi.obj (.text:_fcpy)
                  00015b42    0000004e     libmplmpu.lib : gyro_tc.obj (.text:inv_gtc_get_bin)
                  00015b90    0000004e     inv_mpu.obj (.text:mpu_get_gyro_sens)
                  00015bde    0000004e     usb.obj (.text:usbGetStringDescriptor)
                  00015c2c    0000004c     inv_mpu_dmp_motion_driver.obj (.text:dmp_set_shake_reject_thresh)
                  00015c78    0000004c     data_builder.obj (.text:inv_init_data_builder)
                  00015cc4    0000004c     ml_math_func.obj (.text:inv_q_invertf)
                  00015d10    0000004c     libmplmpu.lib : fast_no_motion.obj (.text:inv_start_fast_nomot)
                  00015d5c    0000004a     UsbCdc.obj (.text:Handler_SetLineCoding)
                  00015da6    0000004a     mpl.obj (.text:inv_start_mpl)
                  00015df0    0000004a     rts430x_lc_rd.lib : fs_cmp.obj (.text)
                  00015e3a    0000004a                       : fs_ltof.obj (.text)
                  00015e84    00000048     UsbIsr.obj (.text:PWRVBUSoffHandler)
                  00015ecc    00000048     UsbIsr.obj (.text:SetupPacketInterruptHandler)
                  00015f14    00000048     libmplmpu.lib : fusion_9axis.obj (.text:inv_init_9x_fusion)
                  00015f5c    00000048     ml_math_func.obj (.text:inv_row_2_scale)
                  00015fa4    00000048     usb.obj (.text:usbSetEndpointFeature)
                  00015fec    00000046     rts430x_lc_rd.lib : _printfi.obj (.text:_pproc_fflags)
                  00016032    00000046     inv_mpu_dmp_motion_driver.obj (.text:decode_gesture)
                  00016078    00000046     libmplmpu.lib : fast_no_motion.obj (.text:inv_fast_nomot_reset_data_compass)
                  000160be    00000046                   : quaternion_supervisor.obj (.text:inv_init_quaternion)
                  00016104    00000046     inv_mpu.obj (.text:mpu_get_accel_sens)
                  0001614a    00000046     rts430x_lc_rd.lib : fs_tou.obj (.text)
                  00016190    00000044                       : llmath.obj (.text:__asrll)
                  000161d4    00000042     libmplmpu.lib : quaternion_supervisor.obj (.text:inv_start_quaternion)
                  00016216    00000040     HAL_PMM.obj (.text:SetVCore)
                  00016256    00000040     usbConstructs.obj (.text:cdcReceiveDataInBuffer)
                  00016296    00000040     data_builder.obj (.text:inv_build_gyro)
                  000162d6    00000040     ml_math_func.obj (.text:inv_checksum)
                  00016316    00000040     results_holder.obj (.text:inv_set_motion_state)
                  00016356    00000040     inv_mpu.obj (.text:mpu_get_accel_fsr)
                  00016396    00000040     rts430x_lc_rd.lib : div32s.obj (.text)
                  000163d6    00000040     usb.obj (.text:usbClearEndpointFeature)
                  00016416    0000003e     rts430x_lc_rd.lib : llmath.obj (.text:__lslll)
                  00016454    0000003e                       : llmath.obj (.text:__lsrll)
                  00016492    0000003e     libmplmpu.lib : fast_no_motion.obj (.text:inv_fast_nomot_parameter_compass)
                  000164d0    0000003e     ml_math_func.obj (.text:inv_get_gyro_sum_of_sqr)
                  0001650e    0000003e     data_builder.obj (.text:inv_set_accel_sample_rate)
                  0001654c    0000003e     data_builder.obj (.text:inv_set_compass_sample_rate)
                  0001658a    0000003e     data_builder.obj (.text:inv_set_gyro_sample_rate)
                  000165c8    0000003e     rts430x_lc_rd.lib : asr32.obj (.text:l_asr_const)
                  00016606    0000003e                       : lsl32.obj (.text:l_lsl_const)
                  00016644    0000003e                       : lsr32.obj (.text:l_lsr_const)
                  00016682    0000003c                       : xfdtest.obj (.text:_FDtest)
                  000166be    0000003c     inv_mpu_dmp_motion_driver.obj (.text:dmp_set_pedometer_walk_time)
                  000166fa    0000003c     data_builder.obj (.text:inv_get_compass_set)
                  00016736    0000003c     inv_mpu.obj (.text:mpu_get_gyro_fsr)
                  00016772    0000003a     results_holder.obj (.text:inv_get_quaternion)
                  000167ac    0000003a     rts430x_lc_rd.lib : vsprintf.obj (.text:vsprintf)
                  000167e6    00000038     UsbIsr.obj (.text:OEP0InterruptHandler)
                  0001681e    00000038     dma.obj (.text:USB_initMemcpy)
                  00016856    00000038     libmplmpu.lib : fast_no_motion.obj (.text:inv_if_enough_data)
                  0001688e    00000038                   : accel_auto_cal.obj (.text:inv_init_check_sample_balance)
                  000168c6    00000038                   : gyro_tc.obj (.text:inv_init_gyro_ts)
                  000168fe    00000038                   : compass_vec_cal.obj (.text:inv_reset_data_collection)
                  00016936    00000038     rts430x_lc_rd.lib : signal.obj (.text:signal)
                  0001696e    00000036     HAL_UCS.obj (.text:Init_FLL_Settle)
                  000169a4    00000036     UsbIsr.obj (.text:PWRVBUSonHandler)
                  000169da    00000036     rts430x_lc_rd.lib : xferaise.obj (.text:_Feraise)
                  00016a10    00000036                       : fs_itof.obj (.text)
                  00016a46    00000034     HAL_UCS.obj (.text:XT1_Start)
                  00016a7a    00000034     inv_mpu_dmp_motion_driver.obj (.text:dmp_set_tap_axes)
                  00016aae    00000034     rts430x_lc_rd.lib : feraiseexcept.obj (.text:feraiseexcept)
                  00016ae2    00000034     libmplmpu.lib : gyro_tc.obj (.text:inv_enable_gyro_tc)
                  00016b16    00000034     data_builder.obj (.text:inv_get_accel_set)
                  00016b4a    00000034     msp430_clock.obj (.text:msp430_delay_ms)
                  00016b7e    00000032     usb.obj (.text:USB_suspend)
                  00016bb0    00000032     inv_mpu_dmp_motion_driver.obj (.text:dmp_set_pedometer_step_count)
                  00016be2    00000032     data_builder.obj (.text:inv_build_quat)
                  00016c14    00000032     ml_math_func.obj (.text:inv_cosf)
                  00016c46    00000032     data_builder.obj (.text:inv_db_load_func)
                  00016c78    00000032     libmplmpu.lib : gyro_tc.obj (.text:inv_gtc_store)
                  00016caa    00000032     rts430x_lc_rd.lib : memccpy.obj (.text:memccpy)
                  00016cdc    00000032                       : raise.obj (.text:raise)
                  00016d0e    00000032                       : fs_ultof.obj (.text)
                  00016d40    00000030     HAL_FLASH.obj (.text:FlashWrite_8)
                  00016d70    00000030     usb.obj (.text:USB_connectionInfo)
                  00016da0    00000030     HAL_UCS.obj (.text:XT2_Start)
                  00016dd0    00000030     data_builder.obj (.text:inv_get_gyro_set)
                  00016e00    00000030     libmplmpu.lib : fast_no_motion.obj (.text:inv_reset_packet)
                  00016e30    0000002e     ml_math_func.obj (.text:inv_sinf)
                  00016e5e    0000002e     rts430x_lc_rd.lib : memmov.obj (.text:memmove)
                  00016e8c    0000002c     start_manager.obj (.text:inv_execute_mpl_start_notification)
                  00016eb8    0000002c     eMPL_outputs.obj (.text:inv_get_sensor_type_quat)
                  00016ee4    0000002c     libmplmpu.lib : gyro_tc.obj (.text:inv_gtc_load)
                  00016f10    0000002c     rts430x_lc_rd.lib : div16s.obj (.text)
                  00016f3c    0000002c     usb.obj (.text:usbGetDeviceStatus)
                  00016f68    0000002a     rts430x_lc_rd.lib : mult3264_f5hw.obj (.text:__mpysll)
                  00016f92    0000002a     data_builder.obj (.text:inv_get_compass_soft_iron_output_data)
                  00016fbc    0000002a     eMPL_outputs.obj (.text:inv_get_sensor_type_rot_mat)
                  00016fe6    0000002a     ml_math_func.obj (.text:inv_orientation_matrix_to_scalar)
                  00017010    0000002a     dma.obj (.text:memcpyV)
                  0001703a    00000028     inv_mpu_dmp_motion_driver.obj (.text:dmp_set_tap_count)
                  00017062    00000028     data_builder.obj (.text:inv_get_gyro_bias)
                  0001708a    00000028     dma.obj (.text:memcpyDMA0)
                  000170b2    00000026     inv_mpu_dmp_motion_driver.obj (.text:dmp_set_orient_time)
                  000170d8    00000026     inv_mpu_dmp_motion_driver.obj (.text:dmp_set_shake_reject_time)
                  000170fe    00000026     inv_mpu_dmp_motion_driver.obj (.text:dmp_set_shake_reject_timeout)
                  00017124    00000026     inv_mpu_dmp_motion_driver.obj (.text:dmp_set_tap_time)
                  0001714a    00000026     inv_mpu_dmp_motion_driver.obj (.text:dmp_set_tap_time_multi)
                  00017170    00000026     data_builder.obj (.text:inv_build_temp)
                  00017196    00000024     HAL_FLASH.obj (.text:Flash_SegmentErase)
                  000171ba    00000024     storage_manager.obj (.text:inv_find_entry)
                  000171de    00000024     results_holder.obj (.text:inv_set_compass_correction)
                  00017202    00000024     results_holder.obj (.text:inv_store_gaming_quaternion)
                  00017226    00000024     msp430_i2c.obj (.text:msp430_i2c_disable)
                  0001724a    00000024     rts430x_lc_rd.lib : fs_utof.obj (.text)
                  0001726e    00000022     HAL_FLASH.obj (.text:Flash_EraseCheck)
                  00017290    00000022     usb.obj (.text:USB_disable)
                  000172b2    00000022     libmplmpu.lib : compass_vec_cal.obj (.text:inv_init_peaks)
                  000172d4    00000022     storage_manager.obj (.text:inv_init_storage_manager)
                  000172f6    00000022     start_manager.obj (.text:inv_register_mpl_start_notification)
                  00017318    00000022     msp430_interrupt.obj (.text:msp430_int_init)
                  0001733a    00000022     rts430x_lc_rd.lib : mult32_f5hw.obj (.text)
                  0001735c    00000022     usb.obj (.text:usbSendDataPacketOnEP0)
                  0001737e    00000020     rts430x_lc_rd.lib : vsprintf.obj (.text:_outs)
                  0001739e    00000020     results_holder.obj (.text:inv_get_compass_correction)
                  000173be    00000020     usb.obj (.text:usbSetAddress)
                  000173de    00000020     usb.obj (.text:usbSetConfiguration)
                  000173fe    0000001e     libmplmpu.lib : accel_auto_cal.obj (.text:inv_init_check_sample_balance_parameter)
                  0001741c    0000001e     eMPL_outputs.obj (.text:inv_init_eMPL_outputs)
                  0001743a    0000001e     start_manager.obj (.text:inv_init_start_manager)
                  00017458    0000001e     message_layer.obj (.text:inv_set_message)
                  00017476    0000001e     usb.obj (.text:usbGetInterface)
                  00017494    0000001e     usb.obj (.text:usbGetInterfaceStatus)
                  000174b2    0000001c     UsbIsr.obj (.text:IEP0InterruptHandler)
                  000174ce    0000001c     inv_mpu_dmp_motion_driver.obj (.text:dmp_set_orient_axes)
                  000174ea    0000001c     data_builder.obj (.text:inv_set_quat_sample_rate)
                  00017506    0000001a     UsbCdc.obj (.text:CdcIsReceiveInProgress)
                  00017520    0000001a     usb.obj (.text:USB_connect)
                  0001753a    0000001a     rts430x_lc_rd.lib : mult1632_f5hw.obj (.text:__mpysl)
                  00017554    0000001a     libmplmpu.lib : mag_disturb.obj (.text:inv_enable_magnetic_disturbance)
                  0001756e    0000001a     ml_math_func.obj (.text:inv_q29_mult)
                  00017588    0000001a     ml_math_func.obj (.text:inv_q30_mult)
                  000175a2    00000018     usb.obj (.text:USB_resume)
                  000175ba    00000018     rts430x_lc_rd.lib : xfdclass.obj (.text:_FDclass)
                  000175d2    00000018     inv_mpu_dmp_motion_driver.obj (.text:dmp_load_motion_driver_firmware)
                  000175ea    00000018     libmplmpu.lib : fusion_9axis.obj (.text:inv_enable_9x_sensor_fusion)
                  00017602    00000018                   : fast_no_motion.obj (.text:inv_enable_fast_nomot)
                  0001761a    00000018     data_builder.obj (.text:inv_set_accel_orientation_and_scale)
                  00017632    00000018     data_builder.obj (.text:inv_set_compass_orientation_and_scale)
                  0001764a    00000018     data_builder.obj (.text:inv_set_gyro_orientation_and_scale)
                  00017662    00000018     msp430_clock.obj (.text:msp430_get_clock_ms)
                  0001767a    00000018     usb.obj (.text:usbClearDeviceFeature)
                  00017692    00000018     usb.obj (.text:usbSetDeviceFeature)
                  000176aa    00000016     message_layer.obj (.text:inv_get_message_level_0)
                  000176c0    00000016     rts430x_lc_rd.lib : abs.obj (.text:llabs)
                  000176d6    00000016                       : memset.obj (.text:memset)
                  000176ec    00000016                       : div16u.obj (.text)
                  00017702    00000016                       : mult16_f5hw.obj (.text)
                  00017718    00000016                       : strlen.obj (.text:strlen)
                  0001772e    00000016     usb.obj (.text:usbGetConfigurationDescriptor)
                  00017744    00000016     usb.obj (.text:usbGetDeviceDescriptor)
                  0001775a    00000014     usbEventHandling.obj (.text:USB_handleVbusOnEvent)
                  0001776e    00000014     rts430x_lc_rd.lib : vsprintf.obj (.text:_outc)
                  00017782    00000014     libmplmpu.lib : fast_no_motion.obj (.text:inv_fast_nomot_get_time_elaps)
                  00017796    00000014     results_holder.obj (.text:inv_start_results_holder)
                  000177aa    00000014     rts430x_lc_rd.lib : memcpy.obj (.text:memcpy)
                  000177be    00000014     inv_mpu.obj (.text:mpu_get_sample_rate)
                  000177d2    00000014     usb.obj (.text:usbGetConfiguration)
                  000177e6    00000014     usb.obj (.text:usbReceiveDataPacketOnEP0)
                  000177fa    00000012     eMPL_outputs.obj (.text:inv_enable_eMPL_outputs)
                  0001780c    00000012     libmplmpu.lib : quaternion_supervisor.obj (.text:inv_enable_quaternion)
                  0001781e    00000012     results_holder.obj (.text:inv_enable_results_holder)
                  00017830    00000012     libmplmpu.lib : compass_vec_cal.obj (.text:inv_enable_vector_compass_cal)
                  00017842    00000012     data_builder.obj (.text:inv_get_compass_bias)
                  00017854    00000012     eMPL_outputs.obj (.text:inv_get_sensor_type_accel)
                  00017866    00000012     eMPL_outputs.obj (.text:inv_get_sensor_type_compass)
                  00017878    00000012     eMPL_outputs.obj (.text:inv_get_sensor_type_gyro)
                  0001788a    00000012     eMPL_outputs.obj (.text:inv_start_eMPL_outputs)
                  0001789c    00000012     rts430x_lc_rd.lib : toupper.obj (.text:toupper)
                  000178ae    00000012     usb.obj (.text:usbSetInterface)
                  000178c0    00000010     data_builder.obj (.text:inv_db_save_func)
                  000178d0    00000010     results_holder.obj (.text:inv_get_6axis_quaternion)
                  000178e0    00000010     data_builder.obj (.text:inv_get_gyro_bias_tc_set)
                  000178f0    00000010     data_builder.obj (.text:inv_get_mag_accuracy)
                  00017900    00000010     results_holder.obj (.text:inv_set_compass_bias_error)
                  00017910    00000010     libmplmpu.lib : mag_disturb.obj (.text:inv_set_magnetic_disturbance)
                  00017920    00000010     rts430x_lc_rd.lib : lsr32.obj (.text:l_lsr)
                  00017930    00000010     msp430_clock.obj (.text:msp430_get_smclk_freq)
                  00017940    0000000e     data_builder.obj (.text:inv_get_accel_on)
                  0001794e    0000000e     data_builder.obj (.text:inv_get_compass_on)
                  0001795c    0000000e     data_builder.obj (.text:inv_get_gyro)
                  0001796a    0000000e     data_builder.obj (.text:inv_get_gyro_on)
                  00017978    0000000e     results_holder.obj (.text:inv_get_local_field)
                  00017986    0000000e     libmplmpu.lib : fusion_9axis.obj (.text:inv_start_9x_sensor_fusion)
                  00017994    0000000e                   : gyro_tc.obj (.text:inv_start_gyro_tc)
                  000179a2    0000000e                   : mag_disturb.obj (.text:inv_start_magnetic_disturbance)
                  000179b0    0000000e                   : compass_vec_cal.obj (.text:inv_start_vector_compass_cal)
                  000179be    0000000e     rts430x_lc_rd.lib : abs.obj (.text:labs)
                  000179cc    0000000e     inv_mpu.obj (.text:mpu_get_compass_fsr)
                  000179da    0000000e     data_builder.obj (.text:set_sensor_orientation_and_scale)
                  000179e8    0000000e     usb.obj (.text:usbInvalidRequest)
                  000179f6    0000000e     usb.obj (.text:usbSendZeroLengthPacketOnIEP0)
                  00017a04    0000000c     results_holder.obj (.text:inv_get_motion_state)
                  00017a10    0000000c     UsbCdc.obj (.text:usbSetLineCoding)
                  00017a1c    0000000a     rts430x_lc_rd.lib : abs.obj (.text:abs)
                  00017a26    0000000a     inv_mpu_dmp_motion_driver.obj (.text:dmp_get_fifo_rate)
                  00017a30    0000000a     mllite_test.obj (.text:gyro_data_ready_cb)
                  00017a3a    0000000a     storage_manager.obj (.text:inv_get_mpl_state_size)
                  00017a44    0000000a     inv_mpu.obj (.text:mpu_get_fifo_config)
                  00017a4e    0000000a     rts430x_lc_rd.lib : fs_neg.obj (.text)
                  00017a58    0000000a                       : lsl16.obj (.text)
                  00017a62    0000000a                       : lsr16.obj (.text)
                  00017a6c    0000000a     usb.obj (.text:usbStallEndpoint0)
                  00017a76    00000008     usbEventHandling.obj (.text:USBCDC_handleDataReceived)
                  00017a7e    00000008     usbEventHandling.obj (.text:USB_handleVbusOffEvent)
                  00017a86    00000008     usb.obj (.text:USB_setEnabledEvents)
                  00017a8e    00000008     HAL_UCS.obj (.text:XT2_Stop)
                  00017a96    00000008     inv_mpu_dmp_motion_driver.obj (.text:dmp_register_orient_cb)
                  00017a9e    00000008     inv_mpu_dmp_motion_driver.obj (.text:dmp_register_tap_cb)
                  00017aa6    00000008     libmplmpu.lib : fusion_9axis.obj (.text:inv_9x_fusion_enable_jitter_reduction)
                  00017aae    00000008                   : fusion_9axis.obj (.text:inv_9x_fusion_use_timestamps)
                  00017ab6    00000008                   : mag_disturb.obj (.text:inv_disable_dip_tracking)
                  00017abe    00000008     results_holder.obj (.text:inv_generate_results)
                  00017ac6    00000008     UsbCdc.obj (.text:usbSetControlLineState)
                  00017ace    00000006     rts430x_lc_rd.lib : cosf.obj (.text:cosf)
                  00017ad4    00000006     data_builder.obj (.text:inv_accel_was_turned_off)
                  00017ada    00000006     data_builder.obj (.text:inv_compass_was_turned_off)
                  00017ae0    00000006     data_builder.obj (.text:inv_disable_compass_soft_iron_matrix)
                  00017ae6    00000006     results_holder.obj (.text:inv_get_acc_state)
                  00017aec    00000006     data_builder.obj (.text:inv_get_accel_accuracy)
                  00017af2    00000006     results_holder.obj (.text:inv_get_compass_state)
                  00017af8    00000006     data_builder.obj (.text:inv_get_gyro_accuracy)
                  00017afe    00000006     results_holder.obj (.text:inv_get_large_mag_field)
                  00017b04    00000006     libmplmpu.lib : mag_disturb.obj (.text:inv_get_magnetic_disturbance_state)
                  00017b0a    00000006     results_holder.obj (.text:inv_got_compass_bias)
                  00017b10    00000006     data_builder.obj (.text:inv_gyro_was_turned_off)
                  00017b16    00000006     data_builder.obj (.text:inv_quaternion_sensor_was_turned_off)
                  00017b1c    00000006     results_holder.obj (.text:inv_set_compass_bias_found)
                  00017b22    00000006     data_builder.obj (.text:inv_set_compass_disturbance)
                  00017b28    00000006     results_holder.obj (.text:inv_set_compass_state)
                  00017b2e    00000006     rts430x_lc_rd.lib : log.obj (.text:log)
                  00017b34    00000006     mllite_test.obj (.text:msp430_reset)
                  00017b3a    00000006     rts430x_lc_rd.lib : sinf.obj (.text:sinf)
                  00017b40    00000006     usb.obj (.text:usbClearOEP0ByteCount)
                  00017b46    00000006     usb.obj (.text:usbStallOEP0)
                  00017b4c    00000004     usbEventHandling.obj (.text:USBCDC_handleReceiveCompleted)
                  00017b50    00000004     usbEventHandling.obj (.text:USBCDC_handleSendCompleted)
                  00017b54    00000004     usbEventHandling.obj (.text:USBCDC_handleSetLineCoding)
                  00017b58    00000004     usbEventHandling.obj (.text:USB_handleClockEvent)
                  00017b5c    00000004     usbEventHandling.obj (.text:USB_handleEnumCompleteEvent)
                  00017b60    00000004     usbEventHandling.obj (.text:USB_handleResetEvent)
                  00017b64    00000004     usbEventHandling.obj (.text:USB_handleResumeEvent)
                  00017b68    00000004     usbEventHandling.obj (.text:USB_handleSuspendEvent)
                  00017b6c    00000004     rts430x_lc_rd.lib : pre_init.obj (.text:_system_pre_init)
                  00017b70    00000004                       : exit.obj (.text:abort)
                  00017b74    00000002                       : _lock.obj (.text:_nop)

.const     0    00017b76    00001836     
                  00017b76    00000bf9     inv_mpu_dmp_motion_driver.obj (.const:.string:dmp_memory)
                  0001876f    00000001     --HOLE-- [fill = 0]
                  00018770    00000400     ml_math_func.obj (.const:sin_lookup)
                  00018b70    0000026e     mllite_test.obj (.const:.string)
                  00018dde    0000010a     descriptors.obj (.const:tUsbRequestList)
                  00018ee8    00000101     rts430x_lc_rd.lib : ctype.obj (.const:.string:_ctypes_)
                  00018fe9    00000001     --HOLE-- [fill = 0]
                  00018fea    000000b4     inv_mpu.obj (.const:.string)
                  0001909e    0000008a     descriptors.obj (.const:.string:abromStringDescriptor)
                  00019128    0000005e     inv_mpu.obj (.const)
                  00019186    00000048     data_builder.obj (.const:.string)
                  000191ce    00000043     descriptors.obj (.const)
                  00019211    00000001     --HOLE-- [fill = 0]
                  00019212    0000002e     mpl.obj (.const:.string)
                  00019240    0000002c     rts430x_lc_rd.lib : xlog.obj (.const)
                  0001926c    00000024                       : _printfi.obj (.const:.string)
                  00019290    00000020                       : xfatan.obj (.const:a)
                  000192b0    00000012     descriptors.obj (.const:.string:abromDeviceDescriptor)
                  000192c2    00000010     rts430x_lc_rd.lib : xexp.obj (.const)
                  000192d2    00000010                       : xfsin.obj (.const)
                  000192e2    00000010                       : xsin.obj (.const)
                  000192f2    00000010     descriptors.obj (.const:stUsbHandle)
                  00019302    0000000e     mpl.obj (.const:.string:__func__$2)
                  00019310    0000000e     rts430x_lc_rd.lib : pow.obj (.const)
                  0001931e    0000000d     mpl.obj (.const:.string:__func__$1)
                  0001932b    00000001     --HOLE-- [fill = 0]
                  0001932c    0000000c     inv_mpu_dmp_motion_driver.obj (.const:.string:$P$T4$5)
                  00019338    0000000c     rts430x_lc_rd.lib : xfsin.obj (.const:c)
                  00019344    0000000c                       : xlog.obj (.const:p)
                  00019350    0000000c                       : xfsin.obj (.const:s)
                  0001935c    0000000a     libmplmpu.lib : quaternion_supervisor.obj (.const:.string)
                  00019366    00000008     rts430x_lc_rd.lib : xfatan.obj (.const:c)
                  0001936e    00000008                       : xatan.obj (.const)
                  00019376    00000008                       : xfatan.obj (.const)
                  0001937e    00000004                       : acos.obj (.const)
                  00019382    00000004                       : acosf.obj (.const)
                  00019386    00000004                       : asin.obj (.const)
                  0001938a    00000004                       : asinf.obj (.const)
                  0001938e    00000004                       : atan.obj (.const)
                  00019392    00000004                       : xfatan.obj (.const:s)
                  00019396    00000003     inv_mpu_dmp_motion_driver.obj (.const:.string:$P$T0$1)
                  00019399    00000001     --HOLE-- [fill = 0]
                  0001939a    00000003     mllite_test.obj (.const:.string:$P$T0$1)
                  0001939d    00000001     --HOLE-- [fill = 0]
                  0001939e    00000003     inv_mpu_dmp_motion_driver.obj (.const:.string:$P$T1$2)
                  000193a1    00000001     --HOLE-- [fill = 0]
                  000193a2    00000003     inv_mpu_dmp_motion_driver.obj (.const:.string:$P$T2$3)
                  000193a5    00000001     --HOLE-- [fill = 0]
                  000193a6    00000003     inv_mpu_dmp_motion_driver.obj (.const:.string:$P$T3$4)
                  000193a9    00000001     --HOLE-- [fill = 0]
                  000193aa    00000002     inv_mpu_dmp_motion_driver.obj (.const)


GLOBAL SYMBOLS: SORTED ALPHABETICALLY BY Name 

address    name
--------   ----
00002400   .bss
ffffffff   .text
00000700   ADC12CTL0
00000701   ADC12CTL0_H
00000700   ADC12CTL0_L
00000702   ADC12CTL1
00000703   ADC12CTL1_H
00000702   ADC12CTL1_L
00000704   ADC12CTL2
00000705   ADC12CTL2_H
00000704   ADC12CTL2_L
0000070c   ADC12IE
0000070d   ADC12IE_H
0000070c   ADC12IE_L
0000070a   ADC12IFG
0000070b   ADC12IFG_H
0000070a   ADC12IFG_L
0000070e   ADC12IV
0000070f   ADC12IV_H
0000070e   ADC12IV_L
00000710   ADC12MCTL0
00000711   ADC12MCTL1
0000071a   ADC12MCTL10
0000071b   ADC12MCTL11
0000071c   ADC12MCTL12
0000071d   ADC12MCTL13
0000071e   ADC12MCTL14
0000071f   ADC12MCTL15
00000712   ADC12MCTL2
00000713   ADC12MCTL3
00000714   ADC12MCTL4
00000715   ADC12MCTL5
00000716   ADC12MCTL6
00000717   ADC12MCTL7
00000718   ADC12MCTL8
00000719   ADC12MCTL9
00000720   ADC12MEM0
00000721   ADC12MEM0_H
00000720   ADC12MEM0_L
00000722   ADC12MEM1
00000734   ADC12MEM10
00000735   ADC12MEM10_H
00000734   ADC12MEM10_L
00000736   ADC12MEM11
00000737   ADC12MEM11_H
00000736   ADC12MEM11_L
00000738   ADC12MEM12
00000739   ADC12MEM12_H
00000738   ADC12MEM12_L
0000073a   ADC12MEM13
0000073b   ADC12MEM13_H
0000073a   ADC12MEM13_L
0000073c   ADC12MEM14
0000073d   ADC12MEM14_H
0000073c   ADC12MEM14_L
0000073e   ADC12MEM15
0000073f   ADC12MEM15_H
0000073e   ADC12MEM15_L
00000723   ADC12MEM1_H
00000722   ADC12MEM1_L
00000724   ADC12MEM2
00000725   ADC12MEM2_H
00000724   ADC12MEM2_L
00000726   ADC12MEM3
00000727   ADC12MEM3_H
00000726   ADC12MEM3_L
00000728   ADC12MEM4
00000729   ADC12MEM4_H
00000728   ADC12MEM4_L
0000072a   ADC12MEM5
0000072b   ADC12MEM5_H
0000072a   ADC12MEM5_L
0000072c   ADC12MEM6
0000072d   ADC12MEM6_H
0000072c   ADC12MEM6_L
0000072e   ADC12MEM7
0000072f   ADC12MEM7_H
0000072e   ADC12MEM7_L
00000730   ADC12MEM8
00000731   ADC12MEM8_H
00000730   ADC12MEM8_L
00000732   ADC12MEM9
00000733   ADC12MEM9_H
00000732   ADC12MEM9_L
00017b70   C$$EXIT
000008c0   CBCTL0
000008c1   CBCTL0_H
000008c0   CBCTL0_L
000008c2   CBCTL1
000008c3   CBCTL1_H
000008c2   CBCTL1_L
000008c4   CBCTL2
000008c5   CBCTL2_H
000008c4   CBCTL2_L
000008c6   CBCTL3
000008c7   CBCTL3_H
000008c6   CBCTL3_L
000008cc   CBINT
000008cd   CBINT_H
000008cc   CBINT_L
000008ce   CBIV
00000150   CRCDI
00000152   CRCDIRB
00000153   CRCDIRB_H
00000152   CRCDIRB_L
00000151   CRCDI_H
00000150   CRCDI_L
00000154   CRCINIRES
00000155   CRCINIRES_H
00000154   CRCINIRES_L
00000156   CRCRESR
00000157   CRCRESR_H
00000156   CRCRESR_L
00017506   CdcIsReceiveInProgress
00015166   CdcResetData
0000bdf2   CdcToBufferFromHost
0000a61c   CdcToHostFromBuffer
0000d9d6   ComputeAngleVelocity
00011114   CopyUsbToBuff
00000510   DMA0CTL
00000511   DMA0CTL_H
00000510   DMA0CTL_L
00000516   DMA0DA
00000516   DMA0DAL
00000512   DMA0SA
00000512   DMA0SAL
0000051a   DMA0SZ
00000520   DMA1CTL
00000521   DMA1CTL_H
00000520   DMA1CTL_L
00000526   DMA1DA
00000526   DMA1DAL
00000522   DMA1SA
00000522   DMA1SAL
0000052a   DMA1SZ
00000530   DMA2CTL
00000531   DMA2CTL_H
00000530   DMA2CTL_L
00000536   DMA2DA
00000536   DMA2DAL
00000532   DMA2SA
00000532   DMA2SAL
0000053a   DMA2SZ
00000500   DMACTL0
00000501   DMACTL0_H
00000500   DMACTL0_L
00000502   DMACTL1
00000503   DMACTL1_H
00000502   DMACTL1_L
00000504   DMACTL2
00000505   DMACTL2_H
00000504   DMACTL2_L
00000506   DMACTL3
00000507   DMACTL3_H
00000506   DMACTL3_L
00000508   DMACTL4
00000509   DMACTL4_H
00000508   DMACTL4_L
0000050e   DMAIV
0000050f   DMAIV_H
0000050e   DMAIV_L
00000140   FCTL1
00000141   FCTL1_H
00000140   FCTL1_L
00000144   FCTL3
00000145   FCTL3_H
00000144   FCTL3_L
00000146   FCTL4
00000147   FCTL4_H
00000146   FCTL4_L
00016d40   FlashWrite_8
0001726e   Flash_EraseCheck
00017196   Flash_SegmentErase
00015a04   Get_TLV_Info
00015d5c   Handler_SetLineCoding
00004538   I2C_ISR
000174b2   IEP0InterruptHandler
00017a58   I_LSL
00017a62   I_LSR
0001197a   Init_FLL
0001696e   Init_FLL_Settle
00016600   L_ASR_1
000165dc   L_ASR_10
000165d8   L_ASR_11
000165d4   L_ASR_12
000165d0   L_ASR_13
000165cc   L_ASR_14
000165c8   L_ASR_15
000165fc   L_ASR_2
000165f8   L_ASR_3
000165f4   L_ASR_4
000165f0   L_ASR_5
000165ec   L_ASR_6
000165e8   L_ASR_7
000165e4   L_ASR_8
000165e0   L_ASR_9
0001663e   L_LSL_1
0001661a   L_LSL_10
00016616   L_LSL_11
00016612   L_LSL_12
0001660e   L_LSL_13
0001660a   L_LSL_14
00016606   L_LSL_15
0001663a   L_LSL_2
00016636   L_LSL_3
00016632   L_LSL_4
0001662e   L_LSL_5
0001662a   L_LSL_6
00016626   L_LSL_7
00016622   L_LSL_8
0001661e   L_LSL_9
00017920   L_LSR
0001667c   L_LSR_1
00016658   L_LSR_10
00016654   L_LSR_11
00016650   L_LSR_12
0001664c   L_LSR_13
00016648   L_LSR_14
00016644   L_LSR_15
00016678   L_LSR_2
00016674   L_LSR_3
00016670   L_LSR_4
0001666c   L_LSR_5
00016668   L_LSR_6
00016664   L_LSR_7
00016660   L_LSR_8
0001665c   L_LSR_9
000004c4   MAC
000004da   MAC32H
000004db   MAC32H_H
000004da   MAC32H_L
000004d8   MAC32L
000004d9   MAC32L_H
000004d8   MAC32L_L
000004c6   MACS
000004de   MACS32H
000004df   MACS32H_H
000004de   MACS32H_L
000004dc   MACS32L
000004dd   MACS32L_H
000004dc   MACS32L_L
000004c7   MACS_H
000004c6   MACS_L
000004c5   MAC_H
000004c4   MAC_L
000004c0   MPY
000004ec   MPY32CTL0
000004ed   MPY32CTL0_H
000004ec   MPY32CTL0_L
000004d2   MPY32H
000004d3   MPY32H_H
000004d2   MPY32H_L
000004d0   MPY32L
000004d1   MPY32L_H
000004d0   MPY32L_L
000004c2   MPYS
000004d6   MPYS32H
000004d7   MPYS32H_H
000004d6   MPYS32H_L
000004d4   MPYS32L
000004d5   MPYS32L_H
000004d4   MPYS32L_L
000004c3   MPYS_H
000004c2   MPYS_L
000004c1   MPY_H
000004c0   MPY_L
00013f34   Mag3ofNormalizedLong
00015394   MagDisturbCheckSettling
00013570   MagDisturbSetDisturbance
000167e6   OEP0InterruptHandler
000004c8   OP2
000004e2   OP2H
000004e3   OP2H_H
000004e2   OP2H_L
000004e0   OP2L
000004e1   OP2L_H
000004e0   OP2L_L
000004c9   OP2_H
000004c8   OP2_L
0000020e   P1IV
000045fa   P1_ISR
0000021e   P2IV
00004674   P2_ISR
000001e0   P4MAP01
000001e1   P4MAP01_H
000001e0   P4MAP01_L
000001e2   P4MAP23
000001e3   P4MAP23_H
000001e2   P4MAP23_L
000001e4   P4MAP45
000001e5   P4MAP45_H
000001e4   P4MAP45_L
000001e6   P4MAP67
000001e7   P4MAP67_H
000001e6   P4MAP67_L
00000204   PADIR
00000205   PADIR_H
00000204   PADIR_L
00000208   PADS
00000209   PADS_H
00000208   PADS_L
0000021a   PAIE
00000218   PAIES
00000219   PAIES_H
00000218   PAIES_L
0000021b   PAIE_H
0000021a   PAIE_L
0000021c   PAIFG
0000021d   PAIFG_H
0000021c   PAIFG_L
00000200   PAIN
00000201   PAIN_H
00000200   PAIN_L
00000202   PAOUT
00000203   PAOUT_H
00000202   PAOUT_L
00000206   PAREN
00000207   PAREN_H
00000206   PAREN_L
0000020a   PASEL
0000020b   PASEL_H
0000020a   PASEL_L
00000224   PBDIR
00000225   PBDIR_H
00000224   PBDIR_L
00000228   PBDS
00000229   PBDS_H
00000228   PBDS_L
00000220   PBIN
00000221   PBIN_H
00000220   PBIN_L
00000222   PBOUT
00000223   PBOUT_H
00000222   PBOUT_L
00000226   PBREN
00000227   PBREN_H
00000226   PBREN_L
0000022a   PBSEL
0000022b   PBSEL_H
0000022a   PBSEL_L
00000244   PCDIR
00000245   PCDIR_H
00000244   PCDIR_L
00000248   PCDS
00000249   PCDS_H
00000248   PCDS_L
00000240   PCIN
00000241   PCIN_H
00000240   PCIN_L
00000242   PCOUT
00000243   PCOUT_H
00000242   PCOUT_L
00000246   PCREN
00000247   PCREN_H
00000246   PCREN_L
0000024a   PCSEL
0000024b   PCSEL_H
0000024a   PCSEL_L
00000324   PJDIR
00000325   PJDIR_H
00000324   PJDIR_L
00000328   PJDS
00000329   PJDS_H
00000328   PJDS_L
00000320   PJIN
00000321   PJIN_H
00000320   PJIN_L
00000322   PJOUT
00000323   PJOUT_H
00000322   PJOUT_L
00000326   PJREN
00000327   PJREN_H
00000326   PJREN_L
00000130   PM5CTL0
00000131   PM5CTL0_H
00000130   PM5CTL0_L
000001c2   PMAPCTL
000001c3   PMAPCTL_H
000001c2   PMAPCTL_L
000001c0   PMAPKEYID
000001c1   PMAPKEYID_H
000001c0   PMAPKEYID_L
00000120   PMMCTL0
00000121   PMMCTL0_H
00000120   PMMCTL0_L
00000122   PMMCTL1
00000123   PMMCTL1_H
00000122   PMMCTL1_L
0000012c   PMMIFG
0000012d   PMMIFG_H
0000012c   PMMIFG_L
0000012e   PMMRIE
0000012f   PMMRIE_H
0000012e   PMMRIE_L
00015e84   PWRVBUSoffHandler
000169a4   PWRVBUSonHandler
00000158   RCCTL0
00000159   RCCTL0_H
00000158   RCCTL0_L
000001b0   REFCTL0
000001b1   REFCTL0_H
000001b0   REFCTL0_L
000004e4   RES0
000004e5   RES0_H
000004e4   RES0_L
000004e6   RES1
000004e7   RES1_H
000004e6   RES1_L
000004e8   RES2
000004e9   RES2_H
000004e8   RES2_L
000004ea   RES3
000004eb   RES3_H
000004ea   RES3_L
000004cc   RESHI
000004cd   RESHI_H
000004cc   RESHI_L
000004ca   RESLO
000004cb   RESLO_H
000004ca   RESLO_L
000004ba   RTCADOWDAY
000004bb   RTCADOWDAY_H
000004ba   RTCADOWDAY_L
000004b8   RTCAMINHR
000004b9   RTCAMINHR_H
000004b8   RTCAMINHR_L
000004a0   RTCCTL01
000004a1   RTCCTL01_H
000004a0   RTCCTL01_L
000004a2   RTCCTL23
000004a3   RTCCTL23_H
000004a2   RTCCTL23_L
000004b4   RTCDATE
000004b5   RTCDATE_H
000004b4   RTCDATE_L
000004ae   RTCIV
000004ac   RTCPS
000004a8   RTCPS0CTL
000004a9   RTCPS0CTL_H
000004a8   RTCPS0CTL_L
000004aa   RTCPS1CTL
000004ab   RTCPS1CTL_H
000004aa   RTCPS1CTL_L
000004ad   RTCPS_H
000004ac   RTCPS_L
000004b0   RTCTIM0
000004b1   RTCTIM0_H
000004b0   RTCTIM0_L
000004b2   RTCTIM1
000004b3   RTCTIM1_H
000004b2   RTCTIM1_L
000004b6   RTCYEAR
000004b7   RTCYEAR_H
000004b6   RTCYEAR_L
00000100   SFRIE1
00000101   SFRIE1_H
00000100   SFRIE1_L
00000102   SFRIFG1
00000103   SFRIFG1_H
00000102   SFRIFG1_L
00000104   SFRRPCR
00000105   SFRRPCR_H
00000104   SFRRPCR_L
000004ce   SUMEXT
000004cf   SUMEXT_H
000004ce   SUMEXT_L
00000124   SVSMHCTL
00000125   SVSMHCTL_H
00000124   SVSMHCTL_L
00000128   SVSMIO
00000129   SVSMIO_H
00000128   SVSMIO_L
00000126   SVSMLCTL
00000127   SVSMLCTL_H
00000126   SVSMLCTL_L
00000198   SYSBERRIV
00000199   SYSBERRIV_H
00000198   SYSBERRIV_L
00000182   SYSBSLC
00000183   SYSBSLC_H
00000182   SYSBSLC_L
00000180   SYSCTL
00000181   SYSCTL_H
00000180   SYSCTL_L
00000186   SYSJMBC
00000187   SYSJMBC_H
00000186   SYSJMBC_L
00000188   SYSJMBI0
00000189   SYSJMBI0_H
00000188   SYSJMBI0_L
0000018a   SYSJMBI1
0000018b   SYSJMBI1_H
0000018a   SYSJMBI1_L
0000018c   SYSJMBO0
0000018d   SYSJMBO0_H
0000018c   SYSJMBO0_L
0000018e   SYSJMBO1
0000018f   SYSJMBO1_H
0000018e   SYSJMBO1_L
0000019e   SYSRSTIV
0000019f   SYSRSTIV_H
0000019e   SYSRSTIV_L
0000019c   SYSSNIV
0000019d   SYSSNIV_H
0000019c   SYSSNIV_L
0000019a   SYSUNIV
0000019b   SYSUNIV_H
0000019a   SYSUNIV_L
00016216   SetVCore
00015ecc   SetupPacketInterruptHandler
00000352   TA0CCR0
00000354   TA0CCR1
00000356   TA0CCR2
00000358   TA0CCR3
0000035a   TA0CCR4
00000342   TA0CCTL0
00000344   TA0CCTL1
00000346   TA0CCTL2
00000348   TA0CCTL3
0000034a   TA0CCTL4
00000340   TA0CTL
00000360   TA0EX0
0000036e   TA0IV
00000350   TA0R
00000392   TA1CCR0
00000394   TA1CCR1
00000396   TA1CCR2
00000382   TA1CCTL0
00000384   TA1CCTL1
00000386   TA1CCTL2
00000380   TA1CTL
000003a0   TA1EX0
000003ae   TA1IV
00000390   TA1R
00000412   TA2CCR0
00000414   TA2CCR1
00000416   TA2CCR2
00000402   TA2CCTL0
00000404   TA2CCTL1
00000406   TA2CCTL2
00000400   TA2CTL
00000420   TA2EX0
0000042e   TA2IV
00000410   TA2R
000003d2   TB0CCR0
000003d4   TB0CCR1
000003d6   TB0CCR2
000003d8   TB0CCR3
000003da   TB0CCR4
000003dc   TB0CCR5
000003de   TB0CCR6
000003c2   TB0CCTL0
000003c4   TB0CCTL1
000003c6   TB0CCTL2
000003c8   TB0CCTL3
000003ca   TB0CCTL4
000003cc   TB0CCTL5
000003ce   TB0CCTL6
000003c0   TB0CTL
000003e0   TB0EX0
000003ee   TB0IV
000003d0   TB0R
000046ee   TIMERB0_ISR
000005d0   UCA0ABCTL
000005c6   UCA0BRW
000005c7   UCA0BRW_H
000005c6   UCA0BRW_L
000005c0   UCA0CTLW0
000005c1   UCA0CTLW0_H
000005c0   UCA0CTLW0_L
000005dc   UCA0ICTL
000005dd   UCA0ICTL_H
000005dc   UCA0ICTL_L
000005d2   UCA0IRCTL
000005d3   UCA0IRCTL_H
000005d2   UCA0IRCTL_L
000005de   UCA0IV
000005c8   UCA0MCTL
000005cc   UCA0RXBUF
000005ca   UCA0STAT
000005ce   UCA0TXBUF
00000610   UCA1ABCTL
00000606   UCA1BRW
00000607   UCA1BRW_H
00000606   UCA1BRW_L
00000600   UCA1CTLW0
00000601   UCA1CTLW0_H
00000600   UCA1CTLW0_L
0000061c   UCA1ICTL
0000061d   UCA1ICTL_H
0000061c   UCA1ICTL_L
00000612   UCA1IRCTL
00000613   UCA1IRCTL_H
00000612   UCA1IRCTL_L
0000061e   UCA1IV
00000608   UCA1MCTL
0000060c   UCA1RXBUF
0000060a   UCA1STAT
0000060e   UCA1TXBUF
000005e6   UCB0BRW
000005e7   UCB0BRW_H
000005e6   UCB0BRW_L
000005e0   UCB0CTLW0
000005e1   UCB0CTLW0_H
000005e0   UCB0CTLW0_L
000005f0   UCB0I2COA
000005f1   UCB0I2COA_H
000005f0   UCB0I2COA_L
000005f2   UCB0I2CSA
000005f3   UCB0I2CSA_H
000005f2   UCB0I2CSA_L
000005fc   UCB0ICTL
000005fd   UCB0ICTL_H
000005fc   UCB0ICTL_L
000005fe   UCB0IV
000005ec   UCB0RXBUF
000005ea   UCB0STAT
000005ee   UCB0TXBUF
00000626   UCB1BRW
00000627   UCB1BRW_H
00000626   UCB1BRW_L
00000620   UCB1CTLW0
00000621   UCB1CTLW0_H
00000620   UCB1CTLW0_L
00000630   UCB1I2COA
00000631   UCB1I2COA_H
00000630   UCB1I2COA_L
00000632   UCB1I2CSA
00000633   UCB1I2CSA_H
00000632   UCB1I2CSA_L
0000063c   UCB1ICTL
0000063d   UCB1ICTL_H
0000063c   UCB1ICTL_L
0000063e   UCB1IV
0000062c   UCB1RXBUF
0000062a   UCB1STAT
0000062e   UCB1TXBUF
00000160   UCSCTL0
00000161   UCSCTL0_H
00000160   UCSCTL0_L
00000162   UCSCTL1
00000163   UCSCTL1_H
00000162   UCSCTL1_L
00000164   UCSCTL2
00000165   UCSCTL2_H
00000164   UCSCTL2_L
00000166   UCSCTL3
00000167   UCSCTL3_H
00000166   UCSCTL3_L
00000168   UCSCTL4
00000169   UCSCTL4_H
00000168   UCSCTL4_L
0000016a   UCSCTL5
0000016b   UCSCTL5_H
0000016a   UCSCTL5_L
0000016c   UCSCTL6
0000016d   UCSCTL6_H
0000016c   UCSCTL6_L
0000016e   UCSCTL7
0000016f   UCSCTL7_H
0000016e   UCSCTL7_L
00000170   UCSCTL8
00000171   UCSCTL8_H
00000170   UCSCTL8_L
00004730   UNMI_ISR
000129ba   USBCDC_bytesInUSBBuffer
00017a76   USBCDC_handleDataReceived
00017b4c   USBCDC_handleReceiveCompleted
00017b50   USBCDC_handleSendCompleted
00017b54   USBCDC_handleSetLineCoding
0001260c   USBCDC_intfStatus
000089a6   USBCDC_receiveData
000139f2   USBCDC_sendData
00000902   USBCNF
00000903   USBCNF_H
00000902   USBCNF_L
0000093c   USBCTL
0000093a   USBFN
0000093b   USBFN_H
0000093a   USBFN_L
0000093f   USBFUNADR
0000093d   USBIE
00002378   USBIEP0BUF
000023c9   USBIEPBBAX_1
000023d1   USBIEPBBAX_2
000023d9   USBIEPBBAX_3
000023e1   USBIEPBBAX_4
000023e9   USBIEPBBAX_5
000023f1   USBIEPBBAX_6
000023f9   USBIEPBBAX_7
000023cd   USBIEPBBAY_1
000023d5   USBIEPBBAY_2
000023dd   USBIEPBBAY_3
000023e5   USBIEPBBAY_4
000023ed   USBIEPBBAY_5
000023f5   USBIEPBBAY_6
000023fd   USBIEPBBAY_7
000023ca   USBIEPBCTX_1
000023d2   USBIEPBCTX_2
000023da   USBIEPBCTX_3
000023e2   USBIEPBCTX_4
000023ea   USBIEPBCTX_5
000023f2   USBIEPBCTX_6
000023fa   USBIEPBCTX_7
000023ce   USBIEPBCTY_1
000023d6   USBIEPBCTY_2
000023de   USBIEPBCTY_3
000023e6   USBIEPBCTY_4
000023ee   USBIEPBCTY_5
000023f6   USBIEPBCTY_6
000023fe   USBIEPBCTY_7
00000920   USBIEPCNF_0
000023c8   USBIEPCNF_1
000023d0   USBIEPCNF_2
000023d8   USBIEPCNF_3
000023e0   USBIEPCNF_4
000023e8   USBIEPCNF_5
000023f0   USBIEPCNF_6
000023f8   USBIEPCNF_7
00000921   USBIEPCNT_0
0000092e   USBIEPIE
00000930   USBIEPIFG
000023cf   USBIEPSIZXY_1
000023d7   USBIEPSIZXY_2
000023df   USBIEPSIZXY_3
000023e7   USBIEPSIZXY_4
000023ef   USBIEPSIZXY_5
000023f7   USBIEPSIZXY_6
000023ff   USBIEPSIZXY_7
0000093e   USBIFG
00000900   USBKEYID
00000901   USBKEYID_H
00000900   USBKEYID_L
00000936   USBMAINT
00000937   USBMAINT_H
00000936   USBMAINT_L
00002370   USBOEP0BUF
00002389   USBOEPBBAX_1
00002391   USBOEPBBAX_2
00002399   USBOEPBBAX_3
000023a1   USBOEPBBAX_4
000023a9   USBOEPBBAX_5
000023b1   USBOEPBBAX_6
000023b9   USBOEPBBAX_7
0000238d   USBOEPBBAY_1
00002395   USBOEPBBAY_2
0000239d   USBOEPBBAY_3
000023a5   USBOEPBBAY_4
000023ad   USBOEPBBAY_5
000023b5   USBOEPBBAY_6
000023bd   USBOEPBBAY_7
0000238a   USBOEPBCTX_1
00002392   USBOEPBCTX_2
0000239a   USBOEPBCTX_3
000023a2   USBOEPBCTX_4
000023aa   USBOEPBCTX_5
000023b2   USBOEPBCTX_6
000023ba   USBOEPBCTX_7
0000238e   USBOEPBCTY_1
00002396   USBOEPBCTY_2
0000239e   USBOEPBCTY_3
000023a6   USBOEPBCTY_4
000023ae   USBOEPBCTY_5
000023b6   USBOEPBCTY_6
000023be   USBOEPBCTY_7
00000922   USBOEPCNF_0
00002388   USBOEPCNF_1
00002390   USBOEPCNF_2
00002398   USBOEPCNF_3
000023a0   USBOEPCNF_4
000023a8   USBOEPCNF_5
000023b0   USBOEPCNF_6
000023b8   USBOEPCNF_7
00000923   USBOEPCNT_0
0000092f   USBOEPIE
00000931   USBOEPIFG
0000238f   USBOEPSIZXY_1
00002397   USBOEPSIZXY_2
0000239f   USBOEPSIZXY_3
000023a7   USBOEPSIZXY_4
000023af   USBOEPSIZXY_5
000023b7   USBOEPSIZXY_6
000023bf   USBOEPSIZXY_7
00000904   USBPHYCTL
00000905   USBPHYCTL_H
00000904   USBPHYCTL_L
00000910   USBPLLCTL
00000911   USBPLLCTL_H
00000910   USBPLLCTL_L
00000912   USBPLLDIVB
00000913   USBPLLDIVB_H
00000912   USBPLLDIVB_L
00000914   USBPLLIR
00000915   USBPLLIR_H
00000914   USBPLLIR_L
00000908   USBPWRCTL
00000909   USBPWRCTL_H
00000908   USBPWRCTL_L
00001c00   USBSTABUFF
00002380   USBSUBLK
0000236f   USBTOPBUFF
00000938   USBTSREG
00000939   USBTSREG_H
00000938   USBTSREG_L
00000932   USBVECINT
00000933   USBVECINT_H
00000932   USBVECINT_L
000115d6   USB_InitSerialStringDescriptor
000038d2   USB_RX_memcpy
000038ce   USB_TX_memcpy
00017520   USB_connect
00016d70   USB_connectionInfo
00013608   USB_connectionState
00017290   USB_disable
000138da   USB_enable
00017b58   USB_handleClockEvent
00017b5c   USB_handleEnumCompleteEvent
00017b60   USB_handleResetEvent
00017b64   USB_handleResumeEvent
00017b68   USB_handleSuspendEvent
00017a7e   USB_handleVbusOffEvent
0001775a   USB_handleVbusOnEvent
00015280   USB_init
0001681e   USB_initMemcpy
0000e58e   USB_reset
000175a2   USB_resume
00017a86   USB_setEnabledEvents
00016b7e   USB_suspend
0000015c   WDTCTL
0000015d   WDTCTL_H
0000015c   WDTCTL_L
00016a46   XT1_Start
00016da0   XT2_Start
00017a8e   XT2_Stop
000035a6   _Denorm
0001369e   _Dnorm
00010130   _Dscale
00014dec   _Dunscale
000035b6   _Eps
000038f2   _Errno
0000f8a8   _FAtan
000175ba   _FDclass
00003688   _FDenorm
00013966   _FDnorm
000106d2   _FDscale
00016682   _FDtest
00014e50   _FDunscale
00003698   _FEps
000036a8   _FInf
000036b8   _FNan
000036d8   _FRteps
0000bbbc   _FSin
000036c8   _FSnan
000036e8   _FXbig
000036ec   _FZero
000038e6   _Fenv
000169da   _Feraise
000035c6   _Hugeval
000035d6   _Inf
0000adae   _Log
00011c24   _MLPrintLog
000035e6   _Nan
00003606   _Rteps
000035f6   _Snan
000038ea   _Tls_setup__Fenv
00003616   _Xbig
0000361a   _Zero
00004400   __STACK_END
00000400   __STACK_SIZE
00000001   __TI_args_main
00000001   __TI_auto_init
00000001   __TI_exit
00016190   __asrll
ffffffff   __binit__
00002400   __bss__
ffffffff   __c_args__
00004798   __cinit__
00016f10   __divi
00016396   __divli
0000f9ea   __divlli
000176ec   __divu
00015710   __divul
000091fe   __divull
000038f4   __end__
ffffffff   __etext__
00010006   __fs_add
00015df0   __fs_cmp
00013730   __fs_div
00016a10   __fs_itof
00015e3a   __fs_ltof
00012904   __fs_mpy
00017a4e   __fs_neg
00010000   __fs_sub
00014cb8   __fs_toi
0001442a   __fs_tol
0001614a   __fs_tou
00016d0e   __fs_ultof
0001724a   __fs_utof
00016416   __lslll
00016454   __lsrll
00017702   __mpyi_f5hw
0001733a   __mpyl_f5hw
000155b0   __mpyll_f5hw
0001753a   __mpysl_f5hw
00016f68   __mpysll_f5hw
ffffffff   __pinit__
00016f10   __remi
00016396   __remli
000176ec   __remu
00015710   __remul
ffffffff   __text__
00015768   _auto_init
0000476e   _c_int00
0000476e   _c_int00_noexit
000038de   _cleanup_ptr
00018ee8   _ctypes_
000038e2   _dtors_ptr
00013daa   _fixdlli
00011b42   _fltllid
000038d6   _lock
00017b74   _nop
0000ca94   _printfi
0000fffe   _reset_vector
00004000   _stack
00017b6c   _system_pre_init
000038da   _unlock
00002378   abIEP0Buffer
00002370   abOEP0Buffer
000037ac   abUsbRequestIncomingData
000037a4   abUsbRequestReturnData
00017b70   abort
000037b4   abramSerialStringDescriptor
000191ce   abromConfigurationDescriptorGroup
000192b0   abromDeviceDescriptor
0001909e   abromStringDescriptor
00017a1c   abs
000113f6   acosf
00010908   atan2f
00014fe0   atoi
[...]
000008c0   CBCTL0_L
000008c1   CBCTL0_H
000008c2   CBCTL1
000008c2   CBCTL1_L
000008c3   CBCTL1_H
000008c4   CBCTL2
000008c4   CBCTL2_L
000008c5   CBCTL2_H
000008c6   CBCTL3
000008c6   CBCTL3_L
000008c7   CBCTL3_H
000008cc   CBINT
000008cc   CBINT_L
000008cd   CBINT_H
000008ce   CBIV
00000900   USBKEYID
00000900   USBKEYID_L
00000901   USBKEYID_H
00000902   USBCNF
00000902   USBCNF_L
00000903   USBCNF_H
00000904   USBPHYCTL
00000904   USBPHYCTL_L
00000905   USBPHYCTL_H
00000908   USBPWRCTL
00000908   USBPWRCTL_L
00000909   USBPWRCTL_H
00000910   USBPLLCTL
00000910   USBPLLCTL_L
00000911   USBPLLCTL_H
00000912   USBPLLDIVB
00000912   USBPLLDIVB_L
00000913   USBPLLDIVB_H
00000914   USBPLLIR
00000914   USBPLLIR_L
00000915   USBPLLIR_H
00000920   USBIEPCNF_0
00000920   tEndPoint0DescriptorBlock
00000921   USBIEPCNT_0
00000922   USBOEPCNF_0
00000923   USBOEPCNT_0
0000092e   USBIEPIE
0000092f   USBOEPIE
00000930   USBIEPIFG
00000931   USBOEPIFG
00000932   USBVECINT
00000932   USBVECINT_L
00000933   USBVECINT_H
00000936   USBMAINT
00000936   USBMAINT_L
00000937   USBMAINT_H
00000938   USBTSREG
00000938   USBTSREG_L
00000939   USBTSREG_H
0000093a   USBFN
0000093a   USBFN_L
0000093b   USBFN_H
0000093c   USBCTL
0000093d   USBIE
0000093e   USBIFG
0000093f   USBFUNADR
00001c00   USBSTABUFF
00001c00   pbXBufferAddressEp1
00001c40   pbYBufferAddressEp1
00001c80   pbXBufferAddressEp81
00001cc0   pbYBufferAddressEp81
00001d00   pbXBufferAddressEp2
00001d40   pbYBufferAddressEp2
00001d80   pbXBufferAddressEp82
00001dc0   pbYBufferAddressEp82
00001e00   pbXBufferAddressEp3
00001e40   pbYBufferAddressEp3
00001e80   pbXBufferAddressEp83
00001ec0   pbYBufferAddressEp83
00001f00   pbXBufferAddressEp4
00001f40   pbYBufferAddressEp4
00001f80   pbXBufferAddressEp84
00001fc0   pbYBufferAddressEp84
00002000   pbXBufferAddressEp5
00002040   pbYBufferAddressEp5
00002080   pbXBufferAddressEp85
000020c0   pbYBufferAddressEp85
00002100   pbXBufferAddressEp6
00002140   pbYBufferAddressEp6
00002180   pbXBufferAddressEp86
000021c0   pbYBufferAddressEp86
00002200   pbXBufferAddressEp7
00002240   pbYBufferAddressEp7
00002280   pbXBufferAddressEp87
000022c0   pbYBufferAddressEp87
0000236f   USBTOPBUFF
00002370   USBOEP0BUF
00002370   abOEP0Buffer
00002378   USBIEP0BUF
00002378   abIEP0Buffer
00002380   USBSUBLK
00002380   tSetupPacket
00002388   USBOEPCNF_1
00002388   tOutputEndPointDescriptorBlock
00002389   USBOEPBBAX_1
0000238a   USBOEPBCTX_1
0000238d   USBOEPBBAY_1
0000238e   USBOEPBCTY_1
0000238f   USBOEPSIZXY_1
00002390   USBOEPCNF_2
00002391   USBOEPBBAX_2
00002392   USBOEPBCTX_2
00002395   USBOEPBBAY_2
00002396   USBOEPBCTY_2
00002397   USBOEPSIZXY_2
00002398   USBOEPCNF_3
00002399   USBOEPBBAX_3
0000239a   USBOEPBCTX_3
0000239d   USBOEPBBAY_3
0000239e   USBOEPBCTY_3
0000239f   USBOEPSIZXY_3
000023a0   USBOEPCNF_4
000023a1   USBOEPBBAX_4
000023a2   USBOEPBCTX_4
000023a5   USBOEPBBAY_4
000023a6   USBOEPBCTY_4
000023a7   USBOEPSIZXY_4
000023a8   USBOEPCNF_5
000023a9   USBOEPBBAX_5
000023aa   USBOEPBCTX_5
000023ad   USBOEPBBAY_5
000023ae   USBOEPBCTY_5
000023af   USBOEPSIZXY_5
000023b0   USBOEPCNF_6
000023b1   USBOEPBBAX_6
000023b2   USBOEPBCTX_6
000023b5   USBOEPBBAY_6
000023b6   USBOEPBCTY_6
000023b7   USBOEPSIZXY_6
000023b8   USBOEPCNF_7
000023b9   USBOEPBBAX_7
000023ba   USBOEPBCTX_7
000023bd   USBOEPBBAY_7
000023be   USBOEPBCTY_7
000023bf   USBOEPSIZXY_7
000023c8   USBIEPCNF_1
000023c8   tInputEndPointDescriptorBlock
000023c9   USBIEPBBAX_1
000023ca   USBIEPBCTX_1
000023cd   USBIEPBBAY_1
000023ce   USBIEPBCTY_1
000023cf   USBIEPSIZXY_1
000023d0   USBIEPCNF_2
000023d1   USBIEPBBAX_2
000023d2   USBIEPBCTX_2
000023d5   USBIEPBBAY_2
000023d6   USBIEPBCTY_2
000023d7   USBIEPSIZXY_2
000023d8   USBIEPCNF_3
000023d9   USBIEPBBAX_3
000023da   USBIEPBCTX_3
000023dd   USBIEPBBAY_3
000023de   USBIEPBCTY_3
000023df   USBIEPSIZXY_3
000023e0   USBIEPCNF_4
000023e1   USBIEPBBAX_4
000023e2   USBIEPBCTX_4
000023e5   USBIEPBBAY_4
000023e6   USBIEPBCTY_4
000023e7   USBIEPSIZXY_4
000023e8   USBIEPCNF_5
000023e9   USBIEPBBAX_5
000023ea   USBIEPBCTX_5
000023ed   USBIEPBBAY_5
000023ee   USBIEPBCTY_5
000023ef   USBIEPSIZXY_5
000023f0   USBIEPCNF_6
000023f1   USBIEPBBAX_6
000023f2   USBIEPBCTX_6
000023f5   USBIEPBBAY_6
000023f6   USBIEPBCTY_6
000023f7   USBIEPSIZXY_6
000023f8   USBIEPCNF_7
000023f9   USBIEPBBAX_7
000023fa   USBIEPBCTX_7
000023fd   USBIEPBBAY_7
000023fe   USBIEPBCTY_7
000023ff   USBIEPSIZXY_7
00002400   .bss
00002400   __bss__
00002794   cb
00002808   cb_test
0000287c   cb_sim
000028f0   vc
00002a20   fnm
000031e8   s9axis
000033cc   compass_low_pass_filter_coeff
00003490   mag_disturb
000035a6   _Denorm
000035b6   _Eps
000035c6   _Hugeval
000035d6   _Inf
000035e6   _Nan
000035f6   _Snan
00003606   _Rteps
00003616   _Xbig
0000361a   _Zero
00003688   _FDenorm
00003698   _FEps
000036a8   _FInf
000036b8   _FNan
000036c8   _FSnan
000036d8   _FRteps
000036e8   _FXbig
000036ec   _FZero
00003796   wBytesRemainingOnIEP0
00003798   wBytesRemainingOnOEP0
000037a4   abUsbRequestReturnData
000037ac   abUsbRequestIncomingData
000037b4   abramSerialStringDescriptor
000037d6   bStatusAction
000037d7   bFunctionSuspended
000037d8   bEnumerationStatus
000037da   wUsbEventMask
00003830   rx_new
00003832   mpl_key
000038ce   USB_TX_memcpy
000038d2   USB_RX_memcpy
000038d6   _lock
000038da   _unlock
000038de   _cleanup_ptr
000038e2   _dtors_ptr
000038e6   _Fenv
000038ea   _Tls_setup__Fenv
000038f2   _Errno
000038f4   __end__
000038f4   end
00004000   _stack
00004400   __STACK_END
00004400   iUsbInterruptHandler
00004538   I2C_ISR
000045fa   P1_ISR
00004674   P2_ISR
000046ee   TIMERB0_ISR
00004730   UNMI_ISR
0000476e   _c_int00
0000476e   _c_int00_noexit
00004798   __cinit__
00004798   cinit
00004970   inv_compute_bias
00005374   inv_center_sum
00006376   inv_process_compass_only_cal
00006ae0   main
0000713e   inv_perform_9x_fusion
00007cbe   inv_generate_accel_gyro_quaternion
00008118   inv_set_terms
000089a6   USBCDC_receiveData
00008dd2   inv_check_magnetic_disturbance
000091fe   __divull
0000958c   inv_get_sensor_type_euler
00009c8a   inv_fast_nomot_parameter
0000a2fc   inv_generate_fast_nomot
0000a61c   CdcToHostFromBuffer
0000a8be   inv_check_sample_balance
0000adae   _Log
0000b01a   inv_filter_correction_angle
0000b4d0   eMPL_send_data
0000b974   mpu_read_fifo
0000bbbc   _FSin
0000bdf2   CdcToBufferFromHost
0000c242   inv_q_multf
0000c45e   mpu_init
0000c674   mpu_lp_motion_interrupt
0000ca94   _printfi
0000cca2   dmp_read_fifo
0000ceac   inv_generate_gyro_quaternion
0000d0a8   inv_quaternion_to_rotation
0000d2a4   inv_q_normalizef
0000d482   mpu_reset_fifo
0000d656   inv_combine_compass_data
0000d81c   inv_check_sim
0000d9d6   ComputeAngleVelocity
0000db8a   inv_fast_nomot_set_gyro_bias
0000deec   dmp_enable_feature
0000e244   fmodf
0000e3ea   inv_q_mult
0000e58e   USB_reset
0000e8d2   dmp_set_tap_thresh
0000ea70   dmp_set_orientation
0000f084   inv_fast_nomot_store_data
0000f35e   mpu_set_sensors
0000f760   inv_compass_angle
0000f8a8   _FAtan
0000f9ea   __divlli
0000fb2a   mpu_set_bypass
0000fd9c   mpu_run_self_test
0000fed0   inv_get_gravity
0000fffe   _reset_vector
00010000   __fs_sub
00010006   __fs_add
00010130   _Dscale
00010496   sqrt
000105b4   sqrtf
000106d2   _FDscale
000107ee   inv_q_norm4
00010908   atan2f
00010a10   inv_get_sensor_type_heading
0001101a   eMPL_send_quat
00011114   CopyUsbToBuff
0001120c   inv_sort_order_4_T
000113f6   acosf
000115d6   USB_InitSerialStringDescriptor
000116c2   inv_load_mpl_states
000117ac   inv_process_9x_sensor_fusion_cb
00011894   mpu_lp_accel_mode
0001197a   Init_FLL
00011a5e   inv_detect_motion_by_gyro_accel
00011b42   _fltllid
00011c24   _MLPrintLog
00011de4   inv_apply_calibration
00011ec2   msp430_reg_int_cb
00011f9e   mpu_get_compass_reg
0001214a   inv_sensor_data_preprocess
0001221a   mpu_load_firmware
000122e8   dmp_set_interrupt_mode
000123b4   inv_init_mpl
0001247e   inv_register_data_cb
00012546   mpu_read_fifo_stream
0001260c   USBCDC_intfStatus
0001278c   inv_init_maxmin
00012848   inv_save_mpl_states
00012904   __fs_mpy
000129ba   USBCDC_bytesInUSBBuffer
00012a6e   inv_convert_to_body_with_scale
00012bd4   inv_track_dip_angle
00012c86   mpu_set_sample_rate
00012d38   mpu_get_temperature
00012fe0   inv_add_compass_block_data
00013088   msp430_clock_init
00013130   inv_cheap_rand
000131ce   inv_build_compass
0001326a   inv_get_current_calibrated_compass
0001343c   msp430_i2c_read
000134d6   msp430_i2c_write
00013570   MagDisturbSetDisturbance
00013608   USB_connectionState
0001369e   _Dnorm
00013730   __fs_div
000137be   usbDecodeAndProcessUsbRequest
0001384c   usbGetEndpointStatus
000138da   USB_enable
00013966   _FDnorm
000139f2   USBCDC_sendData
00013a7c   inv_build_accel
00013b8e   inv_init_fast_nomot
00013c16   mpu_set_lpf
00013d24   inv_set_gyro_bias
00013daa   _fixdlli
00013e2e   inv_register_load_store
00013eb2   inv_fast_nomot_store_data_compass
00013f34   Mag3ofNormalizedLong
00013fb4   dmp_set_orient_thresh
00014034   ltoa
000140b4   mpu_set_dmp_state
00014134   mpu_set_gyro_fsr
00014232   inv_cheap_gaussian
000142b0   inv_init_vector_compass_cal
0001432e   mpu_read_mem
000143ac   mpu_write_mem
0001442a   __fs_tol
000144a8   mpu_get_accel_reg
00014524   mpu_set_accel_fsr
0001459e   inv_q_addf
00014616   msp430_i2c_enable
00014704   usbGetLineCoding
0001477a   dmp_set_fifo_rate
000147ee   inv_execute_on_data
00014862   msp430_clock_enable
0001494a   mlMatrixVectorMult
000149bc   inv_get_last_timestamp
00014a2c   cdcSendDataInBackground
00014b08   mpu_reg_dump
00014b76   usbSendNextPacketOnIEP0
00014be4   dmp_get_pedometer_walk_time
00014c50   inv_reset_compass_soft_iron_matrix
00014cb8   __fs_toi
00014d20   inv_init_results_holder
00014d86   mpu_configure_fifo
00014dec   _Dunscale
00014e50   _FDunscale
00014eb4   inv_get_linear_accel
00014f18   inv_set_compass_soft_iron_input_data
00014f7c   msp430_int_enable
00014fe0   atoi
00015042   inv_q_rotate
000150a4   inv_set_accel_bias
00015106   mpu_set_int_latched
00015166   CdcResetData
000151c4   inv_q_add
00015280   USB_init
000152dc   inv_init_magnetic_disturbance
00015338   inv_magnetic_disturbance_process
00015394   MagDisturbCheckSettling
000153ee   inv_generate_vector_compass_cal
00015448   inv_record_max_moment_in_no_motion_accel
000154a2   inv_record_max_moment_in_no_motion_gyro
000154fc   inv_set_compass_bias
00015556   mpu_set_compass_sample_rate
000155b0   __mpyll_f5hw
00015608   dmp_get_pedometer_step_count
00015660   inv_record_min_moment_in_motion_accel
000156b8   inv_record_min_moment_in_motion_gyro
00015710   __divul
00015710   __remul
00015768   _auto_init
000157bc   dmp_enable_6x_lp_quat
00015810   dmp_enable_lp_quat
00015864   inv_get_quaternion_set
000158b8   inv_q_invert
0001590c   mpu_get_lpf
00015960   inv_reset_min_max_gyro_accel_statistics
000159b2   usbReceiveNextPacketOnOEP0
00015a04   Get_TLV_Info
00015aa4   inv_set_default_number_of_samples
00015b90   mpu_get_gyro_sens
00015bde   usbGetStringDescriptor
00015c2c   dmp_set_shake_reject_thresh
00015c78   inv_init_data_builder
00015cc4   inv_q_invertf
00015d10   inv_start_fast_nomot
00015d5c   Handler_SetLineCoding
00015da6   inv_start_mpl
00015df0   __fs_cmp
00015e3a   __fs_ltof
00015e84   PWRVBUSoffHandler
00015ecc   SetupPacketInterruptHandler
00015f14   inv_init_9x_fusion
00015fa4   usbSetEndpointFeature
00016078   inv_fast_nomot_reset_data_compass
000160be   inv_init_quaternion
00016104   mpu_get_accel_sens
0001614a   __fs_tou
00016190   __asrll
000161d4   inv_start_quaternion
00016216   SetVCore
00016256   cdcReceiveDataInBuffer
00016296   inv_build_gyro
000162d6   inv_checksum
00016316   inv_set_motion_state
00016356   mpu_get_accel_fsr
00016396   __divli
00016396   __remli
000163d6   usbClearEndpointFeature
00016416   __lslll
00016454   __lsrll
00016492   inv_fast_nomot_parameter_compass
000164d0   inv_get_gyro_sum_of_sqr
0001650e   inv_set_accel_sample_rate
0001654c   inv_set_compass_sample_rate
0001658a   inv_set_gyro_sample_rate
000165c8   L_ASR_15
000165cc   L_ASR_14
000165d0   L_ASR_13
000165d4   L_ASR_12
000165d8   L_ASR_11
000165dc   L_ASR_10
000165e0   L_ASR_9
000165e4   L_ASR_8
000165e8   L_ASR_7
000165ec   L_ASR_6
000165f0   L_ASR_5
000165f4   L_ASR_4
000165f8   L_ASR_3
000165fc   L_ASR_2
00016600   L_ASR_1
00016606   L_LSL_15
0001660a   L_LSL_14
0001660e   L_LSL_13
00016612   L_LSL_12
00016616   L_LSL_11
0001661a   L_LSL_10
0001661e   L_LSL_9
00016622   L_LSL_8
00016626   L_LSL_7
0001662a   L_LSL_6
0001662e   L_LSL_5
00016632   L_LSL_4
00016636   L_LSL_3
0001663a   L_LSL_2
0001663e   L_LSL_1
00016644   L_LSR_15
00016648   L_LSR_14
0001664c   L_LSR_13
00016650   L_LSR_12
00016654   L_LSR_11
00016658   L_LSR_10
0001665c   L_LSR_9
00016660   L_LSR_8
00016664   L_LSR_7
00016668   L_LSR_6
0001666c   L_LSR_5
00016670   L_LSR_4
00016674   L_LSR_3
00016678   L_LSR_2
0001667c   L_LSR_1
00016682   _FDtest
000166be   dmp_set_pedometer_walk_time
000166fa   inv_get_compass_set
00016736   mpu_get_gyro_fsr
00016772   inv_get_quaternion
000167ac   vsprintf
000167e6   OEP0InterruptHandler
0001681e   USB_initMemcpy
0001688e   inv_init_check_sample_balance
000168c6   inv_init_gyro_ts
000168fe   inv_reset_data_collection
00016936   signal
0001696e   Init_FLL_Settle
000169a4   PWRVBUSonHandler
000169da   _Feraise
00016a10   __fs_itof
00016a46   XT1_Start
00016a7a   dmp_set_tap_axes
00016aae   feraiseexcept
00016ae2   inv_enable_gyro_tc
00016b16   inv_get_accel_set
00016b4a   msp430_delay_ms
00016b7e   USB_suspend
00016bb0   dmp_set_pedometer_step_count
00016be2   inv_build_quat
00016c14   inv_cosf
00016caa   memccpy
00016cdc   raise
00016d0e   __fs_ultof
00016d40   FlashWrite_8
00016d70   USB_connectionInfo
00016da0   XT2_Start
00016dd0   inv_get_gyro_set
00016e30   inv_sinf
00016e5e   memmove
00016e8c   inv_execute_mpl_start_notification
00016eb8   inv_get_sensor_type_quat
00016f10   __divi
00016f10   __remi
00016f3c   usbGetDeviceStatus
00016f68   __mpysll_f5hw
00016f92   inv_get_compass_soft_iron_output_data
00016fbc   inv_get_sensor_type_rot_mat
00016fe6   inv_orientation_matrix_to_scalar
00017010   memcpyV
0001703a   dmp_set_tap_count
00017062   inv_get_gyro_bias
0001708a   memcpyDMA0
000170b2   dmp_set_orient_time
000170d8   dmp_set_shake_reject_time
000170fe   dmp_set_shake_reject_timeout
00017124   dmp_set_tap_time
0001714a   dmp_set_tap_time_multi
00017170   inv_build_temp
00017196   Flash_SegmentErase
000171de   inv_set_compass_correction
00017202   inv_store_gaming_quaternion
00017226   msp430_i2c_disable
0001724a   __fs_utof
0001726e   Flash_EraseCheck
00017290   USB_disable
000172d4   inv_init_storage_manager
000172f6   inv_register_mpl_start_notification
00017318   msp430_int_init
0001733a   __mpyl_f5hw
0001735c   usbSendDataPacketOnEP0
0001739e   inv_get_compass_correction
000173be   usbSetAddress
000173de   usbSetConfiguration
000173fe   inv_init_check_sample_balance_parameter
0001743a   inv_init_start_manager
00017458   inv_set_message
00017476   usbGetInterface
00017494   usbGetInterfaceStatus
000174b2   IEP0InterruptHandler
000174ce   dmp_set_orient_axes
000174ea   inv_set_quat_sample_rate
00017506   CdcIsReceiveInProgress
00017520   USB_connect
0001753a   __mpysl_f5hw
00017554   inv_enable_magnetic_disturbance
0001756e   inv_q29_mult
00017588   inv_q30_mult
000175a2   USB_resume
000175ba   _FDclass
000175d2   dmp_load_motion_driver_firmware
000175ea   inv_enable_9x_sensor_fusion
00017602   inv_enable_fast_nomot
0001761a   inv_set_accel_orientation_and_scale
00017632   inv_set_compass_orientation_and_scale
0001764a   inv_set_gyro_orientation_and_scale
00017662   msp430_get_clock_ms
0001767a   usbClearDeviceFeature
00017692   usbSetDeviceFeature
000176aa   inv_get_message_level_0
000176c0   llabs
000176d6   memset
000176ec   __divu
000176ec   __remu
00017702   __mpyi_f5hw
00017718   strlen
0001772e   usbGetConfigurationDescriptor
00017744   usbGetDeviceDescriptor
0001775a   USB_handleVbusOnEvent
00017782   inv_fast_nomot_get_time_elaps
00017796   inv_start_results_holder
000177aa   memcpy
000177be   mpu_get_sample_rate
000177d2   usbGetConfiguration
000177e6   usbReceiveDataPacketOnEP0
000177fa   inv_enable_eMPL_outputs
0001780c   inv_enable_quaternion
0001781e   inv_enable_results_holder
00017830   inv_enable_vector_compass_cal
00017842   inv_get_compass_bias
00017854   inv_get_sensor_type_accel
00017866   inv_get_sensor_type_compass
00017878   inv_get_sensor_type_gyro
0001789c   toupper
000178ae   usbSetInterface
000178d0   inv_get_6axis_quaternion
000178e0   inv_get_gyro_bias_tc_set
000178f0   inv_get_mag_accuracy
00017900   inv_set_compass_bias_error
00017910   inv_set_magnetic_disturbance
00017920   L_LSR
00017930   msp430_get_smclk_freq
00017940   inv_get_accel_on
0001794e   inv_get_compass_on
0001795c   inv_get_gyro
0001796a   inv_get_gyro_on
00017978   inv_get_local_field
00017986   inv_start_9x_sensor_fusion
00017994   inv_start_gyro_tc
000179a2   inv_start_magnetic_disturbance
000179b0   inv_start_vector_compass_cal
000179be   labs
000179cc   mpu_get_compass_fsr
000179da   set_sensor_orientation_and_scale
000179e8   usbInvalidRequest
000179f6   usbSendZeroLengthPacketOnIEP0
00017a04   inv_get_motion_state
00017a10   usbSetLineCoding
00017a1c   abs
00017a26   dmp_get_fifo_rate
00017a3a   inv_get_mpl_state_size
00017a44   mpu_get_fifo_config
00017a4e   __fs_neg
00017a58   I_LSL
00017a62   I_LSR
00017a6c   usbStallEndpoint0
00017a76   USBCDC_handleDataReceived
00017a7e   USB_handleVbusOffEvent
00017a86   USB_setEnabledEvents
00017a8e   XT2_Stop
00017a96   dmp_register_orient_cb
00017a9e   dmp_register_tap_cb
00017aa6   inv_9x_fusion_enable_jitter_reduction
00017aae   inv_9x_fusion_use_timestamps
00017ab6   inv_disable_dip_tracking
00017abe   inv_generate_results
00017ac6   usbSetControlLineState
00017ace   cosf
00017ad4   inv_accel_was_turned_off
00017ada   inv_compass_was_turned_off
00017ae0   inv_disable_compass_soft_iron_matrix
00017ae6   inv_get_acc_state
00017aec   inv_get_accel_accuracy
00017af2   inv_get_compass_state
00017af8   inv_get_gyro_accuracy
00017afe   inv_get_large_mag_field
00017b04   inv_get_magnetic_disturbance_state
00017b0a   inv_got_compass_bias
00017b10   inv_gyro_was_turned_off
00017b16   inv_quaternion_sensor_was_turned_off
00017b1c   inv_set_compass_bias_found
00017b22   inv_set_compass_disturbance
00017b28   inv_set_compass_state
00017b2e   log
00017b3a   sinf
00017b40   usbClearOEP0ByteCount
00017b46   usbStallOEP0
00017b4c   USBCDC_handleReceiveCompleted
00017b50   USBCDC_handleSendCompleted
00017b54   USBCDC_handleSetLineCoding
00017b58   USB_handleClockEvent
00017b5c   USB_handleEnumCompleteEvent
00017b60   USB_handleResetEvent
00017b64   USB_handleResumeEvent
00017b68   USB_handleSuspendEvent
00017b6c   _system_pre_init
00017b70   C$$EXIT
00017b70   abort
00017b74   _nop
00018770   sin_lookup
00018dde   tUsbRequestList
00018ee8   _ctypes_
0001909e   abromStringDescriptor
00019128   reg
00019150   hw
0001915e   test
000191ce   abromConfigurationDescriptorGroup
000192b0   abromDeviceDescriptor
000192f2   stUsbHandle
ffffffff   .text
ffffffff   __binit__
ffffffff   __c_args__
ffffffff   __etext__
ffffffff   __pinit__
ffffffff   __text__
ffffffff   binit
ffffffff   etext
ffffffff   pinit

[1292 symbols]
